################################################################################
#                                                                              #
#      IAR Universal Linker V6.4.6.89                                          #
#                                                                              #
#           Link time     =  14/Jul/2022  11:24:31                             #
#           Target CPU    =  MSP430                                            #
#           List file     =  D:\GP224MHz_2Mhz\Release\List\CSSBV1.0.map        #
#           Output file 1 =  D:\GP224MHz_2Mhz\Release\Exe\CSSBV1.0.txt         #
#                            Format: msp430_txt                                #
#           Command line  =  -f C:\Users\86188\AppData\Local\Temp\EWB333.tmp   #
#                            (D:\GP224MHz_2Mhz\Release\Obj\cluster.r43         #
#                            D:\GP224MHz_2Mhz\Release\Obj\DataSave.r43         #
#                            D:\GP224MHz_2Mhz\Release\Obj\Flash.r43            #
#                            D:\GP224MHz_2Mhz\Release\Obj\functions.r43        #
#                            D:\GP224MHz_2Mhz\Release\Obj\IR.r43               #
#                            D:\GP224MHz_2Mhz\Release\Obj\Keybord.r43          #
#                            D:\GP224MHz_2Mhz\Release\Obj\lcd.r43              #
#                            D:\GP224MHz_2Mhz\Release\Obj\main.r43             #
#                            D:\GP224MHz_2Mhz\Release\Obj\mbus.r43             #
#                            D:\GP224MHz_2Mhz\Release\Obj\params.r43           #
#                            D:\GP224MHz_2Mhz\Release\Obj\RS485.r43            #
#                            D:\GP224MHz_2Mhz\Release\Obj\rtc.r43              #
#                            D:\GP224MHz_2Mhz\Release\Obj\TDC-GP22.r43         #
#                            D:\GP224MHz_2Mhz\Release\Obj\TimerA0.r43          #
#                            D:\GP224MHz_2Mhz\Release\Obj\timerA1.r43          #
#                            D:\GP224MHz_2Mhz\Release\Obj\timerB0.r43          #
#                            D:\GP224MHz_2Mhz\Release\Obj\UCS.r43 -o           #
#                            D:\GP224MHz_2Mhz\Release\Exe\CSSBV1.0.txt         #
#                            -Fmsp430_txt -l                                   #
#                            D:\GP224MHz_2Mhz\Release\List\CSSBV1.0.map -xms   #
#                            "-ID:\Program Files (x86)\IAR Systems\Embedded Wo #
#                            rkbench 8.0\430\LIB\"                             #
#                            -f                                                #
#                            "D:\Program Files (x86)\IAR Systems\Embedded Work #
#                            bench 8.0\430\config\linker\lnk430f5438a.xcl"     #
#                            (-cmsp430 -D?CPU30_OFFSET=2 -QCODE_I=CODE_ID      #
#                            -QTLS16_I=TLS16_ID -D__iar_HWMUL=4C0              #
#                            -Z(CONST)INFO=1800-19FF                           #
#                            -Z(CONST)INFOA=1980-19FF                          #
#                            -Z(CONST)INFOB=1900-197F                          #
#                            -Z(CONST)INFOC=1880-18FF                          #
#                            -Z(CONST)INFOD=1800-187F                          #
#                            -Z(DATA)DATA16_I,DATA16_Z,DATA16_N,TLS16_I=1C00-5 #
#                            BFF                                               #
#                            -Z(DATA)DATA16_HEAP+_DATA16_HEAP_SIZE             #
#                            -Z(DATA)CODE_I                                    #
#                            -Z(DATA)DATA20_I,DATA20_Z,DATA20_N,DATA20_HEAP+_D #
#                            ATA20_HEAP_SIZE                                   #
#                            -Z(DATA)CSTACK+_STACK_SIZE#                       #
#                            -Z(CONST)DATA16_C,DATA16_ID,TLS16_ID,DIFUNCT,CHEC #
#                            KSUM=5C00-FF7F                                    #
#                            -Z(CODE)CSTART,ISR_CODE,CODE16=5C00-FF7F          #
#                            -P(CODE)CODE=5C00-FF7F,10000-45BFF                #
#                            -Z(CONST)DATA20_C,DATA20_ID,CODE_ID=5C00-FF7F,100 #
#                            40-45BFF                                          #
#                            -Z(CODE)INTVEC=FF80-FFFF                          #
#                            -Z(CODE)RESET=FFFE-FFFF) -f                       #
#                            "D:\Program Files (x86)\IAR Systems\Embedded Work #
#                            bench 8.0\430\config\linker\multiplier32.xcl"     #
#                            (-e?Mul8Hw=?Mul8 -e?Mul16Hw=?Mul16                #
#                            -e?Mul16to32uHw=?Mul16to32u                       #
#                            -e?Mul16to32sHw=?Mul16to32s -e?Mul32Hw32=?Mul32   #
#                            -e?Mul64Hw32=_Mul64i                              #
#                            -e?Mul32u32uto64iHw32=_Mul32u32uto64i             #
#                            -e?Mul32fHw32=_Mul32f                             #
#                            -e_Mul64fHw32Ptr=_Mul64fPtr) -D_STACK_SIZE=A0     #
#                            "D:\Program Files (x86)\IAR Systems\Embedded Work #
#                            bench 8.0\430\lib\dlib\dl430xllfn.r43"            #
#                            -e_PrintfFull=_Printf -e_ScanfFull=_Scanf         #
#                            -D_DATA16_HEAP_SIZE=A0 -s __program_start         #
#                            -D_DATA20_HEAP_SIZE=50                            #
#                            "D:\Program Files (x86)\IAR Systems\Embedded Work #
#                            bench 8.0\430\lib\MathLib\MSPMATHLIB_IAR_msp430_C #
#                            PUX_large_code_large_data.lib"                    #
#                            -f                                                #
#                            "D:\Program Files (x86)\IAR Systems\Embedded Work #
#                            bench 8.0\430\config\linker\mathlib32.xcl")       #
#                            (-eacosf=acos -eacosf=acosl -easinf=asin          #
#                            -easinf=asinl -eatan2f=atan2 -eatan2f=atan2l      #
#                            -eatanf=atan -eatanf=atanl -ecosf=cos             #
#                            -ecosf=cosl -eexpf=exp -eexpf=expl -efabsf=fabs   #
#                            -efabsf=fabsl -efmodf=fmod -efmodf=fmodl          #
#                            -elogf=log -elogf=logl -esinf=sin -esinf=sinl     #
#                            -e__iar_Sin_MathLib=__iar_Sin -esqrtf=sqrt        #
#                            -esqrtf=sqrtl -etanf=tan -etanf=tanl)             #
#                                                                              #
#                           Copyright (C) 1987-2016 IAR Systems AB.            #
################################################################################





                ****************************************
                *                                      *
                *           CROSS REFERENCE            *
                *                                      *
                ****************************************

       Program entry at :           5C00  Relocatable, from module : ?cstart




                ****************************************
                *                                      *
                *            RUNTIME MODEL             *
                *                                      *
                ****************************************

  __Heap_Handler             = Basic
  __SystemLibrary            = DLib
  __code_model               = large
  __core                     = 430X
  __data_model               = large
  __dlib_file_descriptor     = 0
  __dlib_full_locale_support = 0
  __double_size              = 32
  __pic                      = no
  __reg_r4                   = free
  __reg_r5                   = free
  __rt_version               = 3

                ****************************************
                *                                      *
                *    AUTOMATIC SYMBOL REDIRECTIONS     *
                *                                      *
                ****************************************

                  There are no automatic symbol redirections.



                ****************************************
                *                                      *
                *              MODULE MAP              *
                *                                      *
                ****************************************


  DEFINED ABSOLUTE ENTRIES
    *************************************************************************

  DEFINED ABSOLUTE ENTRIES
  PROGRAM MODULE, NAME : ?ABS_ENTRY_MOD

Absolute parts
           ENTRY                   ADDRESS         REF BY
           =====                   =======         ======
           _DATA20_HEAP_SIZE       0050 
           _DATA16_HEAP_SIZE       00A0 
           _STACK_SIZE             00A0 
           __iar_HWMUL             04C0            ?Mul16to32sHw (?Mul16to32sHw)
                                                   ?Mul32Hw32 (?Mul32Hw32)
                                                   ?Mul32fHw32 (?Mul32fHw32)
                                                   CalcVolume (TDC-GP22)
                                                   Display_Cum_Icon (lcd)
                                                   Display_Temp_Icon (lcd)
                                                   Display_TimeOfFlight_Icon (lcd)
                                                   Print_Information (RS485)
                                                   Segment part 1 (?Mul8Hw)
                                                   Segment part 10 (IR)
                                                   Segment part 109 (lcd)
                                                   Segment part 11 (IR)
                                                   Segment part 110 (lcd)
                                                   Segment part 112 (lcd)
                                                   Segment part 114 (lcd)
                                                   Segment part 115 (lcd)
                                                   Segment part 118 (lcd)
                                                   Segment part 119 (lcd)
                                                   Segment part 12 (IR)
                                                   Segment part 121 (lcd)
                                                   Segment part 123 (lcd)
                                                   Segment part 124 (lcd)
                                                   Segment part 125 (lcd)
                                                   Segment part 127 (lcd)
                                                   Segment part 128 (lcd)
                                                   Segment part 129 (lcd)
                                                   Segment part 13 (IR)
                                                   Segment part 130 (lcd)
                                                   Segment part 131 (lcd)
                                                   Segment part 132 (lcd)
                                                   Segment part 134 (lcd)
                                                   Segment part 17 (IR)
                                                   Segment part 18 (IR)
                                                   Segment part 19 (IR)
                                                   Segment part 20 (IR)
                                                   Segment part 21 (IR)
                                                   Segment part 22 (IR)
                                                   Segment part 23 (IR)
                                                   Segment part 72 (lcd)
                                                   Segment part 78 (lcd)
                                                   Segment part 79 (lcd)
                                                   Segment part 80 (lcd)
                                                   Segment part 81 (lcd)
                                                   Segment part 82 (lcd)
                                                   Segment part 89 (TDC-GP22)
                                                   Segment part 94 (lcd)
                                                   Segment part 95 (lcd)
                                                   Segment part 97 (lcd)
                                                   decodeIrReceiveCJ188Frame (IR)
                                                   ultrasonicTimeOfFlightMeasure (TDC-GP22)
           ?CPU30_OFFSET           0002 
    *************************************************************************

  FILE NAME : D:\GP224MHz_2Mhz\Release\Obj\cluster.r43
    *************************************************************************

  FILE NAME : D:\GP224MHz_2Mhz\Release\Obj\DataSave.r43
  PROGRAM MODULE, NAME : DataSave

  SEGMENTS IN THE MODULE
  ======================
<CODE> 1 (was CODE)
  Relative segment, address: 7E2C - 7EAD (0x82 bytes), align: 1
  Segment part 4.             Intra module refs:   saveDayCum
                                                   saveMonthCum
    -------------------------------------------------------------------------
<CODE> 1 (was CODE)
  Relative segment, address: 7EAE - 7EB1 (0x4 bytes), align: 1
  Segment part 5.             Intra module refs:   Segment part 4
    -------------------------------------------------------------------------
<CODE> 1 (was CODE)
  Relative segment, address: 7EB2 - 7EBD (0xc bytes), align: 1
  Segment part 6.             Intra module refs:   Segment part 5
    -------------------------------------------------------------------------
<CODE> 1 (was CODE)
  Relative segment, address: 7EBE - 7EC7 (0xa bytes), align: 1
  Segment part 12.            Intra module refs:   Segment part 17
    -------------------------------------------------------------------------
<CODE> 1 (was CODE)
  Relative segment, address: 7EC8 - 7F4D (0x86 bytes), align: 1
  Segment part 14.
           ENTRY                   ADDRESS         REF BY
           =====                   =======         ======
           saveMonthCum            7EC8            rtc (rtc)
               calls direct
    -------------------------------------------------------------------------
<CODE> 1 (was CODE)
  Relative segment, address: 7F4E - 7FCB (0x7e bytes), align: 1
  Segment part 15.
           ENTRY                   ADDRESS         REF BY
           =====                   =======         ======
           readMonthCum            7F4E            decodeIrReceiveCJ188Frame (IR)
               calls direct
    -------------------------------------------------------------------------
<CODE> 1 (was CODE)
  Relative segment, address: 7FCC - 804B (0x80 bytes), align: 1
  Segment part 16.            Intra module refs:   readDayCum
                                                   readMonthCum
    -------------------------------------------------------------------------
<CODE> 1 (was CODE)
  Relative segment, address: 804C - 8061 (0x16 bytes), align: 1
  Segment part 17.            Intra module refs:   Segment part 16
    -------------------------------------------------------------------------
<CODE> 1 (was CODE)
  Relative segment, address: 8062 - 81AD (0x14c bytes), align: 1
  Segment part 18.
           ENTRY                   ADDRESS         REF BY
           =====                   =======         ======
           saveDayCum              8062            rtc (rtc)
               calls direct
    -------------------------------------------------------------------------
<CODE> 1 (was CODE)
  Relative segment, address: 81AE - 81BD (0x10 bytes), align: 1
  Segment part 19.            Intra module refs:   Segment part 22
                                                   saveDayCum
                                                   saveMonthCum
    -------------------------------------------------------------------------
<CODE> 1 (was CODE)
  Relative segment, address: 81BE - 81CB (0xe bytes), align: 1
  Segment part 20.            Intra module refs:   Segment part 19
                                                   Segment part 4
    -------------------------------------------------------------------------
<CODE> 1 (was CODE)
  Relative segment, address: 81CC - 8313 (0x148 bytes), align: 1
  Segment part 21.
           ENTRY                   ADDRESS         REF BY
           =====                   =======         ======
           readDayCum              81CC            decodeIrReceiveCJ188Frame (IR)
               calls direct
    -------------------------------------------------------------------------
<CODE> 1 (was CODE)
  Relative segment, address: B4F0 - B4FB (0xc bytes), align: 1
  Segment part 22.            Intra module refs:   readDayCum
                                                   readMonthCum
    -------------------------------------------------------------------------
<CODE> 1 (was CODE)
  Relative segment, address: B59A - B59B (0x2 bytes), align: 1
  Segment part 23.
           ENTRY                   ADDRESS         REF BY
           =====                   =======         ======
           readSystemParam         B59A            main (main)

    *************************************************************************

  FILE NAME : D:\GP224MHz_2Mhz\Release\Obj\Flash.r43
  PROGRAM MODULE, NAME : Flash

  SEGMENTS IN THE MODULE
  ======================
DATA16_AN
  Relative segment, address: 0282 - 0283 (0x2 bytes), align: 0
  Segment part 1. ROOT        Intra module refs:   Init_Flash
                                                   SPI_Flash_Erase_Sector
                                                   SPI_Flash_Read_Buffer
                                                   SPI_Flash_Wait_Busy
                                                   SPI_Flash_Write_Buffer
                                                   SPI_Flash_Write_Enable
                                                   calibrateResonator (TDC-GP22)
                                                   calibrateResonatorTDCGP21 (TDC-GP22)
                                                   initConfigureRegisterTDCGP21 (TDC-GP22)
                                                   initMeasureTDCGP21 (TDC-GP22)
                                                   initSPI (TDC-GP22)
                                                   powerCloseIR (timerB0)
                                                   powerOnResetTDCGP21 (TDC-GP22)
                                                   readIDbytesTDCGP21 (TDC-GP22)
                                                   readPW1STRegisterTDCGP22 (TDC-GP22)
                                                   readRegisterTDCGP21 (TDC-GP22)
                                                   readStatusRegisterTDCGP21 (TDC-GP22)
                                                   resetTDCGP21 (TDC-GP22)
                                                   tempStartTDCGP21 (TDC-GP22)
                                                   timeFlightStartTDCGP21 (TDC-GP22)
                                                   ultrasonicTimeOfFlightMeasure (TDC-GP22)
           ENTRY                   ADDRESS         REF BY
           =====                   =======         ======
           _A_PEOUT_L              0282 
    -------------------------------------------------------------------------
DATA16_AN
  Relative segment, address: 0284 - 0285 (0x2 bytes), align: 0
  Segment part 2. ROOT        Intra module refs:   Init_Flash
                                                   initIR (timerB0)
                                                   initRS485 (RS485)
                                                   initSPI (TDC-GP22)
           ENTRY                   ADDRESS         REF BY
           =====                   =======         ======
           _A_PEDIR_L              0284 
    -------------------------------------------------------------------------
DATA16_AN
  Relative segment, address: 028A - 028B (0x2 bytes), align: 0
  Segment part 3. ROOT        Intra module refs:   Init_Flash
                                                   initRS485 (RS485)
                                                   initSPI (TDC-GP22)
           ENTRY                   ADDRESS         REF BY
           =====                   =======         ======
           _A_PESEL_L              028A 
    -------------------------------------------------------------------------
DATA16_AN
  Relative segment, address: 02A2 - 02A3 (0x2 bytes), align: 0
  Segment part 4. ROOT        Intra module refs:   Init_Flash
                                                   SPI_Flash_PowerOff
                                                   SPI_Flash_PowerOn
           ENTRY                   ADDRESS         REF BY
           =====                   =======         ======
           _A_PFOUT_L              02A2 
    -------------------------------------------------------------------------
DATA16_AN
  Relative segment, address: 02A4 - 02A5 (0x2 bytes), align: 0
  Segment part 5. ROOT        Intra module refs:   Init_Flash
           ENTRY                   ADDRESS         REF BY
           =====                   =======         ======
           _A_PFDIR_L              02A4 
    -------------------------------------------------------------------------
DATA16_AN
  Relative segment, address: 06A0 - 06A1 (0x2 bytes), align: 0
  Segment part 6. ROOT        Intra module refs:   Init_Flash
           ENTRY                   ADDRESS         REF BY
           =====                   =======         ======
           _A_UCB3CTLW0_L          06A0 
    -------------------------------------------------------------------------
DATA16_AN
  Relative segment, address: 06A6 - 06A7 (0x2 bytes), align: 0
  Segment part 7. ROOT        Intra module refs:   Init_Flash
           ENTRY                   ADDRESS         REF BY
           =====                   =======         ======
           _A_UCB3BRW_L            06A6 
    -------------------------------------------------------------------------
DATA16_AN
  Relative segment, address: 06AC - 06AC (0x1 bytes), align: 0
  Segment part 8. ROOT        Intra module refs:   SPI_Flash_Read_Buffer
                                                   SPI_Flash_Wait_Busy
           ENTRY                   ADDRESS         REF BY
           =====                   =======         ======
           UCB3RXBUF               06AC 
    -------------------------------------------------------------------------
DATA16_AN
  Relative segment, address: 06AE - 06AE (0x1 bytes), align: 0
  Segment part 9. ROOT        Intra module refs:   SPI_Flash_Read_Buffer
                                                   SPI_Flash_Wait_Busy
                                                   SPI_Flash_WriteByte
                                                   SPI_Flash_Write_Buffer
           ENTRY                   ADDRESS         REF BY
           =====                   =======         ======
           UCB3TXBUF               06AE 
    -------------------------------------------------------------------------
DATA16_AN
  Relative segment, address: 06BC - 06BD (0x2 bytes), align: 0
  Segment part 10. ROOT       Intra module refs:   Init_Flash
                                                   SPI_Flash_Read_Buffer
                                                   SPI_Flash_Wait_Busy
                                                   SPI_Flash_WriteByte
                                                   SPI_Flash_Write_Buffer
           ENTRY                   ADDRESS         REF BY
           =====                   =======         ======
           _A_UCB3ICTL_L           06BC 
    -------------------------------------------------------------------------
<CODE> 1 (was CODE)
  Relative segment, address: 98BA - 98F9 (0x40 bytes), align: 1
  Segment part 12.
           ENTRY                   ADDRESS         REF BY
           =====                   =======         ======
           Init_Flash              98BA            main (main)
    -------------------------------------------------------------------------
<CODE> 1 (was CODE)
  Relative segment, address: 98FA - 98FF (0x6 bytes), align: 1
  Segment part 13.            Intra module refs:   Init_Flash
                                                   SPI_Flash_PowerOff
    -------------------------------------------------------------------------
<CODE> 1 (was CODE)
  Relative segment, address: 9900 - 9905 (0x6 bytes), align: 1
  Segment part 15.            Intra module refs:   SPI_Flash_Erase_Sector
                                                   SPI_Flash_Write_Enable
           ENTRY                   ADDRESS         REF BY
           =====                   =======         ======
           SPI_Flash_WriteByte     9900 
    -------------------------------------------------------------------------
<CODE> 1 (was CODE)
  Relative segment, address: 9906 - 9915 (0x10 bytes), align: 1
  Segment part 16.            Intra module refs:   Segment part 25
           ENTRY                   ADDRESS         REF BY
           =====                   =======         ======
           SPI_Flash_Write_Enable
                                   9906 
               calls direct
    -------------------------------------------------------------------------
<CODE> 1 (was CODE)
  Relative segment, address: 9916 - 991B (0x6 bytes), align: 1
  Segment part 17.            Intra module refs:   SPI_Flash_Wait_Busy
                                                   SPI_Flash_Write_Enable
    -------------------------------------------------------------------------
<CODE> 1 (was CODE)
  Relative segment, address: 991C - 9939 (0x1e bytes), align: 1
  Segment part 18.            Intra module refs:   SPI_Flash_Erase_Sector
                                                   SPI_Flash_Write_Buffer
           ENTRY                   ADDRESS         REF BY
           =====                   =======         ======
           SPI_Flash_Wait_Busy     991C 
    -------------------------------------------------------------------------
<CODE> 1 (was CODE)
  Relative segment, address: 993A - 998D (0x54 bytes), align: 1
  Segment part 19.
           ENTRY                   ADDRESS         REF BY
           =====                   =======         ======
           SPI_Flash_Read_Buffer   993A            Segment part 19 (DataSave)
    -------------------------------------------------------------------------
<CODE> 1 (was CODE)
  Relative segment, address: 998E - 999F (0x12 bytes), align: 1
  Segment part 20.            Intra module refs:   SPI_Flash_Read_Buffer
                                                   SPI_Flash_Wait_Busy
    -------------------------------------------------------------------------
<CODE> 1 (was CODE)
  Relative segment, address: 99A0 - 99F7 (0x58 bytes), align: 1
  Segment part 21.
           ENTRY                   ADDRESS         REF BY
           =====                   =======         ======
           SPI_Flash_Write_Buffer
                                   99A0            Segment part 5 (DataSave)
               calls direct
    -------------------------------------------------------------------------
<CODE> 1 (was CODE)
  Relative segment, address: 99F8 - 99FF (0x8 bytes), align: 1
  Segment part 22.            Intra module refs:   SPI_Flash_Read_Buffer
                                                   SPI_Flash_WriteByte
                                                   SPI_Flash_Write_Buffer
    -------------------------------------------------------------------------
<CODE> 1 (was CODE)
  Relative segment, address: 9A00 - 9A2D (0x2e bytes), align: 1
  Segment part 23.
           ENTRY                   ADDRESS         REF BY
           =====                   =======         ======
           SPI_Flash_Erase_Sector
                                   9A00            Segment part 4 (DataSave)
               calls direct
    -------------------------------------------------------------------------
<CODE> 1 (was CODE)
  Relative segment, address: 9A2E - 9A37 (0xa bytes), align: 1
  Segment part 25.            Intra module refs:   SPI_Flash_Erase_Sector
                                                   SPI_Flash_Write_Buffer
    -------------------------------------------------------------------------
<CODE> 1 (was CODE)
  Relative segment, address: 9A38 - 9A3B (0x4 bytes), align: 1
  Segment part 28.
           ENTRY                   ADDRESS         REF BY
           =====                   =======         ======
           SPI_Flash_PowerOff      9A38            Segment part 16 (DataSave)
                                                   Segment part 6 (DataSave)
    -------------------------------------------------------------------------
<CODE> 1 (was CODE)
  Relative segment, address: B456 - B463 (0xe bytes), align: 1
  Segment part 29.
           ENTRY                   ADDRESS         REF BY
           =====                   =======         ======
           SPI_Flash_PowerOn       B456            Segment part 19 (DataSave)

    *************************************************************************

  FILE NAME : D:\GP224MHz_2Mhz\Release\Obj\functions.r43
  PROGRAM MODULE, NAME : functions

  SEGMENTS IN THE MODULE
  ======================
<CODE> 1 (was CODE)
  Relative segment, address: AC98, align: 1
  Segment part 3.
           ENTRY                   ADDRESS         REF BY
           =====                   =======         ======
           dectoBCD                AC98            decodeIrReceiveCJ188Frame (IR)
    -------------------------------------------------------------------------
<CODE> 1 (was CODE)
  Relative segment, address: AC98 - ACDB (0x44 bytes), align: 1
  Segment part 4.             Intra module refs:   dectoBCD
    -------------------------------------------------------------------------
<CODE> 1 (was CODE)
  Relative segment, address: B3A0 - B3AD (0xe bytes), align: 1
  Segment part 5.
           ENTRY                   ADDRESS         REF BY
           =====                   =======         ======
           BCDtoDec                B3A0            Display_Date_Icon (lcd)
    -------------------------------------------------------------------------
<CODE> 1 (was CODE)
  Relative segment, address: A812 - A895 (0x84 bytes), align: 1
  Segment part 6.
           ENTRY                   ADDRESS         REF BY
           =====                   =======         ======
           dotHextoDotDec          A812            Segment part 104 (TDC-GP22)
                                                   calibrateResonator (TDC-GP22)
                                                   tempMeasure (TDC-GP22)
               calls direct
    -------------------------------------------------------------------------
<CODE> 1 (was CODE)
  Relative segment, address: B51C - B525 (0xa bytes), align: 1
  Segment part 7.             Intra module refs:   dotHextoDotDec
    -------------------------------------------------------------------------
<CODE> 1 (was CODE)
  Relative segment, address: B4B4 - B4BF (0xc bytes), align: 1
  Segment part 8.             Intra module refs:   Segment part 7
                                                   dotHextoDotDec
    -------------------------------------------------------------------------
<CODE> 1 (was CODE)
  Relative segment, address: B530 - B539 (0xa bytes), align: 1
  Segment part 9.             Intra module refs:   dotHextoDotDec
    -------------------------------------------------------------------------
<CODE> 1 (was CODE)
  Relative segment, address: B360 - B36F (0x10 bytes), align: 1
  Segment part 10.
           ENTRY                   ADDRESS         REF BY
           =====                   =======         ======
           sumCheck                B360            Segment part 26 (IR)
                                                   judgeIrCJ188FrameIsCorrect (IR)
    -------------------------------------------------------------------------
<CODE> 1 (was CODE)
  Relative segment, address: AB24, align: 1
  Segment part 11.
           ENTRY                   ADDRESS         REF BY
           =====                   =======         ======
           reverseHighLowBit       AB24            Timer0_B0 (timerB0)
    -------------------------------------------------------------------------
<CODE> 1 (was CODE)
  Relative segment, address: AB24 - AB73 (0x50 bytes), align: 1
  Segment part 12.            Intra module refs:   reverseHighLowBit

    *************************************************************************

  FILE NAME : D:\GP224MHz_2Mhz\Release\Obj\IR.r43
  PROGRAM MODULE, NAME : IR

  SEGMENTS IN THE MODULE
  ======================
<CODE> 1 (was CODE)
  Relative segment, address: AE10, align: 1
  Segment part 3.             Intra module refs:   decodeIrReceiveCJ188Frame
           ENTRY                   ADDRESS         REF BY
           =====                   =======         ======
           Init_IR_Send_Buf        AE10 
    -------------------------------------------------------------------------
<CODE> 1 (was CODE)
  Relative segment, address: AE10 - AE41 (0x32 bytes), align: 1
  Segment part 4.             Intra module refs:   Init_IR_Send_Buf
                                                   Init_IR_Send_Buf_ReadMeterAddress
    -------------------------------------------------------------------------
<CODE> 1 (was CODE)
  Relative segment, address: AE42 - AE45 (0x4 bytes), align: 1
  Segment part 5.             Intra module refs:   decodeIrReceiveCJ188Frame
           ENTRY                   ADDRESS         REF BY
           =====                   =======         ======
           Init_IR_Send_Buf_ReadMeterAddress
                                   AE42 
    -------------------------------------------------------------------------
<CODE> 1 (was CODE)
  Relative segment, address: 87D0 - 8B93 (0x3c4 bytes), align: 1
  Segment part 6.             Intra module refs:   doDecodeIR
           ENTRY                   ADDRESS         REF BY
           =====                   =======         ======
           decodeIrReceiveCJ188Frame
                                   87D0 
               calls direct
    -------------------------------------------------------------------------
<CODE> 1 (was CODE)
  Relative segment, address: B508 - B511 (0xa bytes), align: 1
  Segment part 7.             Intra module refs:   decodeIrReceiveCJ188Frame
    -------------------------------------------------------------------------
<CODE> 1 (was CODE)
  Relative segment, address: B380 - B38F (0x10 bytes), align: 1
  Segment part 8.             Intra module refs:   decodeIrReceiveCJ188Frame
    -------------------------------------------------------------------------
<CODE> 1 (was CODE)
  Relative segment, address: B4A8 - B4B3 (0xc bytes), align: 1
  Segment part 9.             Intra module refs:   decodeIrReceiveCJ188Frame
    -------------------------------------------------------------------------
<CODE> 1 (was CODE)
  Relative segment, address: B3CA - B3D7 (0xe bytes), align: 1
  Segment part 10.            Intra module refs:   Segment part 18
                                                   Segment part 21
                                                   decodeIrReceiveCJ188Frame
    -------------------------------------------------------------------------
<CODE> 1 (was CODE)
  Relative segment, address: B43A - B447 (0xe bytes), align: 1
  Segment part 11.            Intra module refs:   Segment part 15
                                                   Segment part 18
                                                   Segment part 21
                                                   decodeIrReceiveCJ188Frame
    -------------------------------------------------------------------------
<CODE> 1 (was CODE)
  Relative segment, address: AF92 - AF9D (0xc bytes), align: 1
  Segment part 12.            Intra module refs:   decodeIrReceiveCJ188Frame
    -------------------------------------------------------------------------
<CODE> 1 (was CODE)
  Relative segment, address: AF9E - AFBB (0x1e bytes), align: 1
  Segment part 13.            Intra module refs:   Segment part 12
                                                   Segment part 15
    -------------------------------------------------------------------------
<CODE> 1 (was CODE)
  Relative segment, address: B10E - B117 (0xa bytes), align: 1
  Segment part 14.            Intra module refs:   decodeIrReceiveCJ188Frame
    -------------------------------------------------------------------------
<CODE> 1 (was CODE)
  Relative segment, address: B118 - B12D (0x16 bytes), align: 1
  Segment part 15.            Intra module refs:   Segment part 14
                                                   decodeIrReceiveCJ188Frame
    -------------------------------------------------------------------------
<CODE> 1 (was CODE)
  Relative segment, address: B55E - B565 (0x8 bytes), align: 1
  Segment part 16.            Intra module refs:   Segment part 15
                                                   Segment part 27
                                                   decodeIrReceiveCJ188Frame
    -------------------------------------------------------------------------
<CODE> 1 (was CODE)
  Relative segment, address: AF38 - AF53 (0x1c bytes), align: 1
  Segment part 17.            Intra module refs:   decodeIrReceiveCJ188Frame
    -------------------------------------------------------------------------
<CODE> 1 (was CODE)
  Relative segment, address: AF54 - AF65 (0x12 bytes), align: 1
  Segment part 18.            Intra module refs:   Segment part 17
                                                   Segment part 27
    -------------------------------------------------------------------------
<CODE> 1 (was CODE)
  Relative segment, address: B480 - B48D (0xe bytes), align: 1
  Segment part 19.            Intra module refs:   Segment part 18
                                                   decodeIrReceiveCJ188Frame
    -------------------------------------------------------------------------
<CODE> 1 (was CODE)
  Relative segment, address: B00E - B023 (0x16 bytes), align: 1
  Segment part 20.            Intra module refs:   decodeIrReceiveCJ188Frame
    -------------------------------------------------------------------------
<CODE> 1 (was CODE)
  Relative segment, address: B024 - B035 (0x12 bytes), align: 1
  Segment part 21.            Intra module refs:   Segment part 20
                                                   decodeIrReceiveCJ188Frame
    -------------------------------------------------------------------------
<CODE> 1 (was CODE)
  Relative segment, address: B340 - B34F (0x10 bytes), align: 1
  Segment part 22.            Intra module refs:   Segment part 17
                                                   Segment part 20
    -------------------------------------------------------------------------
<CODE> 1 (was CODE)
  Relative segment, address: B42C - B439 (0xe bytes), align: 1
  Segment part 23.            Intra module refs:   Segment part 21
                                                   decodeIrReceiveCJ188Frame
    -------------------------------------------------------------------------
<CODE> 1 (was CODE)
  Relative segment, address: B41E - B42B (0xe bytes), align: 1
  Segment part 24.            Intra module refs:   decodeIrReceiveCJ188Frame
    -------------------------------------------------------------------------
<CODE> 1 (was CODE)
  Relative segment, address: B410 - B41D (0xe bytes), align: 1
  Segment part 25.            Intra module refs:   decodeIrReceiveCJ188Frame
    -------------------------------------------------------------------------
<CODE> 1 (was CODE)
  Relative segment, address: B584 - B589 (0x6 bytes), align: 1
  Segment part 26.            Intra module refs:   decodeIrReceiveCJ188Frame
    -------------------------------------------------------------------------
<CODE> 1 (was CODE)
  Relative segment, address: B05C - B073 (0x18 bytes), align: 1
  Segment part 27.            Intra module refs:   decodeIrReceiveCJ188Frame
    -------------------------------------------------------------------------
<CODE> 1 (was CODE)
  Relative segment, address: B074 - B081 (0xe bytes), align: 1
  Segment part 28.            Intra module refs:   Segment part 27
                                                   Segment part 9
                                                   decodeIrReceiveCJ188Frame
    -------------------------------------------------------------------------
<CODE> 1 (was CODE)
  Relative segment, address: B232 - B249 (0x18 bytes), align: 1
  Segment part 29.            Intra module refs:   Segment part 27
                                                   decodeIrReceiveCJ188Frame
    -------------------------------------------------------------------------
<CODE> 1 (was CODE)
  Relative segment, address: A896 - A919 (0x84 bytes), align: 1
  Segment part 30.            Intra module refs:   doDecodeIR
           ENTRY                   ADDRESS         REF BY
           =====                   =======         ======
           judgeIrCJ188FrameIsCorrect
                                   A896 
               calls direct
    -------------------------------------------------------------------------
DATA20_Z
  Relative segment, address: 235E - 235E (0x1 bytes), align: 0
  Segment part 2.             Intra module refs:   doDecodeIR
           ENTRY                   ADDRESS         REF BY
           =====                   =======         ======
           judgeIrCmdStartFlag     235E 
    -------------------------------------------------------------------------
<CODE> 1 (was CODE)
  Relative segment, address: A46E - A52B (0xbe bytes), align: 1
  Segment part 31.
           ENTRY                   ADDRESS         REF BY
           =====                   =======         ======
           doDecodeIR              A46E            MeterLoop (main)
               calls direct

    *************************************************************************

  FILE NAME : D:\GP224MHz_2Mhz\Release\Obj\Keybord.r43
  PROGRAM MODULE, NAME : Keybord

  SEGMENTS IN THE MODULE
  ======================
DATA16_AN
  Relative segment, address: 0200 - 0201 (0x2 bytes), align: 0
  Segment part 1. ROOT        Intra module refs:   PORT1
                                                   Timer0_B0 (timerB0)
                                                   TimerA1ISR (timerA1)
           ENTRY                   ADDRESS         REF BY
           =====                   =======         ======
           _A_PAIN_L               0200 
    -------------------------------------------------------------------------
DATA16_AN
  Relative segment, address: 0204 - 0205 (0x2 bytes), align: 0
  Segment part 2. ROOT        Intra module refs:   Init_Keybord
                                                   initIR (timerB0)
                                                   initRS485 (RS485)
                                                   initSPI (TDC-GP22)
           ENTRY                   ADDRESS         REF BY
           =====                   =======         ======
           _A_PADIR_L              0204 
    -------------------------------------------------------------------------
DATA16_AN
  Relative segment, address: 0218 - 0219 (0x2 bytes), align: 0
  Segment part 3. ROOT        Intra module refs:   Init_Keybord
                                                   initIR (timerB0)
                                                   initSPI (TDC-GP22)
           ENTRY                   ADDRESS         REF BY
           =====                   =======         ======
           _A_PAIES_L              0218 
    -------------------------------------------------------------------------
DATA16_AN
  Relative segment, address: 021A - 021B (0x2 bytes), align: 0
  Segment part 4. ROOT        Intra module refs:   Enable_Keybord
                                                   Init_Keybord
                                                   PORT1
                                                   initIR (timerB0)
                                                   initSPI (TDC-GP22)
                                                   powerCloseIR (timerB0)
           ENTRY                   ADDRESS         REF BY
           =====                   =======         ======
           _A_PAIE_L               021A 
    -------------------------------------------------------------------------
DATA16_AN
  Relative segment, address: 021C - 021D (0x2 bytes), align: 0
  Segment part 5. ROOT        Intra module refs:   PORT1
                                                   PORT2 (TDC-GP22)
           ENTRY                   ADDRESS         REF BY
           =====                   =======         ======
           _A_PAIFG_L              021C 
    -------------------------------------------------------------------------
<CODE> 1 (was CODE)
  Relative segment, address: B3AE - B3BB (0xe bytes), align: 1
  Segment part 8.
           ENTRY                   ADDRESS         REF BY
           =====                   =======         ======
           Init_Keybord            B3AE            main (main)
    -------------------------------------------------------------------------
<CODE> 1 (was CODE)
  Relative segment, address: B57E - B583 (0x6 bytes), align: 1
  Segment part 9.
           ENTRY                   ADDRESS         REF BY
           =====                   =======         ======
           Enable_Keybord          B57E            TimerA1ISR (timerA1)
    -------------------------------------------------------------------------
<CODE> 1 (was CODE)
  Relative segment, address: 9722 - 98B9 (0x198 bytes), align: 1
  Segment part 11.
           ENTRY                   ADDRESS         REF BY
           =====                   =======         ======
           doKeyPressL             9722            MeterLoop (main)
               calls direct
    -------------------------------------------------------------------------
<CODE> 1 (was CODE)
  Relative segment, address: B556 - B55D (0x8 bytes), align: 1
  Segment part 12.            Intra module refs:   doKeyPressL
    -------------------------------------------------------------------------
<CODE> 1 (was CODE)
  Relative segment, address: B54E - B555 (0x8 bytes), align: 1
  Segment part 13.            Intra module refs:   doKeyPressL
    -------------------------------------------------------------------------
<CODE> 1 (was CODE)
  Relative segment, address: B290 - B2A5 (0x16 bytes), align: 1
  Segment part 14.            Intra module refs:   doKeyPressL
    -------------------------------------------------------------------------
ISR_CODE
  Relative segment, address: 5C30 - 5C8B (0x5c bytes), align: 1
  Segment part 15.            Intra module refs:   PORT1::??INTVEC 94
           ENTRY                   ADDRESS         REF BY
           =====                   =======         ======
           PORT1                   5C30 
               interrupt function
               calls direct
    -------------------------------------------------------------------------
INTVEC
  Common segment, address: FF80 - FFDF (0x60 bytes), align: 1
  Segment part 6. ROOT 
           ENTRY                   ADDRESS         REF BY
           =====                   =======         ======
           PORT1::??INTVEC 94      FFDE 

    *************************************************************************

  FILE NAME : D:\GP224MHz_2Mhz\Release\Obj\lcd.r43
  PROGRAM MODULE, NAME : lcd

  SEGMENTS IN THE MODULE
  ======================
DATA16_AN
  Relative segment, address: 0222 - 0223 (0x2 bytes), align: 0
  Segment part 1. ROOT        Intra module refs:   ClearLCD
                                                   Display_IR_Icon
                                                   Display_TimeOfFlight_Icon
                                                   InitLCD
                                                   ht1621_write_com
                                                   ht1621_write_data
           ENTRY                   ADDRESS         REF BY
           =====                   =======         ======
           _A_PBOUT_L              0222 
    -------------------------------------------------------------------------
DATA16_AN
  Relative segment, address: 0224 - 0225 (0x2 bytes), align: 0
  Segment part 2. ROOT        Intra module refs:   InitLCD
                                                   Init_TimerB0_IRRecive (timerB0)
                                                   Init_TimerB0_IRSend (timerB0)
                                                   initIR (timerB0)
           ENTRY                   ADDRESS         REF BY
           =====                   =======         ======
           _A_PBDIR_L              0224 
    -------------------------------------------------------------------------
DATA20_C
  Relative segment, address: BD6E - BD79 (0xc bytes), align: 0
  Segment part 4.             Intra module refs:   Display_Cum_Icon
                                                   Display_Date_Icon
                                                   Display_Temp_Icon
                                                   Display_TimeOfFlight_Icon
                                                   Segment part 107
                                                   Segment part 108
                                                   Segment part 71
                                                   Segment part 84
                                                   Segment part 86
           ENTRY                   ADDRESS         REF BY
           =====                   =======         ======
           digit                   BD6E 
    -------------------------------------------------------------------------
DATA20_Z
  Relative segment, address: 235F - 2376 (0x18 bytes), align: 0
  Segment part 5.             Intra module refs:   ClearLCD
                                                   Display_Alarm_Icon
                                                   Display_Cum_Icon
                                                   Display_Date_Icon
                                                   Display_IR_Icon
                                                   Display_Temp_Icon
                                                   Display_TimeOfFlight_Icon
                                                   Display_WaterRunning_Icon
           ENTRY                   ADDRESS         REF BY
           =====                   =======         ======
           seg                     235F 
    -------------------------------------------------------------------------
<CODE> 1 (was CODE)
  Relative segment, address: 9176 - 9199 (0x24 bytes), align: 1
  Segment part 6.             Intra module refs:   InitLCD
           ENTRY                   ADDRESS         REF BY
           =====                   =======         ======
           ht1621_write_com        9176 
    -------------------------------------------------------------------------
<CODE> 1 (was CODE)
  Relative segment, address: 919A - 919F (0x6 bytes), align: 1
  Segment part 7.             Intra module refs:   ht1621_write_com
                                                   ht1621_write_data
    -------------------------------------------------------------------------
<CODE> 1 (was CODE)
  Relative segment, address: 91A0 - 91DF (0x40 bytes), align: 1
  Segment part 8.             Intra module refs:   Display_Cum_Icon
                                                   Display_Date_Icon
                                                   Display_TimeOfFlight_Icon
                                                   Segment part 154
                                                   Segment part 34
                                                   Segment part 40
           ENTRY                   ADDRESS         REF BY
           =====                   =======         ======
           ht1621_write_data       91A0 
    -------------------------------------------------------------------------
<CODE> 1 (was CODE)
  Relative segment, address: 91E0 - 91ED (0xe bytes), align: 1
  Segment part 9.             Intra module refs:   ht1621_write_com
                                                   ht1621_write_data
    -------------------------------------------------------------------------
<CODE> 1 (was CODE)
  Relative segment, address: 91EE - 9205 (0x18 bytes), align: 1
  Segment part 10.            Intra module refs:   Segment part 158
                                                   ht1621_write_com
                                                   ht1621_write_data
    -------------------------------------------------------------------------
<CODE> 1 (was CODE)
  Relative segment, address: 9206 - 9211 (0xc bytes), align: 1
  Segment part 11.            Intra module refs:   ht1621_write_com
                                                   ht1621_write_data
    -------------------------------------------------------------------------
<CODE> 1 (was CODE)
  Relative segment, address: 9212 - 9221 (0x10 bytes), align: 1
  Segment part 12.            Intra module refs:   Segment part 11
    -------------------------------------------------------------------------
<CODE> 1 (was CODE)
  Relative segment, address: 9222 - 9265 (0x44 bytes), align: 1
  Segment part 13.            Intra module refs:   Display_Cum_Icon
                                                   Display_Date_Icon
                                                   Display_Temp_Icon
                                                   InitLCD
           ENTRY                   ADDRESS         REF BY
           =====                   =======         ======
           ClearLCD                9222 
    -------------------------------------------------------------------------
<CODE> 1 (was CODE)
  Relative segment, address: 9266 - 9267 (0x2 bytes), align: 1
  Segment part 14.            Intra module refs:   ClearLCD
                                                   Display_IR_Icon
                                                   Display_TimeOfFlight_Icon
    -------------------------------------------------------------------------
<CODE> 1 (was CODE)
  Relative segment, address: 9268 - 926B (0x4 bytes), align: 1
  Segment part 15.            Intra module refs:   InitLCD
                                                   Segment part 11
                                                   Segment part 14
    -------------------------------------------------------------------------
<CODE> 1 (was CODE)
  Relative segment, address: 926C - 9271 (0x6 bytes), align: 1
  Segment part 16.            Intra module refs:   ClearLCD
                                                   Display_IR_Icon
                                                   Display_TimeOfFlight_Icon
                                                   InitLCD
                                                   Segment part 15
                                                   ht1621_write_com
    -------------------------------------------------------------------------
<CODE> 1 (was CODE)
  Relative segment, address: 9272 - 9313 (0xa2 bytes), align: 1
  Segment part 18.
           ENTRY                   ADDRESS         REF BY
           =====                   =======         ======
           InitLCD                 9272            main (main)
               calls direct
    -------------------------------------------------------------------------
<CODE> 1 (was CODE)
  Relative segment, address: 9314 - 9321 (0xe bytes), align: 1
  Segment part 19.            Intra module refs:   InitLCD
    -------------------------------------------------------------------------
<CODE> 1 (was CODE)
  Relative segment, address: 9322 - 932F (0xe bytes), align: 1
  Segment part 20.            Intra module refs:   ClearLCD
                                                   InitLCD
    -------------------------------------------------------------------------
<CODE> 1 (was CODE)
  Relative segment, address: 9330 - 9345 (0x16 bytes), align: 1
  Segment part 21.            Intra module refs:   InitLCD
    -------------------------------------------------------------------------
<CODE> 1 (was CODE)
  Relative segment, address: 9346 - 935D (0x18 bytes), align: 1
  Segment part 22.            Intra module refs:   InitLCD
    -------------------------------------------------------------------------
<CODE> 1 (was CODE)
  Relative segment, address: 935E - 9365 (0x8 bytes), align: 1
  Segment part 24.            Intra module refs:   Display_TimeOfFlight_Icon
                                                   Segment part 10
                                                   Segment part 12
                                                   Segment part 147
                                                   Segment part 16
                                                   Segment part 21
                                                   Segment part 22
                                                   Segment part 31
    -------------------------------------------------------------------------
<CODE> 1 (was CODE)
  Relative segment, address: 9366 - 9373 (0xe bytes), align: 1
  Segment part 27.            Intra module refs:   ht1621_write_com
    -------------------------------------------------------------------------
<CODE> 1 (was CODE)
  Relative segment, address: 9374 - 9377 (0x4 bytes), align: 1
  Segment part 28.            Intra module refs:   Segment part 157
    -------------------------------------------------------------------------
<CODE> 1 (was CODE)
  Relative segment, address: 9378 - 937F (0x8 bytes), align: 1
  Segment part 29.            Intra module refs:   Display_TimeOfFlight_Icon
                                                   InitLCD
                                                   Segment part 146
                                                   Segment part 156
                                                   Segment part 158
                                                   Segment part 19
                                                   Segment part 20
                                                   Segment part 27
                                                   Segment part 28
                                                   Segment part 9
                                                   ht1621_write_data
    -------------------------------------------------------------------------
<CODE> 1 (was CODE)
  Relative segment, address: 9380 - 9387 (0x8 bytes), align: 1
  Segment part 30.            Intra module refs:   Display_TimeOfFlight_Icon
                                                   InitLCD
                                                   Segment part 10
                                                   Segment part 147
                                                   Segment part 16
                                                   Segment part 21
                                                   Segment part 22
                                                   ht1621_write_data
    -------------------------------------------------------------------------
<CODE> 1 (was CODE)
  Relative segment, address: B4D8 - B4DB (0x4 bytes), align: 1
  Segment part 31.            Intra module refs:   ClearLCD
                                                   Display_IR_Icon
                                                   Display_TimeOfFlight_Icon
                                                   InitLCD
    -------------------------------------------------------------------------
<CODE> 1 (was CODE)
  Relative segment, address: B4DC - B4E3 (0x8 bytes), align: 1
  Segment part 32.            Intra module refs:   Display_TimeOfFlight_Icon
                                                   Segment part 11
                                                   Segment part 21
                                                   Segment part 22
                                                   Segment part 31
                                                   ht1621_write_com
    -------------------------------------------------------------------------
<CODE> 1 (was CODE)
  Relative segment, address: 8F46 - 8F4D (0x8 bytes), align: 1
  Segment part 135.           Intra module refs:   Display_TimeOfFlight_Icon
                                                   Segment part 154
    -------------------------------------------------------------------------
<CODE> 1 (was CODE)
  Relative segment, address: 8F4E - 8F57 (0xa bytes), align: 1
  Segment part 136.           Intra module refs:   Display_IR_Icon
                                                   Display_Temp_Icon
                                                   Display_TimeOfFlight_Icon
                                                   Segment part 101
    -------------------------------------------------------------------------
<CODE> 1 (was CODE)
  Relative segment, address: 8F58 - 8F5F (0x8 bytes), align: 1
  Segment part 137.           Intra module refs:   Display_Cum_Icon
                                                   Display_TimeOfFlight_Icon
    -------------------------------------------------------------------------
<CODE> 1 (was CODE)
  Relative segment, address: 8F60 - 8F83 (0x24 bytes), align: 1
  Segment part 138.           Intra module refs:   Display_Cum_Icon
                                                   Display_TimeOfFlight_Icon
    -------------------------------------------------------------------------
<CODE> 1 (was CODE)
  Relative segment, address: 8F84 - 8F89 (0x6 bytes), align: 1
  Segment part 139.           Intra module refs:   Display_Temp_Icon
                                                   Display_TimeOfFlight_Icon
    -------------------------------------------------------------------------
<CODE> 1 (was CODE)
  Relative segment, address: 8F8A - 8F9F (0x16 bytes), align: 1
  Segment part 140.           Intra module refs:   Segment part 139
                                                   Segment part 144
    -------------------------------------------------------------------------
<CODE> 1 (was CODE)
  Relative segment, address: 8FA0 - 8FB9 (0x1a bytes), align: 1
  Segment part 141.           Intra module refs:   Display_Cum_Icon
                                                   Display_TimeOfFlight_Icon
    -------------------------------------------------------------------------
<CODE> 1 (was CODE)
  Relative segment, address: 8FBA - 8FD7 (0x1e bytes), align: 1
  Segment part 142.           Intra module refs:   Display_Cum_Icon
                                                   Display_TimeOfFlight_Icon
    -------------------------------------------------------------------------
<CODE> 1 (was CODE)
  Relative segment, address: 8FD8 - 8FF1 (0x1a bytes), align: 1
  Segment part 143.           Intra module refs:   Display_Temp_Icon
                                                   Display_TimeOfFlight_Icon
    -------------------------------------------------------------------------
<CODE> 1 (was CODE)
  Relative segment, address: 8FF2 - 8FFF (0xe bytes), align: 1
  Segment part 144.           Intra module refs:   Display_Cum_Icon
                                                   Display_TimeOfFlight_Icon
    -------------------------------------------------------------------------
<CODE> 1 (was CODE)
  Relative segment, address: 9000 - 9013 (0x14 bytes), align: 1
  Segment part 145.           Intra module refs:   ClearLCD
                                                   Display_IR_Icon
                                                   Display_TimeOfFlight_Icon
    -------------------------------------------------------------------------
<CODE> 1 (was CODE)
  Relative segment, address: 9014 - 9021 (0xe bytes), align: 1
  Segment part 146.           Intra module refs:   Display_TimeOfFlight_Icon
    -------------------------------------------------------------------------
<CODE> 1 (was CODE)
  Relative segment, address: 9022 - 903B (0x1a bytes), align: 1
  Segment part 147.           Intra module refs:   Display_TimeOfFlight_Icon
                                                   Segment part 157
                                                   ht1621_write_data
    -------------------------------------------------------------------------
<CODE> 1 (was CODE)
  Relative segment, address: 903C - 913D (0x102 bytes), align: 1
  Segment part 148.           Intra module refs:   Display_Else_Icon
           ENTRY                   ADDRESS         REF BY
           =====                   =======         ======
           Display_IR_Icon         903C 
               calls direct
    -------------------------------------------------------------------------
<CODE> 1 (was CODE)
  Relative segment, address: 913E - 9147 (0xa bytes), align: 1
  Segment part 149.           Intra module refs:   Display_IR_Icon
                                                   Segment part 140
    -------------------------------------------------------------------------
<CODE> 1 (was CODE)
  Relative segment, address: 9148 - 9151 (0xa bytes), align: 1
  Segment part 150.           Intra module refs:   Display_IR_Icon
                                                   Segment part 141
    -------------------------------------------------------------------------
<CODE> 1 (was CODE)
  Relative segment, address: 9152 - 915B (0xa bytes), align: 1
  Segment part 151.           Intra module refs:   Display_Cum_Icon
                                                   Display_IR_Icon
    -------------------------------------------------------------------------
<CODE> 1 (was CODE)
  Relative segment, address: 915C - 9163 (0x8 bytes), align: 1
  Segment part 152.           Intra module refs:   Display_Cum_Icon
                                                   Display_TimeOfFlight_Icon
    -------------------------------------------------------------------------
<CODE> 1 (was CODE)
  Relative segment, address: 9164 - 916D (0xa bytes), align: 1
  Segment part 153.           Intra module refs:   Display_Cum_Icon
                                                   Display_IR_Icon
                                                   Segment part 152
    -------------------------------------------------------------------------
<CODE> 1 (was CODE)
  Relative segment, address: 916E - 9175 (0x8 bytes), align: 1
  Segment part 154.           Intra module refs:   Display_IR_Icon
                                                   Display_Temp_Icon
    -------------------------------------------------------------------------
<CODE> 1 (was CODE)
  Relative segment, address: 8B94 - 8B9B (0x8 bytes), align: 1
  Segment part 34.            Intra module refs:   Display_Alarm_Icon
    -------------------------------------------------------------------------
<CODE> 1 (was CODE)
  Relative segment, address: 8B9C - 8BA3 (0x8 bytes), align: 1
  Segment part 40.            Intra module refs:   Display_WaterRunning_Icon
    -------------------------------------------------------------------------
<CODE> 1 (was CODE)
  Relative segment, address: 8BA4 - 8BBB (0x18 bytes), align: 1
  Segment part 67.
           ENTRY                   ADDRESS         REF BY
           =====                   =======         ======
           Display_Alarm_Icon      8BA4            ultrasonicTimeOfFlightMeasure (TDC-GP22)
               calls direct
    -------------------------------------------------------------------------
<CODE> 1 (was CODE)
  Relative segment, address: 8BBC - 8BD5 (0x1a bytes), align: 1
  Segment part 68.
           ENTRY                   ADDRESS         REF BY
           =====                   =======         ======
           Display_WaterRunning_Icon
                                   8BBC            AmrTimerIntProcess (TDC-GP22)
                                                   doKeyPressL (Keybord)
                                                   ultrasonicTimeOfFlightMeasure (TDC-GP22)
               calls direct
    -------------------------------------------------------------------------
<CODE> 1 (was CODE)
  Relative segment, address: 8BD6 - 8F45 (0x370 bytes), align: 1
  Segment part 70.            Intra module refs:   Display_Else_Icon
                                                   LCD_ReFlash
           ENTRY                   ADDRESS         REF BY
           =====                   =======         ======
           Display_Cum_Icon        8BD6 
               calls direct
    -------------------------------------------------------------------------
<CODE> 1 (was CODE)
  Relative segment, address: B4FC - B507 (0xc bytes), align: 1
  Segment part 71.            Intra module refs:   Display_Cum_Icon
    -------------------------------------------------------------------------
<CODE> 1 (was CODE)
  Relative segment, address: B3E6 - B3F3 (0xe bytes), align: 1
  Segment part 72.            Intra module refs:   Display_Cum_Icon
                                                   Segment part 100
    -------------------------------------------------------------------------
<CODE> 1 (was CODE)
  Relative segment, address: AFE6 - AFE7 (0x2 bytes), align: 1
  Segment part 73.            Intra module refs:   Display_Cum_Icon
    -------------------------------------------------------------------------
<CODE> 1 (was CODE)
  Relative segment, address: AFE8 - AFF3 (0xc bytes), align: 1
  Segment part 74.            Intra module refs:   Display_Temp_Icon
                                                   Segment part 73
    -------------------------------------------------------------------------
<CODE> 1 (was CODE)
  Relative segment, address: AFF4 - B003 (0x10 bytes), align: 1
  Segment part 75.            Intra module refs:   Display_Cum_Icon
    -------------------------------------------------------------------------
<CODE> 1 (was CODE)
  Relative segment, address: B004 - B00D (0xa bytes), align: 1
  Segment part 76.            Intra module refs:   Display_Cum_Icon
                                                   Segment part 74
                                                   Segment part 75
    -------------------------------------------------------------------------
<CODE> 1 (was CODE)
  Relative segment, address: B53A - B543 (0xa bytes), align: 1
  Segment part 77.            Intra module refs:   Display_Cum_Icon
                                                   Segment part 75
    -------------------------------------------------------------------------
<CODE> 1 (was CODE)
  Relative segment, address: 7558 - 7567 (0x10 bytes), align: 1
  Segment part 78.            Intra module refs:   Display_Cum_Icon
                                                   Display_TimeOfFlight_Icon
    -------------------------------------------------------------------------
<CODE> 1 (was CODE)
  Relative segment, address: 7568 - 756F (0x8 bytes), align: 1
  Segment part 79.            Intra module refs:   Display_Cum_Icon
    -------------------------------------------------------------------------
<CODE> 1 (was CODE)
  Relative segment, address: 7570 - 7575 (0x6 bytes), align: 1
  Segment part 80.            Intra module refs:   Segment part 119
                                                   Segment part 79
    -------------------------------------------------------------------------
<CODE> 1 (was CODE)
  Relative segment, address: 7576 - 7583 (0xe bytes), align: 1
  Segment part 81.            Intra module refs:   Display_Cum_Icon
    -------------------------------------------------------------------------
<CODE> 1 (was CODE)
  Relative segment, address: 7584 - 7591 (0xe bytes), align: 1
  Segment part 82.            Intra module refs:   Display_Cum_Icon
    -------------------------------------------------------------------------
<CODE> 1 (was CODE)
  Relative segment, address: 7592 - 77D1 (0x240 bytes), align: 1
  Segment part 83.            Intra module refs:   Display_Else_Icon
           ENTRY                   ADDRESS         REF BY
           =====                   =======         ======
           Display_Date_Icon       7592            rtc (rtc)
               calls direct
    -------------------------------------------------------------------------
<CODE> 1 (was CODE)
  Relative segment, address: 77D2 - 77DD (0xc bytes), align: 1
  Segment part 84.            Intra module refs:   Display_Date_Icon
    -------------------------------------------------------------------------
<CODE> 1 (was CODE)
  Relative segment, address: 77DE - 77DF (0x2 bytes), align: 1
  Segment part 85.            Intra module refs:   Display_Date_Icon
    -------------------------------------------------------------------------
<CODE> 1 (was CODE)
  Relative segment, address: 77E0 - 77EB (0xc bytes), align: 1
  Segment part 86.            Intra module refs:   Display_Date_Icon
                                                   Segment part 85
    -------------------------------------------------------------------------
<CODE> 1 (was CODE)
  Relative segment, address: 77EC - 77F5 (0xa bytes), align: 1
  Segment part 87.            Intra module refs:   Display_Date_Icon
    -------------------------------------------------------------------------
<CODE> 1 (was CODE)
  Relative segment, address: 77F6 - 7805 (0x10 bytes), align: 1
  Segment part 88.            Intra module refs:   Display_Date_Icon
                                                   Segment part 90
    -------------------------------------------------------------------------
<CODE> 1 (was CODE)
  Relative segment, address: 7806 - 7807 (0x2 bytes), align: 1
  Segment part 89.            Intra module refs:   Display_Date_Icon
    -------------------------------------------------------------------------
<CODE> 1 (was CODE)
  Relative segment, address: 7808 - 782F (0x28 bytes), align: 1
  Segment part 90.            Intra module refs:   Display_Date_Icon
                                                   Segment part 89
    -------------------------------------------------------------------------
<CODE> 1 (was CODE)
  Relative segment, address: 7830 - 7843 (0x14 bytes), align: 1
  Segment part 91.            Intra module refs:   Display_Date_Icon
                                                   Segment part 90
    -------------------------------------------------------------------------
<CODE> 1 (was CODE)
  Relative segment, address: 7844 - 7917 (0xd4 bytes), align: 1
  Segment part 92.            Intra module refs:   Display_Else_Icon
           ENTRY                   ADDRESS         REF BY
           =====                   =======         ======
           Display_Temp_Icon       7844 
               calls direct
    -------------------------------------------------------------------------
<CODE> 1 (was CODE)
  Relative segment, address: 7918 - 7925 (0xe bytes), align: 1
  Segment part 93.            Intra module refs:   Display_Cum_Icon
                                                   Display_Temp_Icon
                                                   Display_TimeOfFlight_Icon
    -------------------------------------------------------------------------
<CODE> 1 (was CODE)
  Relative segment, address: 7926 - 792D (0x8 bytes), align: 1
  Segment part 94.            Intra module refs:   Display_Cum_Icon
                                                   Display_Temp_Icon
    -------------------------------------------------------------------------
<CODE> 1 (was CODE)
  Relative segment, address: 792E - 793D (0x10 bytes), align: 1
  Segment part 95.            Intra module refs:   Display_Cum_Icon
                                                   Segment part 94
    -------------------------------------------------------------------------
<CODE> 1 (was CODE)
  Relative segment, address: 793E - 794D (0x10 bytes), align: 1
  Segment part 96.            Intra module refs:   Display_Cum_Icon
                                                   Display_Temp_Icon
                                                   Display_TimeOfFlight_Icon
    -------------------------------------------------------------------------
<CODE> 1 (was CODE)
  Relative segment, address: 794E - 795B (0xe bytes), align: 1
  Segment part 97.            Intra module refs:   Display_Cum_Icon
                                                   Display_Temp_Icon
    -------------------------------------------------------------------------
<CODE> 1 (was CODE)
  Relative segment, address: 795C - 7965 (0xa bytes), align: 1
  Segment part 98.            Intra module refs:   Display_Cum_Icon
                                                   Display_Temp_Icon
                                                   Display_TimeOfFlight_Icon
    -------------------------------------------------------------------------
<CODE> 1 (was CODE)
  Relative segment, address: 7966 - 7969 (0x4 bytes), align: 1
  Segment part 99.            Intra module refs:   Display_Cum_Icon
                                                   Display_Temp_Icon
                                                   Display_TimeOfFlight_Icon
    -------------------------------------------------------------------------
<CODE> 1 (was CODE)
  Relative segment, address: 796A - 796F (0x6 bytes), align: 1
  Segment part 100.           Intra module refs:   Segment part 116
                                                   Segment part 99
    -------------------------------------------------------------------------
<CODE> 1 (was CODE)
  Relative segment, address: 7970 - 7981 (0x12 bytes), align: 1
  Segment part 101.           Intra module refs:   Display_Cum_Icon
                                                   Display_Temp_Icon
    -------------------------------------------------------------------------
<CODE> 1 (was CODE)
  Relative segment, address: 7982 - 7989 (0x8 bytes), align: 1
  Segment part 102.           Intra module refs:   Display_TimeOfFlight_Icon
                                                   Segment part 101
    -------------------------------------------------------------------------
<CODE> 1 (was CODE)
  Relative segment, address: 798A - 798F (0x6 bytes), align: 1
  Segment part 103.           Intra module refs:   Display_IR_Icon
                                                   Segment part 102
    -------------------------------------------------------------------------
<CODE> 1 (was CODE)
  Relative segment, address: 7990 - 7CDD (0x34e bytes), align: 1
  Segment part 104.           Intra module refs:   Display_Else_Icon
           ENTRY                   ADDRESS         REF BY
           =====                   =======         ======
           Display_TimeOfFlight_Icon
                                   7990 
               calls direct
    -------------------------------------------------------------------------
<CODE> 1 (was CODE)
  Relative segment, address: 7CDE - 7CE9 (0xc bytes), align: 1
  Segment part 105.           Intra module refs:   Display_Cum_Icon
                                                   Display_IR_Icon
                                                   Display_TimeOfFlight_Icon
    -------------------------------------------------------------------------
<CODE> 1 (was CODE)
  Relative segment, address: 7CEA - 7CED (0x4 bytes), align: 1
[...]
           ?Mul8Hw                 B12E            _LitobFull (?xprintffull)
    -------------------------------------------------------------------------
<CODE> 1 (was CODE)
  Relative segment, address: B132 - B14D (0x1c bytes), align: 1
  Segment part 1.             Intra module refs:   ?Mul8Hw
           ENTRY                   ADDRESS         REF BY
           =====                   =======         ======
           ?Mul16Hw                B132 
           ?Mul16to32uHw           B132 

    -------------------------------------------------------------------------
  LIBRARY MODULE, NAME : ?Mul16to32sHw

  SEGMENTS IN THE MODULE
  ======================
<CODE> 1 (was CODE)
  Relative segment, address: B1E2 - B1FD (0x1c bytes), align: 1
  Segment part 0.
           ENTRY                   ADDRESS         REF BY
           =====                   =======         ======
           ?Mul16to32sHw           B1E2            _LdtobFull (?xprintffull)

    -------------------------------------------------------------------------
  LIBRARY MODULE, NAME : ?Mul32Hw32

  SEGMENTS IN THE MODULE
  ======================
<CODE> 1 (was CODE)
  Relative segment, address: B0A6 - B0C9 (0x24 bytes), align: 1
  Segment part 0.
           ENTRY                   ADDRESS         REF BY
           =====                   =======         ======
           ?Mul32Hw32              B0A6            CalcVolume (TDC-GP22)

    -------------------------------------------------------------------------
  LIBRARY MODULE, NAME : ?sprintf

  SEGMENTS IN THE MODULE
  ======================
<CODE> 1 (was CODE)
  Relative segment, address: AD9C - ADD7 (0x3c bytes), align: 1
  Segment part 2.
           ENTRY                   ADDRESS         REF BY
           =====                   =======         ======
           sprintf                 AD9C            Print_Information (RS485)
               calls direct

    -------------------------------------------------------------------------
  LIBRARY MODULE, NAME : ?strchr

  SEGMENTS IN THE MODULE
  ======================
<CODE> 1 (was CODE)
  Relative segment, address: B3BC - B3C9 (0xe bytes), align: 1
  Segment part 2.
           ENTRY                   ADDRESS         REF BY
           =====                   =======         ======
           __iar_Strchr            B3BC            _PrintfFull (?xprintffull)

    -------------------------------------------------------------------------
  LIBRARY MODULE, NAME : ?strlen

  SEGMENTS IN THE MODULE
  ======================
<CODE> 1 (was CODE)
  Relative segment, address: B14E - B16D (0x20 bytes), align: 1
  Segment part 2.
           ENTRY                   ADDRESS         REF BY
           =====                   =======         ======
           strlen                  B14E            _PrintfFull (?xprintffull)

    -------------------------------------------------------------------------
  LIBRARY MODULE, NAME : ?xdscale

  SEGMENTS IN THE MODULE
  ======================
<CODE> 1 (was CODE)
  Relative segment, address: A6F4 - A783 (0x90 bytes), align: 1
  Segment part 2.
           ENTRY                   ADDRESS         REF BY
           =====                   =======         ======
           __iar_Dscale            A6F4            _LdtobFull (?xprintffull)

    -------------------------------------------------------------------------
  LIBRARY MODULE, NAME : ?xdunscal

  SEGMENTS IN THE MODULE
  ======================
<CODE> 1 (was CODE)
  Relative segment, address: AC0A - AC51 (0x48 bytes), align: 1
  Segment part 2.
           ENTRY                   ADDRESS         REF BY
           =====                   =======         ======
           __iar_Dunscale          AC0A            _LdtobFull (?xprintffull)

    -------------------------------------------------------------------------
  LIBRARY MODULE, NAME : ?xprintffull

  SEGMENTS IN THE MODULE
  ======================
<CODE> 1 (was CODE)
  Relative segment, address: 8314 - 87CF (0x4bc bytes), align: 1
  Segment part 26.
           ENTRY                   ADDRESS         REF BY
           =====                   =======         ======
           _PrintfFull             8314            sprintf (?sprintf)
               calls direct
    -------------------------------------------------------------------------
<CODE> 1 (was CODE)
  Relative segment, address: B3D8 - B3E5 (0xe bytes), align: 1
  Segment part 31.            Intra module refs:   _PrintfFull
    -------------------------------------------------------------------------
<CODE> 1 (was CODE)
  Relative segment, address: B2E2 - B2E7 (0x6 bytes), align: 1
  Segment part 32.            Intra module refs:   _PrintfFull
    -------------------------------------------------------------------------
<CODE> 1 (was CODE)
  Relative segment, address: B2E8 - B2F5 (0xe bytes), align: 1
  Segment part 33.            Intra module refs:   Segment part 32
                                                   _PrintfFull
    -------------------------------------------------------------------------
<CODE> 1 (was CODE)
  Relative segment, address: 6B56 - 6BD5 (0x80 bytes), align: 1
  Segment part 8.             Intra module refs:   _PrintfFull
           LOCAL                   ADDRESS         
           =====                   =======         
           LoadInt                 6B56 
    -------------------------------------------------------------------------
<CODE> 1 (was CODE)
  Relative segment, address: 6BD6 - 6BE7 (0x12 bytes), align: 1
  Segment part 9.             Intra module refs:   LoadInt
    -------------------------------------------------------------------------
<CODE> 1 (was CODE)
  Relative segment, address: 6BE8 - 6E6D (0x286 bytes), align: 1
  Segment part 10.            Intra module refs:   _LdtobFull
           LOCAL                   ADDRESS         
           =====                   =======         
           _GenldFull              6BE8 
               calls direct
    -------------------------------------------------------------------------
<CODE> 1 (was CODE)
  Relative segment, address: 6E6E - 6E7D (0x10 bytes), align: 1
  Segment part 11.            Intra module refs:   _GenldFull
    -------------------------------------------------------------------------
<CODE> 1 (was CODE)
  Relative segment, address: 6E7E - 6E8D (0x10 bytes), align: 1
  Segment part 12.            Intra module refs:   _GenldFull
    -------------------------------------------------------------------------
<CODE> 1 (was CODE)
  Relative segment, address: 6E8E - 6E99 (0xc bytes), align: 1
  Segment part 13.            Intra module refs:   _GenldFull
    -------------------------------------------------------------------------
<CODE> 1 (was CODE)
  Relative segment, address: 6E9A - 6EAD (0x14 bytes), align: 1
  Segment part 14.            Intra module refs:   _GenldFull
    -------------------------------------------------------------------------
<CODE> 1 (was CODE)
  Relative segment, address: 6EAE - 6EBF (0x12 bytes), align: 1
  Segment part 15.            Intra module refs:   _GenldFull
    -------------------------------------------------------------------------
<CODE> 1 (was CODE)
  Relative segment, address: 6EC0 - 6EE3 (0x24 bytes), align: 1
  Segment part 16.            Intra module refs:   _GenldFull
    -------------------------------------------------------------------------
<CODE> 1 (was CODE)
  Relative segment, address: 6EE4 - 6F25 (0x42 bytes), align: 1
  Segment part 17.            Intra module refs:   _LdtobFull
           LOCAL                   ADDRESS         
           =====                   =======         
           scale                   6EE4 
               calls direct
    -------------------------------------------------------------------------
<CODE> 1 (was CODE)
  Relative segment, address: 6F26 - 7339 (0x414 bytes), align: 1
  Segment part 18.            Intra module refs:   _PrintfFull
           LOCAL                   ADDRESS         
           =====                   =======         
           _LdtobFull              6F26 
               calls direct
    -------------------------------------------------------------------------
<CODE> 1 (was CODE)
  Relative segment, address: 733A - 7343 (0xa bytes), align: 1
  Segment part 19.            Intra module refs:   _LdtobFull
    -------------------------------------------------------------------------
<CODE> 1 (was CODE)
  Relative segment, address: 7344 - 7351 (0xe bytes), align: 1
  Segment part 20.            Intra module refs:   _LdtobFull
    -------------------------------------------------------------------------
<CODE> 1 (was CODE)
  Relative segment, address: 7352 - 735B (0xa bytes), align: 1
  Segment part 21.            Intra module refs:   _LdtobFull
    -------------------------------------------------------------------------
<CODE> 1 (was CODE)
  Relative segment, address: 735C - 736B (0x10 bytes), align: 1
  Segment part 22.            Intra module refs:   _LdtobFull
    -------------------------------------------------------------------------
<CODE> 1 (was CODE)
  Relative segment, address: 736C - 753B (0x1d0 bytes), align: 1
  Segment part 23.            Intra module refs:   _PrintfFull
           LOCAL                   ADDRESS         
           =====                   =======         
           _LitobFull              736C 
               calls direct
    -------------------------------------------------------------------------
<CODE> 1 (was CODE)
  Relative segment, address: 753C - 754D (0x12 bytes), align: 1
  Segment part 24.            Intra module refs:   _LitobFull
    -------------------------------------------------------------------------
<CODE> 1 (was CODE)
  Relative segment, address: 754E - 7557 (0xa bytes), align: 1
  Segment part 25.            Intra module refs:   LoadInt
                                                   _LitobFull
                                                   _PrintfFull
    -------------------------------------------------------------------------
<CODE> 1 (was CODE)
  Relative segment, address: AEA8 - AED7 (0x30 bytes), align: 1
  Segment part 36.            Intra module refs:   Segment part 33
           LOCAL                   ADDRESS         
           =====                   =======         
           pad                     AEA8 
               calls direct
    -------------------------------------------------------------------------
<CODE> 1 (was CODE)
  Relative segment, address: B4E4 - B4E7 (0x4 bytes), align: 1
  Segment part 27.            Intra module refs:   Segment part 35
    -------------------------------------------------------------------------
<CODE> 1 (was CODE)
  Relative segment, address: B4E8 - B4EF (0x8 bytes), align: 1
  Segment part 28.            Intra module refs:   Segment part 27
                                                   _LdtobFull
                                                   _PrintfFull
    -------------------------------------------------------------------------
<CODE> 1 (was CODE)
  Relative segment, address: B082 - B0A5 (0x24 bytes), align: 1
  Segment part 37.            Intra module refs:   _PrintfFull
                                                   _PutcharsFull
           LOCAL                   ADDRESS         
           =====                   =======         
           _PutcharFull            B082 
               calls indirect
    -------------------------------------------------------------------------
<CODE> 1 (was CODE)
  Relative segment, address: B036 - B05B (0x26 bytes), align: 1
  Segment part 38.            Intra module refs:   Segment part 31
                                                   pad
           LOCAL                   ADDRESS         
           =====                   =======         
           _PutcharsFull           B036 
               calls direct
    -------------------------------------------------------------------------
<CODE> 1 (was CODE)
  Relative segment, address: B48E - B49B (0xe bytes), align: 1
  Segment part 29.            Intra module refs:   _PrintfFull
    -------------------------------------------------------------------------
<CODE> 1 (was CODE)
  Relative segment, address: B32E - B33F (0x12 bytes), align: 1
  Segment part 30.            Intra module refs:   _PrintfFull
    -------------------------------------------------------------------------
<CODE> 1 (was CODE)
  Relative segment, address: B2CE - B2E1 (0x14 bytes), align: 1
  Segment part 34.            Intra module refs:   _PrintfFull
    -------------------------------------------------------------------------
<CODE> 1 (was CODE)
  Relative segment, address: ADD8 - AE0F (0x38 bytes), align: 1
  Segment part 35.            Intra module refs:   _PrintfFull
    -------------------------------------------------------------------------
DATA20_C
  Relative segment, address: BDC0 - BDC6 (0x7 bytes), align: 0
  Segment part 2.             Intra module refs:   _PrintfFull
    -------------------------------------------------------------------------
DATA20_C
  Relative segment, address: BDC7 - BDCA (0x4 bytes), align: 0
  Segment part 3.             Intra module refs:   _LdtobFull
    -------------------------------------------------------------------------
DATA20_C
  Relative segment, address: BDCB - BDCE (0x4 bytes), align: 0
  Segment part 4.             Intra module refs:   _LdtobFull
    -------------------------------------------------------------------------
DATA20_C
  Relative segment, address: BDCF - BDD2 (0x4 bytes), align: 0
  Segment part 5.             Intra module refs:   _LdtobFull
    -------------------------------------------------------------------------
DATA20_C
  Relative segment, address: BDD3 - BDD6 (0x4 bytes), align: 0
  Segment part 6.             Intra module refs:   _LdtobFull
    -------------------------------------------------------------------------
DATA20_C
  Relative segment, address: BDD7 - BDD8 (0x2 bytes), align: 0
  Segment part 7.             Intra module refs:   _GenldFull

    -------------------------------------------------------------------------
  LIBRARY MODULE, NAME : ?xsprout

  SEGMENTS IN THE MODULE
  ======================
<CODE> 1 (was CODE)
  Relative segment, address: B464 - B471 (0xe bytes), align: 1
  Segment part 2.
           ENTRY                   ADDRESS         REF BY
           =====                   =======         ======
           _SProut                 B464            sprintf (?sprintf)

    -------------------------------------------------------------------------
  LIBRARY MODULE, NAME : ?__exit

  SEGMENTS IN THE MODULE
  ======================
<CODE> 1 (was CODE)
  Relative segment, address: B596 - B599 (0x4 bytes), align: 1
  Segment part 2.
           ENTRY                   ADDRESS         REF BY
           =====                   =======         ======
           __exit                  B596            Segment part 6 (?_exit)
                                                   _exit (?_exit)

    *************************************************************************

  FILE NAME : D:\Program Files (x86)\IAR Systems\Embedded Workbench 8.0\430\lib\MathLib\MSPMATHLIB_IAR_msp430_CPUX_large_code_large_data.lib



                ****************************************
                *                                      *
                *      SEGMENTS IN ADDRESS ORDER       *
                *                                      *
                ****************************************


SEGMENT              SPACE    START ADDRESS   END ADDRESS     SIZE  TYPE  ALIGN
=======              =====    =============   ===========     ====  ====  =====
DATA16_AN                              0102 - 0103               2   rel    0
                                       015C - 015D               2 
                                       0162 - 0165               4 
                                       0168 - 0169               2 
                                       016C - 016F               4 
                                       0200 - 0205               6 
                                       0218 - 021D               6 
                                       0222 - 0225               4 
                                       022A - 022B               2 
                                       0262 - 0265               4 
                                       026A - 026B               2 
                                       0282 - 0285               4 
                                       028A - 028B               2 
                                       02A2 - 02A5               4 
                                       0340 - 0343               4 
                                       0352 - 0353               2 
                                       0380 - 0383               4 
                                       0392 - 0393               2 
                                       03C0 - 03C5               6 
                                       03D2 - 03D5               4 
                                       04A0 - 04A1               2 
                                       04A8 - 04AB               4 
                                       04AE - 04BB               E 
                                       05C0 - 05C1               2 
                                       05C6 - 05C8               3 
                                       05CC - 05CC               1 
                                       05DC - 05DD               2 
                                       0660 - 0661               2 
                                       0666 - 0667               2 
                                       066C - 066C               1 
                                       066E - 066E               1 
                                       067C - 067D               2 
                                       0680 - 0681               2 
                                       0686 - 0688               3 
                                       068C - 068C               1 
                                       068E - 068E               1 
                                       069C - 069D               2 
                                       06A0 - 06A1               2 
                                       06A6 - 06A7               2 
                                       06AC - 06AC               1 
                                       06AE - 06AE               1 
                                       06BC - 06BD               2 
CODE_I                                    1C00                       rel    1
DATA20_I                               1C00 - 1C19              1A   rel    1
DATA20_Z                               1C1A - 26E8             ACF   rel    1
DATA20_N                                  26EA                       rel    1
CSTACK                                 5B60 - 5BFF              A0   rel    1
CSTART                                 5C00 - 5C2F              30   rel    1
ISR_CODE                               5C30 - 5ED1             2A2   rel    1
<CODE> 1                               5ED2 - B59D            56CC   rel    1
DATA20_C                               B59E - BDD8             83B   rel    1
DATA20_ID                              BDDA - BDF3              1A   rel    1
CODE_ID                                   BDF4                       rel    1
INTVEC                                 FF80 - FFF9              7A   com    1
RESET                                  FFFE - FFFF               2   rel    1

                ****************************************
                *                                      *
                *        END OF CROSS REFERENCE        *
                *                                      *
                ****************************************

 23 066 bytes of CODE  memory
  2 953 bytes of DATA  memory (+ 123 absolute )
  2 133 bytes of CONST memory

Errors: none
Warnings: none

