################################################################################
#                                                                              #
#      IAR Universal Linker V6.4.6.89                                          #
#                                                                              #
#           Link time     =  20/May/2022  17:37:36                             #
#           Target CPU    =  MSP430                                            #
#           List file     =  D:\GP224MHz\Debug\List\CSSBV1.0.map               #
#           Output file 1 =  D:\GP224MHz\Debug\Exe\CSSBV1.0.d43                #
#                            Format: ubrof10                                   #
#                            UBROF version 10.0.6                              #
#                            Using library modules for C-SPY (-rt)             #
#           Command line  =  -f C:\Users\86188\AppData\Local\Temp\EWAA5D.tmp   #
#                            (D:\GP224MHz\Debug\Obj\DataSave.r43               #
#                            D:\GP224MHz\Debug\Obj\Flash.r43                   #
#                            D:\GP224MHz\Debug\Obj\functions.r43               #
#                            D:\GP224MHz\Debug\Obj\IR.r43                      #
#                            D:\GP224MHz\Debug\Obj\Keybord.r43                 #
#                            D:\GP224MHz\Debug\Obj\lcd.r43                     #
#                            D:\GP224MHz\Debug\Obj\main.r43                    #
#                            D:\GP224MHz\Debug\Obj\mbus.r43                    #
#                            D:\GP224MHz\Debug\Obj\params.r43                  #
#                            D:\GP224MHz\Debug\Obj\RS485.r43                   #
#                            D:\GP224MHz\Debug\Obj\rtc.r43                     #
#                            D:\GP224MHz\Debug\Obj\TDC-GP22.r43                #
#                            D:\GP224MHz\Debug\Obj\TimerA0.r43                 #
#                            D:\GP224MHz\Debug\Obj\timerA1.r43                 #
#                            D:\GP224MHz\Debug\Obj\timerB0.r43                 #
#                            D:\GP224MHz\Debug\Obj\UCS.r43 -o                  #
#                            D:\GP224MHz\Debug\Exe\CSSBV1.0.d43 -l             #
#                            D:\GP224MHz\Debug\List\CSSBV1.0.map -xms          #
#                            "-ID:\Program Files (x86)\IAR Systems\Embedded Wo #
#                            rkbench 8.0\430\LIB\"                             #
#                            -f                                                #
#                            "D:\Program Files (x86)\IAR Systems\Embedded Work #
#                            bench 8.0\430\config\linker\lnk430f5438a.xcl"     #
#                            (-cmsp430 -D?CPU30_OFFSET=2 -QCODE_I=CODE_ID      #
#                            -QTLS16_I=TLS16_ID -D__iar_HWMUL=4C0              #
#                            -Z(CONST)INFO=1800-19FF                           #
#                            -Z(CONST)INFOA=1980-19FF                          #
#                            -Z(CONST)INFOB=1900-197F                          #
#                            -Z(CONST)INFOC=1880-18FF                          #
#                            -Z(CONST)INFOD=1800-187F                          #
#                            -Z(DATA)DATA16_I,DATA16_Z,DATA16_N,TLS16_I=1C00-5 #
#                            BFF                                               #
#                            -Z(DATA)DATA16_HEAP+_DATA16_HEAP_SIZE             #
#                            -Z(DATA)CODE_I                                    #
#                            -Z(DATA)DATA20_I,DATA20_Z,DATA20_N,DATA20_HEAP+_D #
#                            ATA20_HEAP_SIZE                                   #
#                            -Z(DATA)CSTACK+_STACK_SIZE#                       #
#                            -Z(CONST)DATA16_C,DATA16_ID,TLS16_ID,DIFUNCT,CHEC #
#                            KSUM=5C00-FF7F                                    #
#                            -Z(CODE)CSTART,ISR_CODE,CODE16=5C00-FF7F          #
#                            -P(CODE)CODE=5C00-FF7F,10000-45BFF                #
#                            -Z(CONST)DATA20_C,DATA20_ID,CODE_ID=5C00-FF7F,100 #
#                            40-45BFF                                          #
#                            -Z(CODE)INTVEC=FF80-FFFF                          #
#                            -Z(CODE)RESET=FFFE-FFFF) -f                       #
#                            "D:\Program Files (x86)\IAR Systems\Embedded Work #
#                            bench 8.0\430\config\linker\multiplier32.xcl"     #
#                            (-e?Mul8Hw=?Mul8 -e?Mul16Hw=?Mul16                #
#                            -e?Mul16to32uHw=?Mul16to32u                       #
#                            -e?Mul16to32sHw=?Mul16to32s -e?Mul32Hw32=?Mul32   #
#                            -e?Mul64Hw32=_Mul64i                              #
#                            -e?Mul32u32uto64iHw32=_Mul32u32uto64i             #
#                            -e?Mul32fHw32=_Mul32f                             #
#                            -e_Mul64fHw32Ptr=_Mul64fPtr) -D_STACK_SIZE=A0     #
#                            -rt                                               #
#                            "D:\Program Files (x86)\IAR Systems\Embedded Work #
#                            bench 8.0\430\lib\dlib\dl430xllfn.r43"            #
#                            -e_PrintfFull=_Printf -e_ScanfFull=_Scanf         #
#                            -D_DATA16_HEAP_SIZE=A0 -s __program_start         #
#                            -D_DATA20_HEAP_SIZE=50)                           #
#                                                                              #
#                           Copyright (C) 1987-2016 IAR Systems AB.            #
################################################################################





                ****************************************
                *                                      *
                *           CROSS REFERENCE            *
                *                                      *
                ****************************************

       Program entry at :           5C00  Relocatable, from module : ?cstart




                ****************************************
                *                                      *
                *            RUNTIME MODEL             *
                *                                      *
                ****************************************

  __Heap_Handler             = Basic
  __SystemLibrary            = DLib
  __code_model               = large
  __core                     = 430X
  __data_model               = large
  __dlib_file_descriptor     = 0
  __dlib_full_locale_support = 0
  __double_size              = 32
  __pic                      = no
  __reg_r4                   = free
  __reg_r5                   = free
  __rt_version               = 3

                ****************************************
                *                                      *
                *    AUTOMATIC SYMBOL REDIRECTIONS     *
                *                                      *
                ****************************************

                  There are no automatic symbol redirections.



                ****************************************
                *                                      *
                *              MODULE MAP              *
                *                                      *
                ****************************************


  DEFINED ABSOLUTE ENTRIES
    *************************************************************************

  DEFINED ABSOLUTE ENTRIES
  PROGRAM MODULE, NAME : ?ABS_ENTRY_MOD

Absolute parts
           ENTRY                   ADDRESS         REF BY
           =====                   =======         ======
           _DATA20_HEAP_SIZE       0050 
           _DATA16_HEAP_SIZE       00A0 
           _STACK_SIZE             00A0 
           __iar_HWMUL             04C0            ?Mul16to32sHw (?Mul16to32sHw)
                                                   ?Mul32Hw32 (?Mul32Hw32)
                                                   ?Mul32fHw32 (?Mul32fHw32)
                                                   AmrTimerIntProcess (TDC-GP22)
                                                   CalcVolume (TDC-GP22)
                                                   Display_Cum_Icon (lcd)
                                                   Print_Information (RS485)
                                                   Segment part 1 (?Mul8Hw)
                                                   doKeyPressL (Keybord)
                                                   ultrasonicTimeOfFlightMeasure (TDC-GP22)
           ?CPU30_OFFSET           0002 
    *************************************************************************

  FILE NAME : D:\GP224MHz\Debug\Obj\DataSave.r43
  PROGRAM MODULE, NAME : DataSave

  SEGMENTS IN THE MODULE
  ======================
<CODE> 1 (was CODE)
  Relative segment, address: AA90 - AC05 (0x176 bytes), align: 1
  Segment part 6.
           ENTRY                   ADDRESS         REF BY
           =====                   =======         ======
           saveMonthCum            AA90            rtc (rtc)
               calls direct
    -------------------------------------------------------------------------
<CODE> 1 (was CODE)
  Relative segment, address: 9E54 - A0BF (0x26c bytes), align: 1
  Segment part 7.
           ENTRY                   ADDRESS         REF BY
           =====                   =======         ======
           readMonthCum            9E54            decodeIrReceiveCJ188Frame (IR)
               calls direct
    -------------------------------------------------------------------------
<CODE> 1 (was CODE)
  Relative segment, address: A310 - A54B (0x23c bytes), align: 1
  Segment part 8.
           ENTRY                   ADDRESS         REF BY
           =====                   =======         ======
           saveDayCum              A310            rtc (rtc)
               calls direct
    -------------------------------------------------------------------------
<CODE> 1 (was CODE)
  Relative segment, address: 9B22 - 9E53 (0x332 bytes), align: 1
  Segment part 9.
           ENTRY                   ADDRESS         REF BY
           =====                   =======         ======
           readDayCum              9B22            decodeIrReceiveCJ188Frame (IR)
               calls direct
    -------------------------------------------------------------------------
<CODE> 1 (was CODE)
  Relative segment, address: CF9E - CF9F (0x2 bytes), align: 1
  Segment part 10.
           ENTRY                   ADDRESS         REF BY
           =====                   =======         ======
           readSystemParam         CF9E            main (main)

    *************************************************************************

  FILE NAME : D:\GP224MHz\Debug\Obj\Flash.r43
  PROGRAM MODULE, NAME : Flash

  SEGMENTS IN THE MODULE
  ======================
DATA16_AN
  Relative segment, address: 0282 - 0283 (0x2 bytes), align: 0
  Segment part 1. ROOT        Intra module refs:   Init_Flash
                                                   SPI_Flash_Erase_Sector
                                                   SPI_Flash_Read_Buffer
                                                   SPI_Flash_Wait_Busy
                                                   SPI_Flash_Write_Buffer
                                                   SPI_Flash_Write_Enable
                                                   calibrateResonator (TDC-GP22)
                                                   calibrateResonatorTDCGP21 (TDC-GP22)
                                                   configureRegisterTDCGP21 (TDC-GP22)
                                                   initMeasureTDCGP21 (TDC-GP22)
                                                   initSPI (TDC-GP22)
                                                   powerCloseIR (timerB0)
                                                   powerOnResetTDCGP21 (TDC-GP22)
                                                   readIDbytesTDCGP21 (TDC-GP22)
                                                   readPW1STRegisterTDCGP22 (TDC-GP22)
                                                   readRegisterTDCGP21 (TDC-GP22)
                                                   readStatusRegisterTDCGP21 (TDC-GP22)
                                                   resetTDCGP21 (TDC-GP22)
                                                   tempStartTDCGP21 (TDC-GP22)
                                                   timeFlightStartTDCGP21 (TDC-GP22)
           ENTRY                   ADDRESS         REF BY
           =====                   =======         ======
           _A_PEOUT_L              0282 
           LOCAL                   ADDRESS         
           =====                   =======         
           PEOUT                   0282 
           PEOUT_H                 0283 
           PEOUT_L                 0282 
    -------------------------------------------------------------------------
DATA16_AN
  Relative segment, address: 0284 - 0285 (0x2 bytes), align: 0
  Segment part 2. ROOT        Intra module refs:   Init_Flash
                                                   initIR (timerB0)
                                                   initRS485 (RS485)
                                                   initSPI (TDC-GP22)
           ENTRY                   ADDRESS         REF BY
           =====                   =======         ======
           _A_PEDIR_L              0284 
           LOCAL                   ADDRESS         
           =====                   =======         
           PEDIR                   0284 
           PEDIR_H                 0285 
           PEDIR_L                 0284 
    -------------------------------------------------------------------------
DATA16_AN
  Relative segment, address: 028A - 028B (0x2 bytes), align: 0
  Segment part 3. ROOT        Intra module refs:   Init_Flash
                                                   initRS485 (RS485)
                                                   initSPI (TDC-GP22)
           ENTRY                   ADDRESS         REF BY
           =====                   =======         ======
           _A_PESEL_L              028A 
           LOCAL                   ADDRESS         
           =====                   =======         
           PESEL                   028A 
           PESEL_H                 028B 
           PESEL_L                 028A 
    -------------------------------------------------------------------------
DATA16_AN
  Relative segment, address: 02A2 - 02A3 (0x2 bytes), align: 0
  Segment part 4. ROOT        Intra module refs:   Init_Flash
                                                   SPI_Flash_PowerOff
                                                   SPI_Flash_PowerOn
           ENTRY                   ADDRESS         REF BY
           =====                   =======         ======
           _A_PFOUT_L              02A2 
           LOCAL                   ADDRESS         
           =====                   =======         
           PFOUT                   02A2 
           PFOUT_H                 02A3 
           PFOUT_L                 02A2 
    -------------------------------------------------------------------------
DATA16_AN
  Relative segment, address: 02A4 - 02A5 (0x2 bytes), align: 0
  Segment part 5. ROOT        Intra module refs:   Init_Flash
           ENTRY                   ADDRESS         REF BY
           =====                   =======         ======
           _A_PFDIR_L              02A4 
           LOCAL                   ADDRESS         
           =====                   =======         
           PFDIR                   02A4 
           PFDIR_H                 02A5 
           PFDIR_L                 02A4 
    -------------------------------------------------------------------------
DATA16_AN
  Relative segment, address: 06A0 - 06A1 (0x2 bytes), align: 0
  Segment part 6. ROOT        Intra module refs:   Init_Flash
           ENTRY                   ADDRESS         REF BY
           =====                   =======         ======
           _A_UCB3CTLW0_L          06A0 
           LOCAL                   ADDRESS         
           =====                   =======         
           UCB3CTLW0               06A0 
           UCB3CTLW0_H             06A1 
           UCB3CTLW0_L             06A0 
    -------------------------------------------------------------------------
DATA16_AN
  Relative segment, address: 06A6 - 06A7 (0x2 bytes), align: 0
  Segment part 7. ROOT        Intra module refs:   Init_Flash
           ENTRY                   ADDRESS         REF BY
           =====                   =======         ======
           _A_UCB3BRW_L            06A6 
           LOCAL                   ADDRESS         
           =====                   =======         
           UCB3BRW                 06A6 
           UCB3BRW_H               06A7 
           UCB3BRW_L               06A6 
    -------------------------------------------------------------------------
DATA16_AN
  Relative segment, address: 06AC - 06AC (0x1 bytes), align: 0
  Segment part 8. ROOT        Intra module refs:   SPI_Flash_ReadByte
           ENTRY                   ADDRESS         REF BY
           =====                   =======         ======
           UCB3RXBUF               06AC 
    -------------------------------------------------------------------------
DATA16_AN
  Relative segment, address: 06AE - 06AE (0x1 bytes), align: 0
  Segment part 9. ROOT        Intra module refs:   SPI_Flash_WriteByte
           ENTRY                   ADDRESS         REF BY
           =====                   =======         ======
           UCB3TXBUF               06AE 
    -------------------------------------------------------------------------
DATA16_AN
  Relative segment, address: 06BC - 06BD (0x2 bytes), align: 0
  Segment part 10. ROOT       Intra module refs:   Init_Flash
                                                   SPI_Flash_ReadByte
                                                   SPI_Flash_WriteByte
           ENTRY                   ADDRESS         REF BY
           =====                   =======         ======
           _A_UCB3ICTL_L           06BC 
           LOCAL                   ADDRESS         
           =====                   =======         
           UCB3ICTL                06BC 
           UCB3ICTL_H              06BD 
           UCB3ICTL_L              06BC 
    -------------------------------------------------------------------------
<CODE> 1 (was CODE)
  Relative segment, address: C520 - C565 (0x46 bytes), align: 1
  Segment part 12.
           ENTRY                   ADDRESS         REF BY
           =====                   =======         ======
           Init_Flash              C520            main (main)
    -------------------------------------------------------------------------
<CODE> 1 (was CODE)
  Relative segment, address: CF26 - CF31 (0xc bytes), align: 1
  Segment part 13.            Intra module refs:   SPI_Flash_Read_Buffer
                                                   SPI_Flash_Wait_Busy
           ENTRY                   ADDRESS         REF BY
           =====                   =======         ======
           SPI_Flash_ReadByte      CF26 
    -------------------------------------------------------------------------
<CODE> 1 (was CODE)
  Relative segment, address: CF32 - CF3D (0xc bytes), align: 1
  Segment part 14.            Intra module refs:   SPI_Flash_Erase_Sector
                                                   SPI_Flash_Read_Buffer
                                                   SPI_Flash_Wait_Busy
                                                   SPI_Flash_Write_Buffer
                                                   SPI_Flash_Write_Enable
           ENTRY                   ADDRESS         REF BY
           =====                   =======         ======
           SPI_Flash_WriteByte     CF32 
    -------------------------------------------------------------------------
<CODE> 1 (was CODE)
  Relative segment, address: CCA2 - CCB7 (0x16 bytes), align: 1
  Segment part 15.            Intra module refs:   SPI_Flash_Erase_Sector
                                                   SPI_Flash_Write_Buffer
           ENTRY                   ADDRESS         REF BY
           =====                   =======         ======
           SPI_Flash_Write_Enable
                                   CCA2 
               calls direct
    -------------------------------------------------------------------------
<CODE> 1 (was CODE)
  Relative segment, address: C92C - C951 (0x26 bytes), align: 1
  Segment part 16.            Intra module refs:   SPI_Flash_Erase_Sector
                                                   SPI_Flash_Write_Buffer
           ENTRY                   ADDRESS         REF BY
           =====                   =======         ======
           SPI_Flash_Wait_Busy     C92C 
               calls direct
    -------------------------------------------------------------------------
<CODE> 1 (was CODE)
  Relative segment, address: BF6C - BFD1 (0x66 bytes), align: 1
  Segment part 17.
           ENTRY                   ADDRESS         REF BY
           =====                   =======         ======
           SPI_Flash_Read_Buffer   BF6C            readDayCum (DataSave)
                                                   readMonthCum (DataSave)
                                                   saveDayCum (DataSave)
                                                   saveMonthCum (DataSave)
               calls direct
    -------------------------------------------------------------------------
<CODE> 1 (was CODE)
  Relative segment, address: BE12 - BE8B (0x7a bytes), align: 1
  Segment part 18.
           ENTRY                   ADDRESS         REF BY
           =====                   =======         ======
           SPI_Flash_Write_Buffer
                                   BE12            saveDayCum (DataSave)
                                                   saveMonthCum (DataSave)
               calls direct
    -------------------------------------------------------------------------
<CODE> 1 (was CODE)
  Relative segment, address: C4D8 - C51F (0x48 bytes), align: 1
  Segment part 19.
           ENTRY                   ADDRESS         REF BY
           =====                   =======         ======
           SPI_Flash_Erase_Sector
                                   C4D8            saveDayCum (DataSave)
                                                   saveMonthCum (DataSave)
               calls direct
    -------------------------------------------------------------------------
<CODE> 1 (was CODE)
  Relative segment, address: CF86 - CF8B (0x6 bytes), align: 1
  Segment part 23.
           ENTRY                   ADDRESS         REF BY
           =====                   =======         ======
           SPI_Flash_PowerOff      CF86            readDayCum (DataSave)
                                                   readMonthCum (DataSave)
                                                   saveDayCum (DataSave)
                                                   saveMonthCum (DataSave)
    -------------------------------------------------------------------------
<CODE> 1 (was CODE)
  Relative segment, address: CEDA - CEE7 (0xe bytes), align: 1
  Segment part 24.
           ENTRY                   ADDRESS         REF BY
           =====                   =======         ======
           SPI_Flash_PowerOn       CEDA            readDayCum (DataSave)
                                                   readMonthCum (DataSave)
                                                   saveDayCum (DataSave)
                                                   saveMonthCum (DataSave)

    *************************************************************************

  FILE NAME : D:\GP224MHz\Debug\Obj\functions.r43
  PROGRAM MODULE, NAME : functions

  SEGMENTS IN THE MODULE
  ======================
<CODE> 1 (was CODE)
  Relative segment, address: C888 - C8B1 (0x2a bytes), align: 1
  Segment part 3.
           ENTRY                   ADDRESS         REF BY
           =====                   =======         ======
           dectoBCD                C888            decodeIrReceiveCJ188Frame (IR)
               calls direct
    -------------------------------------------------------------------------
<CODE> 1 (was CODE)
  Relative segment, address: CC30 - CC47 (0x18 bytes), align: 1
  Segment part 4.
           ENTRY                   ADDRESS         REF BY
           =====                   =======         ======
           BCDtoDec                CC30            Display_Date_Icon (lcd)
    -------------------------------------------------------------------------
<CODE> 1 (was CODE)
  Relative segment, address: B288 - B3AD (0x126 bytes), align: 1
  Segment part 5.
           ENTRY                   ADDRESS         REF BY
           =====                   =======         ======
           dotHextoDotDec          B288            calibrateResonator (TDC-GP22)
                                                   tempMeasure (TDC-GP22)
                                                   ultrasonicTimeOfFlightMeasure (TDC-GP22)
               calls direct
    -------------------------------------------------------------------------
<CODE> 1 (was CODE)
  Relative segment, address: CBE4 - CBFD (0x1a bytes), align: 1
  Segment part 6.
           ENTRY                   ADDRESS         REF BY
           =====                   =======         ======
           sumCheck                CBE4            decodeIrReceiveCJ188Frame (IR)
                                                   judgeIrCJ188FrameIsCorrect (IR)
    -------------------------------------------------------------------------
<CODE> 1 (was CODE)
  Relative segment, address: C0F8 - C153 (0x5c bytes), align: 1
  Segment part 7.
           ENTRY                   ADDRESS         REF BY
           =====                   =======         ======
           reverseHighLowBit       C0F8            Timer0_B0 (timerB0)

    *************************************************************************

  FILE NAME : D:\GP224MHz\Debug\Obj\IR.r43
  PROGRAM MODULE, NAME : IR

  SEGMENTS IN THE MODULE
  ======================
<CODE> 1 (was CODE)
  Relative segment, address: C446 - C48F (0x4a bytes), align: 1
  Segment part 3.             Intra module refs:   decodeIrReceiveCJ188Frame
           ENTRY                   ADDRESS         REF BY
           =====                   =======         ======
           Init_IR_Send_Buf        C446 
    -------------------------------------------------------------------------
<CODE> 1 (was CODE)
  Relative segment, address: C3FC - C445 (0x4a bytes), align: 1
  Segment part 4.             Intra module refs:   decodeIrReceiveCJ188Frame
           ENTRY                   ADDRESS         REF BY
           =====                   =======         ======
           Init_IR_Send_Buf_ReadMeterAddress
                                   C3FC 
    -------------------------------------------------------------------------
<CODE> 1 (was CODE)
  Relative segment, address: 8346 - 8AB7 (0x772 bytes), align: 1
  Segment part 5.             Intra module refs:   doDecodeIR
           ENTRY                   ADDRESS         REF BY
           =====                   =======         ======
           decodeIrReceiveCJ188Frame
                                   8346 
               calls direct
    -------------------------------------------------------------------------
<CODE> 1 (was CODE)
  Relative segment, address: B4C4 - B5B7 (0xf4 bytes), align: 1
  Segment part 6.             Intra module refs:   doDecodeIR
           ENTRY                   ADDRESS         REF BY
           =====                   =======         ======
           judgeIrCJ188FrameIsCorrect
                                   B4C4 
               calls direct
    -------------------------------------------------------------------------
DATA20_Z
  Relative segment, address: 1D9E - 1D9E (0x1 bytes), align: 0
  Segment part 2.             Intra module refs:   doDecodeIR
           ENTRY                   ADDRESS         REF BY
           =====                   =======         ======
           judgeIrCmdStartFlag     1D9E 
    -------------------------------------------------------------------------
<CODE> 1 (was CODE)
  Relative segment, address: B012 - B157 (0x146 bytes), align: 1
  Segment part 7.
           ENTRY                   ADDRESS         REF BY
           =====                   =======         ======
           doDecodeIR              B012            MeterLoop (main)
               calls direct

    *************************************************************************

  FILE NAME : D:\GP224MHz\Debug\Obj\Keybord.r43
  PROGRAM MODULE, NAME : Keybord

  SEGMENTS IN THE MODULE
  ======================
DATA16_AN
  Relative segment, address: 0200 - 0201 (0x2 bytes), align: 0
  Segment part 1. ROOT        Intra module refs:   PORT1
                                                   Timer0_B0 (timerB0)
                                                   TimerA1ISR (timerA1)
           ENTRY                   ADDRESS         REF BY
           =====                   =======         ======
           _A_PAIN_L               0200 
           LOCAL                   ADDRESS         
           =====                   =======         
           PAIN                    0200 
           PAIN_H                  0201 
           PAIN_L                  0200 
    -------------------------------------------------------------------------
DATA16_AN
  Relative segment, address: 0204 - 0205 (0x2 bytes), align: 0
  Segment part 2. ROOT        Intra module refs:   Init_Keybord
                                                   initIR (timerB0)
                                                   initRS485 (RS485)
                                                   initSPI (TDC-GP22)
           ENTRY                   ADDRESS         REF BY
           =====                   =======         ======
           _A_PADIR_L              0204 
           LOCAL                   ADDRESS         
           =====                   =======         
           PADIR                   0204 
           PADIR_H                 0205 
           PADIR_L                 0204 
    -------------------------------------------------------------------------
DATA16_AN
  Relative segment, address: 0218 - 0219 (0x2 bytes), align: 0
  Segment part 3. ROOT        Intra module refs:   Init_Keybord
                                                   initIR (timerB0)
                                                   initSPI (TDC-GP22)
           ENTRY                   ADDRESS         REF BY
           =====                   =======         ======
           _A_PAIES_L              0218 
           LOCAL                   ADDRESS         
           =====                   =======         
           PAIES                   0218 
           PAIES_H                 0219 
           PAIES_L                 0218 
    -------------------------------------------------------------------------
DATA16_AN
  Relative segment, address: 021A - 021B (0x2 bytes), align: 0
  Segment part 4. ROOT        Intra module refs:   Disable_Keybord
                                                   Enable_Keybord
                                                   Init_Keybord
                                                   initIR (timerB0)
                                                   initSPI (TDC-GP22)
                                                   powerCloseIR (timerB0)
           ENTRY                   ADDRESS         REF BY
           =====                   =======         ======
           _A_PAIE_L               021A 
           LOCAL                   ADDRESS         
           =====                   =======         
           PAIE                    021A 
           PAIE_H                  021B 
           PAIE_L                  021A 
    -------------------------------------------------------------------------
DATA16_AN
  Relative segment, address: 021C - 021D (0x2 bytes), align: 0
  Segment part 5. ROOT        Intra module refs:   PORT1
                                                   PORT2 (TDC-GP22)
           ENTRY                   ADDRESS         REF BY
           =====                   =======         ======
           _A_PAIFG_L              021C 
           LOCAL                   ADDRESS         
           =====                   =======         
           PAIFG                   021C 
           PAIFG_H                 021D 
           PAIFG_L                 021C 
    -------------------------------------------------------------------------
<CODE> 1 (was CODE)
  Relative segment, address: CEB0 - CEBD (0xe bytes), align: 1
  Segment part 8.
           ENTRY                   ADDRESS         REF BY
           =====                   =======         ======
           Init_Keybord            CEB0            main (main)
    -------------------------------------------------------------------------
<CODE> 1 (was CODE)
  Relative segment, address: CF7A - CF7F (0x6 bytes), align: 1
  Segment part 9.
           ENTRY                   ADDRESS         REF BY
           =====                   =======         ======
           Enable_Keybord          CF7A            TimerA1ISR (timerA1)
    -------------------------------------------------------------------------
<CODE> 1 (was CODE)
  Relative segment, address: CF80 - CF85 (0x6 bytes), align: 1
  Segment part 10.            Intra module refs:   PORT1
           ENTRY                   ADDRESS         REF BY
           =====                   =======         ======
           Disable_Keybord         CF80 
    -------------------------------------------------------------------------
<CODE> 1 (was CODE)
  Relative segment, address: 978A - 9B21 (0x398 bytes), align: 1
  Segment part 11.
           ENTRY                   ADDRESS         REF BY
           =====                   =======         ======
           doKeyPressL             978A            MeterLoop (main)
               calls direct
    -------------------------------------------------------------------------
ISR_CODE
  Relative segment, address: 5C30 - 5C8B (0x5c bytes), align: 1
  Segment part 12.            Intra module refs:   PORT1::??INTVEC 94
           ENTRY                   ADDRESS         REF BY
           =====                   =======         ======
           PORT1                   5C30 
               interrupt function
               calls direct
    -------------------------------------------------------------------------
INTVEC
  Common segment, address: FF80 - FFDF (0x60 bytes), align: 1
  Segment part 6. ROOT 
           ENTRY                   ADDRESS         REF BY
           =====                   =======         ======
           PORT1::??INTVEC 94      FFDE 

    *************************************************************************

  FILE NAME : D:\GP224MHz\Debug\Obj\lcd.r43
  PROGRAM MODULE, NAME : lcd

  SEGMENTS IN THE MODULE
  ======================
DATA16_AN
  Relative segment, address: 0222 - 0223 (0x2 bytes), align: 0
  Segment part 1. ROOT        Intra module refs:   InitLCD
                                                   ht1621_write_com
                                                   ht1621_write_data
           ENTRY                   ADDRESS         REF BY
           =====                   =======         ======
           _A_PBOUT_L              0222 
           LOCAL                   ADDRESS         
           =====                   =======         
           PBOUT                   0222 
           PBOUT_H                 0223 
           PBOUT_L                 0222 
    -------------------------------------------------------------------------
DATA16_AN
  Relative segment, address: 0224 - 0225 (0x2 bytes), align: 0
  Segment part 2. ROOT        Intra module refs:   InitLCD
                                                   Init_TimerB0_IRRecive (timerB0)
                                                   Init_TimerB0_IRSend (timerB0)
                                                   initIR (timerB0)
           ENTRY                   ADDRESS         REF BY
           =====                   =======         ======
           _A_PBDIR_L              0224 
           LOCAL                   ADDRESS         
           =====                   =======         
           PBDIR                   0224 
           PBDIR_H                 0225 
           PBDIR_L                 0224 
    -------------------------------------------------------------------------
DATA20_C
  Relative segment, address: D772 - D77D (0xc bytes), align: 0
  Segment part 4.             Intra module refs:   Display_Cum_Icon
                                                   Display_Date_Icon
                                                   Display_IR_Icon
                                                   Display_Temp_Icon
                                                   Display_TimeOfFlight_Icon
           ENTRY                   ADDRESS         REF BY
           =====                   =======         ======
           digit                   D772 
    -------------------------------------------------------------------------
DATA20_Z
  Relative segment, address: 1D9F - 1DB6 (0x18 bytes), align: 0
  Segment part 5.             Intra module refs:   ClearLCD
                                                   Display_Cum_Icon
                                                   Display_Date_Icon
                                                   Display_IR_Icon
                                                   Display_Temp_Icon
                                                   Display_TimeOfFlight_Icon
                                                   Icon_danwei_Off_ht1621b
                                                   Icon_danwei_On_ht1621b
                                                   Icon_jiantou1_Off_ht1621b
                                                   Icon_jiantou1_On_ht1621b
                                                   Icon_jiantou3_Off_ht1621b
                                                   Icon_jiantou3_On_ht1621b
                                                   Icon_xiaoshudian1_On_ht1621b
                                                   Icon_xiaoshudian4_On_ht1621b
                                                   Icon_xiaoshudian5_On_ht1621b
                                                   Icon_xiaoshudian6_On_ht1621b
           ENTRY                   ADDRESS         REF BY
           =====                   =======         ======
           seg                     1D9F 
    -------------------------------------------------------------------------
<CODE> 1 (was CODE)
  Relative segment, address: B74C - B7EF (0xa4 bytes), align: 1
  Segment part 6.             Intra module refs:   InitLCD
           ENTRY                   ADDRESS         REF BY
           =====                   =======         ======
           ht1621_write_com        B74C 
    -------------------------------------------------------------------------
<CODE> 1 (was CODE)
  Relative segment, address: B688 - B74B (0xc4 bytes), align: 1
  Segment part 7.             Intra module refs:   AllLCDDisplay
                                                   ClearLCD
                                                   Display_Cum_Icon
                                                   Display_Date_Icon
                                                   Display_IR_Icon
                                                   Display_Temp_Icon
                                                   Display_TimeOfFlight_Icon
                                                   Icon_danwei_Off_ht1621b
                                                   Icon_danwei_On_ht1621b
                                                   Icon_jiantou1_Off_ht1621b
                                                   Icon_jiantou1_On_ht1621b
                                                   Icon_jiantou3_Off_ht1621b
                                                   Icon_jiantou3_On_ht1621b
                                                   Icon_xiaoshudian1_On_ht1621b
                                                   Icon_xiaoshudian4_On_ht1621b
                                                   Icon_xiaoshudian5_On_ht1621b
                                                   Icon_xiaoshudian6_On_ht1621b
           ENTRY                   ADDRESS         REF BY
           =====                   =======         ======
           ht1621_write_data       B688 
    -------------------------------------------------------------------------
<CODE> 1 (was CODE)
  Relative segment, address: CA02 - CA23 (0x22 bytes), align: 1
  Segment part 8.             Intra module refs:   Display_Cum_Icon
                                                   Display_Date_Icon
                                                   Display_IR_Icon
                                                   Display_Temp_Icon
                                                   Display_TimeOfFlight_Icon
                                                   InitLCD
           ENTRY                   ADDRESS         REF BY
           =====                   =======         ======
           ClearLCD                CA02 
               calls direct
    -------------------------------------------------------------------------
<CODE> 1 (was CODE)
  Relative segment, address: CB76 - CB91 (0x1c bytes), align: 1
  Segment part 9.             Intra module refs:   InitLCD
           ENTRY                   ADDRESS         REF BY
           =====                   =======         ======
           AllLCDDisplay           CB76 
               calls direct
    -------------------------------------------------------------------------
<CODE> 1 (was CODE)
  Relative segment, address: C036 - C097 (0x62 bytes), align: 1
  Segment part 10.
           ENTRY                   ADDRESS         REF BY
           =====                   =======         ======
           InitLCD                 C036            main (main)
               calls direct
    -------------------------------------------------------------------------
<CODE> 1 (was CODE)
  Relative segment, address: CD9A - CDAD (0x14 bytes), align: 1
  Segment part 11.            Intra module refs:   Display_Alarm_Icon
           ENTRY                   ADDRESS         REF BY
           =====                   =======         ======
           Icon_jiantou1_On_ht1621b
                                   CD9A 
               calls direct
    -------------------------------------------------------------------------
<CODE> 1 (was CODE)
  Relative segment, address: CD5E - CD71 (0x14 bytes), align: 1
  Segment part 12.            Intra module refs:   Display_Alarm_Icon
           ENTRY                   ADDRESS         REF BY
           =====                   =======         ======
           Icon_jiantou1_Off_ht1621b
                                   CD5E 
               calls direct
    -------------------------------------------------------------------------
<CODE> 1 (was CODE)
  Relative segment, address: CD86 - CD99 (0x14 bytes), align: 1
  Segment part 15.            Intra module refs:   Display_WaterRunning_Icon
           ENTRY                   ADDRESS         REF BY
           =====                   =======         ======
           Icon_jiantou3_On_ht1621b
                                   CD86 
               calls direct
    -------------------------------------------------------------------------
<CODE> 1 (was CODE)
  Relative segment, address: CDAE - CDC1 (0x14 bytes), align: 1
  Segment part 16.            Intra module refs:   Display_WaterRunning_Icon
           ENTRY                   ADDRESS         REF BY
           =====                   =======         ======
           Icon_jiantou3_Off_ht1621b
                                   CDAE 
               calls direct
    -------------------------------------------------------------------------
<CODE> 1 (was CODE)
  Relative segment, address: CDC2 - CDD5 (0x14 bytes), align: 1
  Segment part 17.            Intra module refs:   Display_Cum_Icon
           ENTRY                   ADDRESS         REF BY
           =====                   =======         ======
           Icon_xiaoshudian1_On_ht1621b
                                   CDC2 
               calls direct
    -------------------------------------------------------------------------
<CODE> 1 (was CODE)
  Relative segment, address: CDD6 - CDE9 (0x14 bytes), align: 1
  Segment part 23.            Intra module refs:   Display_Temp_Icon
           ENTRY                   ADDRESS         REF BY
           =====                   =======         ======
           Icon_xiaoshudian4_On_ht1621b
                                   CDD6 
               calls direct
    -------------------------------------------------------------------------
<CODE> 1 (was CODE)
  Relative segment, address: CDEA - CDFD (0x14 bytes), align: 1
  Segment part 25.            Intra module refs:   Display_Cum_Icon
           ENTRY                   ADDRESS         REF BY
           =====                   =======         ======
           Icon_xiaoshudian5_On_ht1621b
                                   CDEA 
               calls direct
    -------------------------------------------------------------------------
<CODE> 1 (was CODE)
  Relative segment, address: CDFE - CE11 (0x14 bytes), align: 1
  Segment part 27.            Intra module refs:   Display_Date_Icon
           ENTRY                   ADDRESS         REF BY
           =====                   =======         ======
           Icon_xiaoshudian6_On_ht1621b
                                   CDFE 
               calls direct
    -------------------------------------------------------------------------
<CODE> 1 (was CODE)
  Relative segment, address: CE12 - CE25 (0x14 bytes), align: 1
  Segment part 31.            Intra module refs:   Display_unit_Icon
           ENTRY                   ADDRESS         REF BY
           =====                   =======         ======
           Icon_danwei_On_ht1621b
                                   CE12 
               calls direct
    -------------------------------------------------------------------------
<CODE> 1 (was CODE)
  Relative segment, address: CE26 - CE39 (0x14 bytes), align: 1
  Segment part 32.            Intra module refs:   Display_unit_Icon
           ENTRY                   ADDRESS         REF BY
           =====                   =======         ======
           Icon_danwei_Off_ht1621b
                                   CE26 
               calls direct
    -------------------------------------------------------------------------
<CODE> 1 (was CODE)
  Relative segment, address: CC60 - CC75 (0x16 bytes), align: 1
  Segment part 33.
           ENTRY                   ADDRESS         REF BY
           =====                   =======         ======
           Display_Alarm_Icon      CC60            ultrasonicTimeOfFlightMeasure (TDC-GP22)
               calls direct
    -------------------------------------------------------------------------
<CODE> 1 (was CODE)
  Relative segment, address: CCE4 - CCF9 (0x16 bytes), align: 1
  Segment part 34.
           ENTRY                   ADDRESS         REF BY
           =====                   =======         ======
           Display_WaterRunning_Icon
                                   CCE4            AmrTimerIntProcess (TDC-GP22)
                                                   doKeyPressL (Keybord)
                                                   ultrasonicTimeOfFlightMeasure (TDC-GP22)
               calls direct
    -------------------------------------------------------------------------
<CODE> 1 (was CODE)
  Relative segment, address: CC8C - CCA1 (0x16 bytes), align: 1
  Segment part 35.            Intra module refs:   Display_Cum_Icon
           ENTRY                   ADDRESS         REF BY
           =====                   =======         ======
           Display_unit_Icon       CC8C 
               calls direct
    -------------------------------------------------------------------------
<CODE> 1 (was CODE)
  Relative segment, address: 72E2 - 7BC1 (0x8e0 bytes), align: 1
  Segment part 36.            Intra module refs:   Display_Else_Icon
                                                   LCD_ReFlash
           ENTRY                   ADDRESS         REF BY
           =====                   =======         ======
           Display_Cum_Icon        72E2 
               calls direct
    -------------------------------------------------------------------------
<CODE> 1 (was CODE)
  Relative segment, address: 9392 - 9789 (0x3f8 bytes), align: 1
  Segment part 37.            Intra module refs:   Display_Else_Icon
           ENTRY                   ADDRESS         REF BY
           =====                   =======         ======
           Display_Date_Icon       9392            rtc (rtc)
               calls direct
    -------------------------------------------------------------------------
<CODE> 1 (was CODE)
  Relative segment, address: A910 - AA8F (0x180 bytes), align: 1
  Segment part 38.            Intra module refs:   Display_Else_Icon
           ENTRY                   ADDRESS         REF BY
           =====                   =======         ======
           Display_Temp_Icon       A910 
               calls direct
    -------------------------------------------------------------------------
<CODE> 1 (was CODE)
  Relative segment, address: 68F4 - 72E1 (0x9ee bytes), align: 1
  Segment part 39.            Intra module refs:   Display_Else_Icon
           ENTRY                   ADDRESS         REF BY
           =====                   =======         ======
           Display_TimeOfFlight_Icon
                                   68F4 
               calls direct
    -------------------------------------------------------------------------
<CODE> 1 (was CODE)
  Relative segment, address: A0C0 - A30F (0x250 bytes), align: 1
  Segment part 40.            Intra module refs:   Display_Else_Icon
           ENTRY                   ADDRESS         REF BY
           =====                   =======         ======
           Display_IR_Icon         A0C0 
               calls direct
    -------------------------------------------------------------------------
<CODE> 1 (was CODE)
  Relative segment, address: B932 - B9D1 (0xa0 bytes), align: 1
  Segment part 41.
           ENTRY                   ADDRESS         REF BY
           =====                   =======         ======
           Display_Else_Icon       B932            doKeyPressL (Keybord)
                                                   ultrasonicTimeOfFlightMeasure (TDC-GP22)
               calls direct
    -------------------------------------------------------------------------
<CODE> 1 (was CODE)
  Relative segment, address: C8DC - C905 (0x2a bytes), align: 1
  Segment part 42.
           ENTRY                   ADDRESS         REF BY
           =====                   =======         ======
           LCD_ReFlash             C8DC            main (main)
               calls direct

    *************************************************************************

  FILE NAME : D:\GP224MHz\Debug\Obj\main.r43
  PROGRAM MODULE, NAME : main

  SEGMENTS IN THE MODULE
  ======================
DATA16_AN
  Relative segment, address: 015C - 015D (0x2 bytes), align: 0
  Segment part 1. ROOT        Intra module refs:   main
           ENTRY                   ADDRESS         REF BY
           =====                   =======         ======
           _A_WDTCTL_L             015C 
           LOCAL                   ADDRESS         
           =====                   =======         
           WDTCTL                  015C 
           WDTCTL_H                015D 
           WDTCTL_L                015C 
    -------------------------------------------------------------------------
<CODE> 1 (was CODE)
  Relative segment, address: C154 - C1AF (0x5c bytes), align: 1
  Segment part 3.             Intra module refs:   main
           ENTRY                   ADDRESS         REF BY
           =====                   =======         ======
           MeterLoop               C154 
               calls direct
    -------------------------------------------------------------------------
<CODE> 1 (was CODE)
  Relative segment, address: C566 - C5AB (0x46 bytes), align: 1
  Segment part 4.
           ENTRY                   ADDRESS         REF BY
           =====                   =======         ======
           main                    C566            Segment part 26 (?cstart)
               calls direct

    *************************************************************************

  FILE NAME : D:\GP224MHz\Debug\Obj\mbus.r43
  PROGRAM MODULE, NAME : mbus

  SEGMENTS IN THE MODULE
  ======================
DATA16_AN
  Relative segment, address: 05C0 - 05C1 (0x2 bytes), align: 0
  Segment part 1. ROOT        Intra module refs:   initMBUS
           ENTRY                   ADDRESS         REF BY
           =====                   =======         ======
           _A_UCA0CTLW0_L          05C0 
           LOCAL                   ADDRESS         
           =====                   =======         
           UCA0CTLW0               05C0 
           UCA0CTLW0_H             05C1 
           UCA0CTLW0_L             05C0 
    -------------------------------------------------------------------------
DATA16_AN
  Relative segment, address: 05C6 - 05C7 (0x2 bytes), align: 0
  Segment part 2. ROOT        Intra module refs:   initMBUS
           ENTRY                   ADDRESS         REF BY
           =====                   =======         ======
           _A_UCA0BRW_L            05C6 
           LOCAL                   ADDRESS         
           =====                   =======         
           UCA0BRW                 05C6 
           UCA0BRW_H               05C7 
           UCA0BRW_L               05C6 
    -------------------------------------------------------------------------
DATA16_AN
  Relative segment, address: 05C8 - 05C8 (0x1 bytes), align: 0
  Segment part 3. ROOT        Intra module refs:   initMBUS
                                                   initSPI (TDC-GP22)
           ENTRY                   ADDRESS         REF BY
           =====                   =======         ======
           UCA0MCTL                05C8 
    -------------------------------------------------------------------------
DATA16_AN
  Relative segment, address: 05CC - 05CC (0x1 bytes), align: 0
  Segment part 4. ROOT        Intra module refs:   USCI_A0_ISR
           ENTRY                   ADDRESS         REF BY
           =====                   =======         ======
           UCA0RXBUF               05CC 
    -------------------------------------------------------------------------
DATA16_AN
  Relative segment, address: 05DC - 05DD (0x2 bytes), align: 0
  Segment part 5. ROOT        Intra module refs:   USCI_A0_ISR
                                                   initMBUS
           ENTRY                   ADDRESS         REF BY
           =====                   =======         ======
           _A_UCA0ICTL_L           05DC 
           LOCAL                   ADDRESS         
           =====                   =======         
           UCA0ICTL                05DC 
           UCA0ICTL_H              05DD 
           UCA0ICTL_L              05DC 
    -------------------------------------------------------------------------
<CODE> 1 (was CODE)
  Relative segment, address: BF02 - BF6B (0x6a bytes), align: 1
  Segment part 9.
           ENTRY                   ADDRESS         REF BY
           =====                   =======         ======
           initMBUS                BF02            main (main)
               CSTACK = 00000000 ( 00000004 )
    -------------------------------------------------------------------------
ISR_CODE
  Relative segment, address: 5C8C - 5CA3 (0x18 bytes), align: 1
  Segment part 8.             Intra module refs:   USCI_A0_ISR::??INTVEC 114
           ENTRY                   ADDRESS         REF BY
           =====                   =======         ======
           USCI_A0_ISR             5C8C 
               interrupt function
               calls direct
               CSTACK = 00000000 ( 00000014 )
    -------------------------------------------------------------------------
INTVEC
  Common segment, address: FF80 - FFF3 (0x74 bytes), align: 1
  Segment part 6. ROOT 
           ENTRY                   ADDRESS         REF BY
           =====                   =======         ======
           USCI_A0_ISR::??INTVEC 114
                                   FFF2 

    *************************************************************************

  FILE NAME : D:\GP224MHz\Debug\Obj\params.r43
  PROGRAM MODULE, NAME : params

  SEGMENTS IN THE MODULE
  ======================
DATA20_Z
  Relative segment, address: 1DB7 - 1DBD (0x7 bytes), align: 0
  Segment part 2.
           ENTRY                   ADDRESS         REF BY
           =====                   =======         ======
           g_systemPara            1DB7            Init_IR_Send_Buf (IR)
                                                   Init_IR_Send_Buf_ReadMeterAddress (IR)
                                                   judgeIrCJ188FrameIsCorrect (IR)
    -------------------------------------------------------------------------
DATA20_Z
  Relative segment, address: 1C02 - 1C15 (0x14 bytes), align: 1
  Segment part 3.
           ENTRY                   ADDRESS         REF BY
           =====                   =======         ======
           WFMCountInfo            1C02            AmrTimerIntProcess (TDC-GP22)
                                                   ultrasonicWaterMeterParamInit (TDC-GP22)
    -------------------------------------------------------------------------
DATA20_Z
  Relative segment, address: 1C16 - 1D25 (0x110 bytes), align: 1
  Segment part 4.
           ENTRY                   ADDRESS         REF BY
           =====                   =======         ======
           WfmInfo                 1C16            AmrTimerIntProcess (TDC-GP22)
                                                   CalcVolume (TDC-GP22)
                                                   LCD_ReFlash (lcd)
                                                   Print_Information (RS485)
                                                   decodeIrReceiveCJ188Frame (IR)
                                                   doKeyPressL (Keybord)
                                                   readDayCum (DataSave)
                                                   readMonthCum (DataSave)
                                                   saveDayCum (DataSave)
                                                   saveMonthCum (DataSave)
                                                   ultrasonicTimeOfFlightMeasure (TDC-GP22)
                                                   ultrasonicWaterMeterParamInit (TDC-GP22)
    -------------------------------------------------------------------------
DATA20_Z
  Relative segment, address: 1D26 - 1D27 (0x2 bytes), align: 1
  Segment part 10.
           ENTRY                   ADDRESS         REF BY
           =====                   =======         ======
           g_externalTriggerEvent
                                   1D26            MeterLoop (main)
                                                   Timer0_B0 (timerB0)
                                                   TimerA1ISR (timerA1)
                                                   rtc (rtc)
    -------------------------------------------------------------------------
DATA20_Z
  Relative segment, address: 1DBE - 1DC4 (0x7 bytes), align: 0
  Segment part 11.
           ENTRY                   ADDRESS         REF BY
           =====                   =======         ======
           g_tagRTC                1DBE            Display_Else_Icon (lcd)
                                                   decodeIrReceiveCJ188Frame (IR)
                                                   rtc (rtc)
                                                   saveDayCum (DataSave)
                                                   saveMonthCum (DataSave)
    -------------------------------------------------------------------------
DATA20_Z
  Relative segment, address: 1DC5 - 1DCB (0x7 bytes), align: 0
  Segment part 12.
           ENTRY                   ADDRESS         REF BY
           =====                   =======         ======
           g_rtcTempBuffer         1DC5            decodeIrReceiveCJ188Frame (IR)
    -------------------------------------------------------------------------
DATA20_Z
  Relative segment, address: 1DCC - 1DFD (0x32 bytes), align: 0
  Segment part 15.
           ENTRY                   ADDRESS         REF BY
           =====                   =======         ======
           g_irReceiveBuffer       1DCC            Reset_IR_Param (timerB0)
                                                   decodeIrReceiveCJ188Frame (IR)
                                                   doDecodeIR (IR)
                                                   judgeIrCJ188FrameIsCorrect (IR)
    -------------------------------------------------------------------------
DATA20_Z
  Relative segment, address: 1DFE - 1E4D (0x50 bytes), align: 0
  Segment part 16.
           ENTRY                   ADDRESS         REF BY
           =====                   =======         ======
           g_irSendBuffer          1DFE            Init_IR_Send_Buf (IR)
                                                   Init_IR_Send_Buf_ReadMeterAddress (IR)
                                                   Reset_IR_Param (timerB0)
                                                   Start_IRSend_PWM (timerB0)
                                                   Stop_IRSend_PWM (timerB0)
                                                   Timer0_B0 (timerB0)
                                                   decodeIrReceiveCJ188Frame (IR)
    -------------------------------------------------------------------------
DATA20_Z
  Relative segment, address: 1E4E - 1E4E (0x1 bytes), align: 0
  Segment part 17.
           ENTRY                   ADDRESS         REF BY
           =====                   =======         ======
           g_irSendByteNumberCount
                                   1E4E            Reset_IR_Param (timerB0)
                                                   Stop_IRSend_PWM (timerB0)
                                                   Timer0_B0 (timerB0)
                                                   decodeIrReceiveCJ188Frame (IR)
    -------------------------------------------------------------------------
DATA20_Z
  Relative segment, address: 1E4F - 1E4F (0x1 bytes), align: 0
  Segment part 18.
           ENTRY                   ADDRESS         REF BY
           =====                   =======         ======
           g_irReceiveByteNumberCount
                                   1E4F            Reset_IR_Param (timerB0)
                                                   doDecodeIR (IR)
                                                   judgeIrCJ188FrameIsCorrect (IR)
    -------------------------------------------------------------------------
DATA20_Z
  Relative segment, address: 1E50 - 1E50 (0x1 bytes), align: 0
  Segment part 19.
           ENTRY                   ADDRESS         REF BY
           =====                   =======         ======
           g_irReceiveCode         1E50            Timer0_B0 (timerB0)
                                                   doDecodeIR (IR)
    -------------------------------------------------------------------------
DATA20_I
  Relative segment, address: 1C00 - 1C00 (0x1 bytes), align: 0
  Segment part 20.
           ENTRY                   ADDRESS         REF BY
           =====                   =======         ======
           g_irReceiveByteOkFlag   1C00            PORT1 (Keybord)
                                                   Reset_IR_Param (timerB0)
                                                   Timer0_B0 (timerB0)
                                                   doDecodeIR (IR)
    -------------------------------------------------------------------------
DATA20_Z
  Relative segment, address: 1E51 - 1E51 (0x1 bytes), align: 0
  Segment part 22.
           ENTRY                   ADDRESS         REF BY
           =====                   =======         ======
           g_irReceiveOrSendFlag   1E51            PORT1 (Keybord)
                                                   Reset_IR_Param (timerB0)
                                                   Start_IRSend_PWM (timerB0)
                                                   Stop_IRSend_PWM (timerB0)
                                                   Timer0_B0 (timerB0)
    -------------------------------------------------------------------------
DATA20_Z
  Relative segment, address: 1E52 - 210D (0x2bc bytes), align: 0
  Segment part 23.
           ENTRY                   ADDRESS         REF BY
           =====                   =======         ======
           g_DataSave_Buffer       1E52            readDayCum (DataSave)
                                                   readMonthCum (DataSave)
                                                   saveDayCum (DataSave)
                                                   saveMonthCum (DataSave)
    -------------------------------------------------------------------------
DATA20_Z
  Relative segment, address: 210E - 210E (0x1 bytes), align: 0
  Segment part 28.
           ENTRY                   ADDRESS         REF BY
           =====                   =======         ======
           g_uartReceiveCode       210E            USCI_A0_ISR (mbus)
                                                   USCI_A3_ISR (RS485)
    -------------------------------------------------------------------------
DATA20_I
  Relative segment, address: 1C01 - 1C01 (0x1 bytes), align: 0
  Segment part 35.
           ENTRY                   ADDRESS         REF BY
           =====                   =======         ======
           g_displayState          1C01            LCD_ReFlash (lcd)
                                                   TimerA1ISR (timerA1)
                                                   doKeyPressL (Keybord)
                                                   rtc (rtc)
                                                   ultrasonicTimeOfFlightMeasure (TDC-GP22)
    -------------------------------------------------------------------------
DATA20_Z
  Relative segment, address: 210F - 210F (0x1 bytes), align: 0
  Segment part 42.
           ENTRY                   ADDRESS         REF BY
           =====                   =======         ======
           g_KeyInteruptDown_Flag
                                   210F            PORT1 (Keybord)
                                                   TimerA1ISR (timerA1)
    -------------------------------------------------------------------------
DATA20_Z
  Relative segment, address: 2110 - 2110 (0x1 bytes), align: 0
  Segment part 43.
           ENTRY                   ADDRESS         REF BY
           =====                   =======         ======
           g_tdcInterruptFlag      2110            PORT2 (TDC-GP22)
                                                   calibrateResonator (TDC-GP22)
                                                   tempMeasure (TDC-GP22)
                                                   ultrasonicTimeOfFlightMeasure (TDC-GP22)
    -------------------------------------------------------------------------
DATA20_Z
  Relative segment, address: 1D28 - 1D29 (0x2 bytes), align: 1
  Segment part 44.
           ENTRY                   ADDRESS         REF BY
           =====                   =======         ======
           g_tdcStatusRegister     1D28            calibrateResonator (TDC-GP22)
                                                   tempMeasure (TDC-GP22)
                                                   ultrasonicTimeOfFlightMeasure (TDC-GP22)
    -------------------------------------------------------------------------
DATA20_Z
  Relative segment, address: 1D2A - 1D2D (0x4 bytes), align: 1
  Segment part 46.
           ENTRY                   ADDRESS         REF BY
           =====                   =======         ======
           g_calibrateResult       1D2A            calibrateResonator (TDC-GP22)
    -------------------------------------------------------------------------
DATA20_Z
  Relative segment, address: 1D2E - 1D31 (0x4 bytes), align: 1
  Segment part 47.
           ENTRY                   ADDRESS         REF BY
           =====                   =======         ======
           g_calibrateCorrectionFactor
                                   1D2E            calibrateResonator (TDC-GP22)
                                                   ultrasonicTimeOfFlightMeasure (TDC-GP22)
    -------------------------------------------------------------------------
DATA20_Z
  Relative segment, address: 1D32 - 1D35 (0x4 bytes), align: 1
  Segment part 60.
           ENTRY                   ADDRESS         REF BY
           =====                   =======         ======
           g_timeResult0           1D32            tempMeasure (TDC-GP22)
    -------------------------------------------------------------------------
DATA20_Z
  Relative segment, address: 1D36 - 1D39 (0x4 bytes), align: 1
  Segment part 61.
           ENTRY                   ADDRESS         REF BY
           =====                   =======         ======
           g_timeResult1           1D36            tempMeasure (TDC-GP22)
    -------------------------------------------------------------------------
DATA20_Z
  Relative segment, address: 1D3A - 1D3D (0x4 bytes), align: 1
  Segment part 62.
           ENTRY                   ADDRESS         REF BY
           =====                   =======         ======
           g_timeResult2           1D3A            tempMeasure (TDC-GP22)
    -------------------------------------------------------------------------
DATA20_Z
  Relative segment, address: 1D3E - 1D41 (0x4 bytes), align: 1
  Segment part 63.
           ENTRY                   ADDRESS         REF BY
           =====                   =======         ======
           g_timeResult3           1D3E            tempMeasure (TDC-GP22)
                                                   ultrasonicTimeOfFlightMeasure (TDC-GP22)
    -------------------------------------------------------------------------
DATA20_Z
  Relative segment, address: 1D42 - 1D45 (0x4 bytes), align: 1
  Segment part 64.
           ENTRY                   ADDRESS         REF BY
           =====                   =======         ======
           g_averageTimeResultUp   1D42            Print_Information (RS485)
                                                   doKeyPressL (Keybord)
                                                   ultrasonicTimeOfFlightMeasure (TDC-GP22)
    -------------------------------------------------------------------------
DATA20_Z
  Relative segment, address: 1D46 - 1D49 (0x4 bytes), align: 1
  Segment part 65.
           ENTRY                   ADDRESS         REF BY
           =====                   =======         ======
           g_averageTimeResultDown
                                   1D46            Print_Information (RS485)
                                                   doKeyPressL (Keybord)
                                                   ultrasonicTimeOfFlightMeasure (TDC-GP22)
    -------------------------------------------------------------------------
DATA20_Z
  Relative segment, address: 1D4A - 1D4D (0x4 bytes), align: 1
  Segment part 66.
           ENTRY                   ADDRESS         REF BY
           =====                   =======         ======
           g_PW1STValue            1D4A            ultrasonicTimeOfFlightMeasure (TDC-GP22)
    -------------------------------------------------------------------------
DATA20_Z
  Relative segment, address: 1D4E - 1D51 (0x4 bytes), align: 1
  Segment part 67.
           ENTRY                   ADDRESS         REF BY
           =====                   =======         ======
           g_timeOfFlight          1D4E            ultrasonicTimeOfFlightMeasure (TDC-GP22)
    -------------------------------------------------------------------------
DATA20_Z
  Relative segment, address: 1D52 - 1D55 (0x4 bytes), align: 1
  Segment part 68.
           ENTRY                   ADDRESS         REF BY
           =====                   =======         ======
           g_timeOfFlight_ave      1D52            AmrTimerIntProcess (TDC-GP22)
                                                   Print_Information (RS485)
                                                   doKeyPressL (Keybord)
                                                   ultrasonicTimeOfFlightMeasure (TDC-GP22)
    -------------------------------------------------------------------------
DATA20_Z
  Relative segment, address: 1D56 - 1D7D (0x28 bytes), align: 1
  Segment part 69.
           ENTRY                   ADDRESS         REF BY
           =====                   =======         ======
           g_timeOfFlightBuffer    1D56            ultrasonicTimeOfFlightMeasure (TDC-GP22)
    -------------------------------------------------------------------------
DATA20_Z
  Relative segment, address: 1D7E - 1D81 (0x4 bytes), align: 1
  Segment part 70.
           ENTRY                   ADDRESS         REF BY
           =====                   =======         ======
           g_tofDisplay            1D7E            ultrasonicTimeOfFlightMeasure (TDC-GP22)
    -------------------------------------------------------------------------
DATA20_Z
  Relative segment, address: 1D82 - 1D85 (0x4 bytes), align: 1
  Segment part 71.
           ENTRY                   ADDRESS         REF BY
           =====                   =======         ======
           g_waterLineSpeed        1D82            ultrasonicTimeOfFlightMeasure (TDC-GP22)
    -------------------------------------------------------------------------
DATA20_Z
  Relative segment, address: 1D86 - 1D89 (0x4 bytes), align: 1
  Segment part 72.
           ENTRY                   ADDRESS         REF BY
           =====                   =======         ======
           g_waterSurfaceSpeed     1D86            AmrTimerIntProcess (TDC-GP22)
                                                   doKeyPressL (Keybord)
                                                   ultrasonicTimeOfFlightMeasure (TDC-GP22)
    -------------------------------------------------------------------------
DATA20_Z
  Relative segment, address: 1D8A - 1D8D (0x4 bytes), align: 1
  Segment part 73.
           ENTRY                   ADDRESS         REF BY
           =====                   =======         ======
           g_waterSurfaceSpeedDisp
                                   1D8A            AmrTimerIntProcess (TDC-GP22)
                                                   LCD_ReFlash (lcd)
                                                   Print_Information (RS485)
                                                   doKeyPressL (Keybord)
                                                   ultrasonicTimeOfFlightMeasure (TDC-GP22)
    -------------------------------------------------------------------------
DATA20_Z
  Relative segment, address: 2111 - 2111 (0x1 bytes), align: 0
  Segment part 81.
           ENTRY                   ADDRESS         REF BY
           =====                   =======         ======
           g_upTimeOutFlag         2111            ultrasonicTimeOfFlightMeasure (TDC-GP22)
    -------------------------------------------------------------------------
DATA20_Z
  Relative segment, address: 2112 - 2112 (0x1 bytes), align: 0
  Segment part 82.
           ENTRY                   ADDRESS         REF BY
           =====                   =======         ======
           g_downTimeOutFlag       2112            ultrasonicTimeOfFlightMeasure (TDC-GP22)
    -------------------------------------------------------------------------
DATA20_Z
  Relative segment, address: 2113 - 2113 (0x1 bytes), align: 0
  Segment part 87.
           ENTRY                   ADDRESS         REF BY
           =====                   =======         ======
           g_valueOpenFlag         2113            AmrTimerIntProcess (TDC-GP22)
                                                   ultrasonicTimeOfFlightMeasure (TDC-GP22)
    -------------------------------------------------------------------------
DATA20_Z
  Relative segment, address: 1D8E - 1D8F (0x2 bytes), align: 1
  Segment part 89.
           ENTRY                   ADDRESS         REF BY
           =====                   =======         ======
           g_tempValue             1D8E            doKeyPressL (Keybord)
                                                   tempMeasure (TDC-GP22)
                                                   ultrasonicTimeOfFlightMeasure (TDC-GP22)
    -------------------------------------------------------------------------
DATA20_Z
  Relative segment, address: 1D90 - 1D93 (0x4 bytes), align: 1
  Segment part 90.
           ENTRY                   ADDRESS         REF BY
           =====                   =======         ======
           g_tempHot               1D90            tempMeasure (TDC-GP22)
    -------------------------------------------------------------------------
DATA20_Z
  Relative segment, address: 1D94 - 1D95 (0x2 bytes), align: 1
  Segment part 92.
           ENTRY                   ADDRESS         REF BY
           =====                   =======         ======
           g_tempTableP            1D94            tempMeasure (TDC-GP22)
    -------------------------------------------------------------------------
DATA20_ID
  Relative segment, address: D7DE - D7DE (0x1 bytes), align: 0
  Segment part 21.            Intra module refs:   g_irReceiveByteOkFlag
    -------------------------------------------------------------------------
DATA20_ID
  Relative segment, address: D7DF - D7DF (0x1 bytes), align: 0
  Segment part 36.            Intra module refs:   g_displayState

    *************************************************************************

  FILE NAME : D:\GP224MHz\Debug\Obj\RS485.r43
  PROGRAM MODULE, NAME : RS485

  SEGMENTS IN THE MODULE
  ======================
DATA16_AN
  Relative segment, address: 0202 - 0203 (0x2 bytes), align: 0
  Segment part 1. ROOT        Intra module refs:   initRS485
           ENTRY                   ADDRESS         REF BY
           =====                   =======         ======
           _A_PAOUT_L              0202 
           LOCAL                   ADDRESS         
           =====                   =======         
           PAOUT                   0202 
           PAOUT_H                 0203 
           PAOUT_L                 0202 
    -------------------------------------------------------------------------
DATA16_AN
  Relative segment, address: 0680 - 0681 (0x2 bytes), align: 0
  Segment part 5. ROOT        Intra module refs:   initRS485
[...]
<CODE> 1 (was CODE)
  Relative segment, address: CF98 - CF9B (0x4 bytes), align: 1
  Segment part 6.
           ENTRY                   ADDRESS         REF BY
           =====                   =======         ======
           __data20_memcpy         CF98            ?cstart_init_copy20 (?cstart)
               calls direct

    -------------------------------------------------------------------------
  LIBRARY MODULE, NAME : ?Mul8Hw

  SEGMENTS IN THE MODULE
  ======================
<CODE> 1 (was CODE)
  Relative segment, address: CAA8 - CAAB (0x4 bytes), align: 1
  Segment part 0.
           ENTRY                   ADDRESS         REF BY
           =====                   =======         ======
           ?Mul8Hw                 CAA8            _LitobFull (?xprintffull)
    -------------------------------------------------------------------------
<CODE> 1 (was CODE)
  Relative segment, address: CAAC - CAC7 (0x1c bytes), align: 1
  Segment part 1.             Intra module refs:   ?Mul8Hw
           ENTRY                   ADDRESS         REF BY
           =====                   =======         ======
           ?Mul16Hw                CAAC 
           ?Mul16to32uHw           CAAC 

    -------------------------------------------------------------------------
  LIBRARY MODULE, NAME : ?Mul16to32sHw

  SEGMENTS IN THE MODULE
  ======================
<CODE> 1 (was CODE)
  Relative segment, address: CB22 - CB3D (0x1c bytes), align: 1
  Segment part 0.
           ENTRY                   ADDRESS         REF BY
           =====                   =======         ======
           ?Mul16to32sHw           CB22            _LdtobFull (?xprintffull)

    -------------------------------------------------------------------------
  LIBRARY MODULE, NAME : ?Mul32Hw32

  SEGMENTS IN THE MODULE
  ======================
<CODE> 1 (was CODE)
  Relative segment, address: C976 - C999 (0x24 bytes), align: 1
  Segment part 0.
           ENTRY                   ADDRESS         REF BY
           =====                   =======         ======
           ?Mul32Hw32              C976            CalcVolume (TDC-GP22)

    -------------------------------------------------------------------------
  LIBRARY MODULE, NAME : ?sprintf

  SEGMENTS IN THE MODULE
  ======================
<CODE> 1 (was CODE)
  Relative segment, address: C62C - C667 (0x3c bytes), align: 1
  Segment part 2.
           ENTRY                   ADDRESS         REF BY
           =====                   =======         ======
           sprintf                 C62C            Print_Text1 (RS485)
               calls direct

    -------------------------------------------------------------------------
  LIBRARY MODULE, NAME : ?strchr

  SEGMENTS IN THE MODULE
  ======================
<CODE> 1 (was CODE)
  Relative segment, address: CEA2 - CEAF (0xe bytes), align: 1
  Segment part 2.
           ENTRY                   ADDRESS         REF BY
           =====                   =======         ======
           __iar_Strchr            CEA2            _PrintfFull (?xprintffull)

    -------------------------------------------------------------------------
  LIBRARY MODULE, NAME : ?strlen

  SEGMENTS IN THE MODULE
  ======================
<CODE> 1 (was CODE)
  Relative segment, address: CA68 - CA87 (0x20 bytes), align: 1
  Segment part 2.
           ENTRY                   ADDRESS         REF BY
           =====                   =======         ======
           strlen                  CA68            _PrintfFull (?xprintffull)

    -------------------------------------------------------------------------
  LIBRARY MODULE, NAME : ?xdscale

  SEGMENTS IN THE MODULE
  ======================
<CODE> 1 (was CODE)
  Relative segment, address: BB02 - BB91 (0x90 bytes), align: 1
  Segment part 2.
           ENTRY                   ADDRESS         REF BY
           =====                   =======         ======
           __iar_Dscale            BB02            _LdtobFull (?xprintffull)

    -------------------------------------------------------------------------
  LIBRARY MODULE, NAME : ?xdunscal

  SEGMENTS IN THE MODULE
  ======================
<CODE> 1 (was CODE)
  Relative segment, address: C490 - C4D7 (0x48 bytes), align: 1
  Segment part 2.
           ENTRY                   ADDRESS         REF BY
           =====                   =======         ======
           __iar_Dunscale          C490            _LdtobFull (?xprintffull)

    -------------------------------------------------------------------------
  LIBRARY MODULE, NAME : ?xprintffull

  SEGMENTS IN THE MODULE
  ======================
<CODE> 1 (was CODE)
  Relative segment, address: 8AB8 - 8F73 (0x4bc bytes), align: 1
  Segment part 26.
           ENTRY                   ADDRESS         REF BY
           =====                   =======         ======
           _PrintfFull             8AB8            sprintf (?sprintf)
               calls direct
    -------------------------------------------------------------------------
<CODE> 1 (was CODE)
  Relative segment, address: CECC - CED9 (0xe bytes), align: 1
  Segment part 31.            Intra module refs:   _PrintfFull
    -------------------------------------------------------------------------
<CODE> 1 (was CODE)
  Relative segment, address: CD72 - CD77 (0x6 bytes), align: 1
  Segment part 32.            Intra module refs:   _PrintfFull
    -------------------------------------------------------------------------
<CODE> 1 (was CODE)
  Relative segment, address: CD78 - CD85 (0xe bytes), align: 1
  Segment part 33.            Intra module refs:   Segment part 32
                                                   _PrintfFull
    -------------------------------------------------------------------------
<CODE> 1 (was CODE)
  Relative segment, address: 5EF2 - 5F71 (0x80 bytes), align: 1
  Segment part 8.             Intra module refs:   _PrintfFull
           LOCAL                   ADDRESS         
           =====                   =======         
           LoadInt                 5EF2 
    -------------------------------------------------------------------------
<CODE> 1 (was CODE)
  Relative segment, address: 5F72 - 5F83 (0x12 bytes), align: 1
  Segment part 9.             Intra module refs:   LoadInt
    -------------------------------------------------------------------------
<CODE> 1 (was CODE)
  Relative segment, address: 5F84 - 6209 (0x286 bytes), align: 1
  Segment part 10.            Intra module refs:   _LdtobFull
           LOCAL                   ADDRESS         
           =====                   =======         
           _GenldFull              5F84 
               calls direct
    -------------------------------------------------------------------------
<CODE> 1 (was CODE)
  Relative segment, address: 620A - 6219 (0x10 bytes), align: 1
  Segment part 11.            Intra module refs:   _GenldFull
    -------------------------------------------------------------------------
<CODE> 1 (was CODE)
  Relative segment, address: 621A - 6229 (0x10 bytes), align: 1
  Segment part 12.            Intra module refs:   _GenldFull
    -------------------------------------------------------------------------
<CODE> 1 (was CODE)
  Relative segment, address: 622A - 6235 (0xc bytes), align: 1
  Segment part 13.            Intra module refs:   _GenldFull
    -------------------------------------------------------------------------
<CODE> 1 (was CODE)
  Relative segment, address: 6236 - 6249 (0x14 bytes), align: 1
  Segment part 14.            Intra module refs:   _GenldFull
    -------------------------------------------------------------------------
<CODE> 1 (was CODE)
  Relative segment, address: 624A - 625B (0x12 bytes), align: 1
  Segment part 15.            Intra module refs:   _GenldFull
    -------------------------------------------------------------------------
<CODE> 1 (was CODE)
  Relative segment, address: 625C - 627F (0x24 bytes), align: 1
  Segment part 16.            Intra module refs:   _GenldFull
    -------------------------------------------------------------------------
<CODE> 1 (was CODE)
  Relative segment, address: 6280 - 62C1 (0x42 bytes), align: 1
  Segment part 17.            Intra module refs:   _LdtobFull
           LOCAL                   ADDRESS         
           =====                   =======         
           scale                   6280 
               calls direct
    -------------------------------------------------------------------------
<CODE> 1 (was CODE)
  Relative segment, address: 62C2 - 66D5 (0x414 bytes), align: 1
  Segment part 18.            Intra module refs:   _PrintfFull
           LOCAL                   ADDRESS         
           =====                   =======         
           _LdtobFull              62C2 
               calls direct
    -------------------------------------------------------------------------
<CODE> 1 (was CODE)
  Relative segment, address: 66D6 - 66DF (0xa bytes), align: 1
  Segment part 19.            Intra module refs:   _LdtobFull
    -------------------------------------------------------------------------
<CODE> 1 (was CODE)
  Relative segment, address: 66E0 - 66ED (0xe bytes), align: 1
  Segment part 20.            Intra module refs:   _LdtobFull
    -------------------------------------------------------------------------
<CODE> 1 (was CODE)
  Relative segment, address: 66EE - 66F7 (0xa bytes), align: 1
  Segment part 21.            Intra module refs:   _LdtobFull
    -------------------------------------------------------------------------
<CODE> 1 (was CODE)
  Relative segment, address: 66F8 - 6707 (0x10 bytes), align: 1
  Segment part 22.            Intra module refs:   _LdtobFull
    -------------------------------------------------------------------------
<CODE> 1 (was CODE)
  Relative segment, address: 6708 - 68D7 (0x1d0 bytes), align: 1
  Segment part 23.            Intra module refs:   _PrintfFull
           LOCAL                   ADDRESS         
           =====                   =======         
           _LitobFull              6708 
               calls direct
    -------------------------------------------------------------------------
<CODE> 1 (was CODE)
  Relative segment, address: 68D8 - 68E9 (0x12 bytes), align: 1
  Segment part 24.            Intra module refs:   _LitobFull
    -------------------------------------------------------------------------
<CODE> 1 (was CODE)
  Relative segment, address: 68EA - 68F3 (0xa bytes), align: 1
  Segment part 25.            Intra module refs:   LoadInt
                                                   _LitobFull
                                                   _PrintfFull
    -------------------------------------------------------------------------
<CODE> 1 (was CODE)
  Relative segment, address: C770 - C79F (0x30 bytes), align: 1
  Segment part 36.            Intra module refs:   Segment part 33
           LOCAL                   ADDRESS         
           =====                   =======         
           pad                     C770 
               calls direct
    -------------------------------------------------------------------------
<CODE> 1 (was CODE)
  Relative segment, address: CF02 - CF05 (0x4 bytes), align: 1
  Segment part 27.            Intra module refs:   Segment part 35
    -------------------------------------------------------------------------
<CODE> 1 (was CODE)
  Relative segment, address: CF06 - CF0D (0x8 bytes), align: 1
  Segment part 28.            Intra module refs:   Segment part 27
                                                   _LdtobFull
                                                   _PrintfFull
    -------------------------------------------------------------------------
<CODE> 1 (was CODE)
  Relative segment, address: C952 - C975 (0x24 bytes), align: 1
  Segment part 37.            Intra module refs:   _PrintfFull
                                                   _PutcharsFull
           LOCAL                   ADDRESS         
           =====                   =======         
           _PutcharFull            C952 
               calls indirect
    -------------------------------------------------------------------------
<CODE> 1 (was CODE)
  Relative segment, address: C906 - C92B (0x26 bytes), align: 1
  Segment part 38.            Intra module refs:   Segment part 31
                                                   pad
           LOCAL                   ADDRESS         
           =====                   =======         
           _PutcharsFull           C906 
               calls direct
    -------------------------------------------------------------------------
<CODE> 1 (was CODE)
  Relative segment, address: CEE8 - CEF5 (0xe bytes), align: 1
  Segment part 29.            Intra module refs:   _PrintfFull
    -------------------------------------------------------------------------
<CODE> 1 (was CODE)
  Relative segment, address: CE60 - CE71 (0x12 bytes), align: 1
  Segment part 30.            Intra module refs:   _PrintfFull
    -------------------------------------------------------------------------
<CODE> 1 (was CODE)
  Relative segment, address: CCFA - CD0D (0x14 bytes), align: 1
  Segment part 34.            Intra module refs:   _PrintfFull
    -------------------------------------------------------------------------
<CODE> 1 (was CODE)
  Relative segment, address: C6A2 - C6D9 (0x38 bytes), align: 1
  Segment part 35.            Intra module refs:   _PrintfFull
    -------------------------------------------------------------------------
DATA20_C
  Relative segment, address: D7C4 - D7CA (0x7 bytes), align: 0
  Segment part 2.             Intra module refs:   _PrintfFull
    -------------------------------------------------------------------------
DATA20_C
  Relative segment, address: D7CB - D7CE (0x4 bytes), align: 0
  Segment part 3.             Intra module refs:   _LdtobFull
    -------------------------------------------------------------------------
DATA20_C
  Relative segment, address: D7CF - D7D2 (0x4 bytes), align: 0
  Segment part 4.             Intra module refs:   _LdtobFull
    -------------------------------------------------------------------------
DATA20_C
  Relative segment, address: D7D3 - D7D6 (0x4 bytes), align: 0
  Segment part 5.             Intra module refs:   _LdtobFull
    -------------------------------------------------------------------------
DATA20_C
  Relative segment, address: D7D7 - D7DA (0x4 bytes), align: 0
  Segment part 6.             Intra module refs:   _LdtobFull
    -------------------------------------------------------------------------
DATA20_C
  Relative segment, address: D7DB - D7DC (0x2 bytes), align: 0
  Segment part 7.             Intra module refs:   _GenldFull

    -------------------------------------------------------------------------
  LIBRARY MODULE, NAME : ?xsprout

  SEGMENTS IN THE MODULE
  ======================
<CODE> 1 (was CODE)
  Relative segment, address: CEBE - CECB (0xe bytes), align: 1
  Segment part 2.
           ENTRY                   ADDRESS         REF BY
           =====                   =======         ======
           _SProut                 CEBE            sprintf (?sprintf)




                ****************************************
                *                                      *
                *      SEGMENTS IN ADDRESS ORDER       *
                *                                      *
                ****************************************


SEGMENT              SPACE    START ADDRESS   END ADDRESS     SIZE  TYPE  ALIGN
=======              =====    =============   ===========     ====  ====  =====
DATA16_AN                              0102 - 0103               2   rel    0
                                       015C - 015D               2 
                                       0162 - 0165               4 
                                       0168 - 0169               2 
                                       016C - 016F               4 
                                       0200 - 0205               6 
                                       0218 - 021D               6 
                                       0222 - 0225               4 
                                       022A - 022B               2 
                                       0262 - 0265               4 
                                       026A - 026B               2 
                                       0282 - 0285               4 
                                       028A - 028B               2 
                                       02A2 - 02A5               4 
                                       0340 - 0343               4 
                                       0352 - 0353               2 
                                       0380 - 0383               4 
                                       0392 - 0393               2 
                                       03C0 - 03C5               6 
                                       03D2 - 03D5               4 
                                       04A0 - 04A1               2 
                                       04A8 - 04AB               4 
                                       04AE - 04BB               E 
                                       05C0 - 05C1               2 
                                       05C6 - 05C8               3 
                                       05CC - 05CC               1 
                                       05DC - 05DD               2 
                                       0660 - 0661               2 
                                       0666 - 0667               2 
                                       066C - 066C               1 
                                       066E - 066E               1 
                                       067C - 067D               2 
                                       0680 - 0681               2 
                                       0686 - 0688               3 
                                       068C - 068C               1 
                                       068E - 068E               1 
                                       069C - 069D               2 
                                       06A0 - 06A1               2 
                                       06A6 - 06A7               2 
                                       06AC - 06AC               1 
                                       06AE - 06AE               1 
                                       06BC - 06BD               2 
CODE_I                                    1C00                       rel    1
DATA20_I                               1C00 - 1C01               2   rel    1
DATA20_Z                               1C02 - 2128             527   rel    1
DATA20_N                                  212A                       rel    1
CSTACK                                 5B60 - 5BFF              A0   rel    1
CSTART                                 5C00 - 5C2F              30   rel    1
ISR_CODE                               5C30 - 5EF1             2C2   rel    1
<CODE> 1                               5EF2 - CFA1            70B0   rel    1
DATA20_C                               CFA2 - D7DC             83B   rel    1
DATA20_ID                              D7DE - D7DF               2   rel    1
CODE_ID                                   D7E0                       rel    1
INTVEC                                 FF80 - FFF9              7A   com    1
RESET                                  FFFE - FFFF               2   rel    1

                ****************************************
                *                                      *
                *        END OF CROSS REFERENCE        *
                *                                      *
                ****************************************

 29 726 bytes of CODE  memory
  1 481 bytes of DATA  memory (+ 123 absolute )
  2 109 bytes of CONST memory

Errors: none
Warnings: none

