Warning[w6]: Type conflict for external/entry "Display_unit_Icon", in module TDC-GP22 against external/entry in module lcd; prototyped function vs K&R function
  /* In module TDC-GP22: */
  /* K&R Function, args 0, attr 0 */
  int (__cc_version2 Display_unit_Icon)();
  /* In module lcd: */
  /* Function, args 1, attr 0 */
  void (__cc_version2 Display_unit_Icon)(unsigned char);
################################################################################
#                                                                              #
#      IAR Universal Linker V6.4.6.89                                          #
#                                                                              #
#           Link time     =  09/Dec/2022  18:36:07                             #
#           Target CPU    =  MSP430                                            #
#           List file     =  D:\GP224MHz_2Mhz\Debug\List\CSSBV1.0.map          #
#           Output file 1 =  D:\GP224MHz_2Mhz\Debug\Exe\CSSBV1.0.d43           #
#                            Format: ubrof10                                   #
#                            UBROF version 10.0.6                              #
#                            Using library modules for C-SPY (-rt)             #
#           Command line  =  -f C:\Users\86188\AppData\Local\Temp\EWE91A.tmp   #
#                            (D:\GP224MHz_2Mhz\Debug\Obj\cluster.r43           #
#                            D:\GP224MHz_2Mhz\Debug\Obj\DataSave.r43           #
#                            D:\GP224MHz_2Mhz\Debug\Obj\Flash.r43              #
#                            D:\GP224MHz_2Mhz\Debug\Obj\functions.r43          #
#                            D:\GP224MHz_2Mhz\Debug\Obj\IR.r43                 #
#                            D:\GP224MHz_2Mhz\Debug\Obj\Keybord.r43            #
#                            D:\GP224MHz_2Mhz\Debug\Obj\lcd.r43                #
#                            D:\GP224MHz_2Mhz\Debug\Obj\main.r43               #
#                            D:\GP224MHz_2Mhz\Debug\Obj\mbus.r43               #
#                            D:\GP224MHz_2Mhz\Debug\Obj\params.r43             #
#                            D:\GP224MHz_2Mhz\Debug\Obj\RS485.r43              #
#                            D:\GP224MHz_2Mhz\Debug\Obj\rtc.r43                #
#                            D:\GP224MHz_2Mhz\Debug\Obj\TDC-GP22.r43           #
#                            D:\GP224MHz_2Mhz\Debug\Obj\TimerA0.r43            #
#                            D:\GP224MHz_2Mhz\Debug\Obj\timerA1.r43            #
#                            D:\GP224MHz_2Mhz\Debug\Obj\timerB0.r43            #
#                            D:\GP224MHz_2Mhz\Debug\Obj\UCS.r43 -o             #
#                            D:\GP224MHz_2Mhz\Debug\Exe\CSSBV1.0.d43 -l        #
#                            D:\GP224MHz_2Mhz\Debug\List\CSSBV1.0.map -xms     #
#                            "-ID:\Program Files (x86)\IAR Systems\Embedded Wo #
#                            rkbench 8.0\430\LIB\"                             #
#                            -f                                                #
#                            "D:\Program Files (x86)\IAR Systems\Embedded Work #
#                            bench 8.0\430\config\linker\lnk430f5438a.xcl"     #
#                            (-cmsp430 -D?CPU30_OFFSET=2 -QCODE_I=CODE_ID      #
#                            -QTLS16_I=TLS16_ID -D__iar_HWMUL=4C0              #
#                            -Z(CONST)INFO=1800-19FF                           #
#                            -Z(CONST)INFOA=1980-19FF                          #
#                            -Z(CONST)INFOB=1900-197F                          #
#                            -Z(CONST)INFOC=1880-18FF                          #
#                            -Z(CONST)INFOD=1800-187F                          #
#                            -Z(DATA)DATA16_I,DATA16_Z,DATA16_N,TLS16_I=1C00-5 #
#                            BFF                                               #
#                            -Z(DATA)DATA16_HEAP+_DATA16_HEAP_SIZE             #
#                            -Z(DATA)CODE_I                                    #
#                            -Z(DATA)DATA20_I,DATA20_Z,DATA20_N,DATA20_HEAP+_D #
#                            ATA20_HEAP_SIZE                                   #
#                            -Z(DATA)CSTACK+_STACK_SIZE#                       #
#                            -Z(CONST)DATA16_C,DATA16_ID,TLS16_ID,DIFUNCT,CHEC #
#                            KSUM=5C00-FF7F                                    #
#                            -Z(CODE)CSTART,ISR_CODE,CODE16=5C00-FF7F          #
#                            -P(CODE)CODE=5C00-FF7F,10000-45BFF                #
#                            -Z(CONST)DATA20_C,DATA20_ID,CODE_ID=5C00-FF7F,100 #
#                            40-45BFF                                          #
#                            -Z(CODE)INTVEC=FF80-FFFF                          #
#                            -Z(CODE)RESET=FFFE-FFFF) -f                       #
#                            "D:\Program Files (x86)\IAR Systems\Embedded Work #
#                            bench 8.0\430\config\linker\multiplier32.xcl"     #
#                            (-e?Mul8Hw=?Mul8 -e?Mul16Hw=?Mul16                #
#                            -e?Mul16to32uHw=?Mul16to32u                       #
#                            -e?Mul16to32sHw=?Mul16to32s -e?Mul32Hw32=?Mul32   #
#                            -e?Mul64Hw32=_Mul64i                              #
#                            -e?Mul32u32uto64iHw32=_Mul32u32uto64i             #
#                            -e?Mul32fHw32=_Mul32f                             #
#                            -e_Mul64fHw32Ptr=_Mul64fPtr) -D_STACK_SIZE=A0     #
#                            -rt                                               #
#                            "D:\Program Files (x86)\IAR Systems\Embedded Work #
#                            bench 8.0\430\lib\dlib\dl430xllfn.r43"            #
#                            -e_PrintfFull=_Printf -e_ScanfFull=_Scanf         #
#                            -D_DATA16_HEAP_SIZE=A0 -s __program_start         #
#                            -D_DATA20_HEAP_SIZE=50                            #
#                            "D:\Program Files (x86)\IAR Systems\Embedded Work #
#                            bench 8.0\430\lib\MathLib\MSPMATHLIB_IAR_msp430_C #
#                            PUX_large_code_large_data.lib"                    #
#                            -f                                                #
#                            "D:\Program Files (x86)\IAR Systems\Embedded Work #
#                            bench 8.0\430\config\linker\mathlib32.xcl")       #
#                            (-eacosf=acos -eacosf=acosl -easinf=asin          #
#                            -easinf=asinl -eatan2f=atan2 -eatan2f=atan2l      #
#                            -eatanf=atan -eatanf=atanl -ecosf=cos             #
#                            -ecosf=cosl -eexpf=exp -eexpf=expl -efabsf=fabs   #
#                            -efabsf=fabsl -efmodf=fmod -efmodf=fmodl          #
#                            -elogf=log -elogf=logl -esinf=sin -esinf=sinl     #
#                            -e__iar_Sin_MathLib=__iar_Sin -esqrtf=sqrt        #
#                            -esqrtf=sqrtl -etanf=tan -etanf=tanl)             #
#                                                                              #
#                           Copyright (C) 1987-2016 IAR Systems AB.            #
################################################################################





                ****************************************
                *                                      *
                *           CROSS REFERENCE            *
                *                                      *
                ****************************************

       Program entry at :           5C00  Relocatable, from module : ?cstart




                ****************************************
                *                                      *
                *            RUNTIME MODEL             *
                *                                      *
                ****************************************

  __Heap_Handler             = Basic
  __SystemLibrary            = DLib
  __code_model               = large
  __core                     = 430X
  __data_model               = large
  __dlib_file_descriptor     = 0
  __dlib_full_locale_support = 0
  __double_size              = 32
  __pic                      = no
  __reg_r4                   = free
  __reg_r5                   = free
  __rt_version               = 3

                ****************************************
                *                                      *
                *    AUTOMATIC SYMBOL REDIRECTIONS     *
                *                                      *
                ****************************************

                  There are no automatic symbol redirections.



                ****************************************
                *                                      *
                *              MODULE MAP              *
                *                                      *
                ****************************************


  DEFINED ABSOLUTE ENTRIES
    *************************************************************************

  DEFINED ABSOLUTE ENTRIES
  PROGRAM MODULE, NAME : ?ABS_ENTRY_MOD

Absolute parts
           ENTRY                   ADDRESS         REF BY
           =====                   =======         ======
           _DATA20_HEAP_SIZE       0050 
           _DATA16_HEAP_SIZE       00A0 
           _STACK_SIZE             00A0 
           __iar_HWMUL             04C0            ?Mul16to32sHw (?Mul16to32sHw)
                                                   ?Mul32fHw32 (?Mul32fHw32)
                                                   Display_Cum_Icon (lcd)
                                                   Print_Information (RS485)
                                                   Segment part 1 (?Mul8Hw)
           ?CPU30_OFFSET           0002 
    *************************************************************************

  FILE NAME : D:\GP224MHz_2Mhz\Debug\Obj\cluster.r43
    *************************************************************************

  FILE NAME : D:\GP224MHz_2Mhz\Debug\Obj\DataSave.r43
  PROGRAM MODULE, NAME : DataSave

  SEGMENTS IN THE MODULE
  ======================
<CODE> 1 (was CODE)
  Relative segment, address: AD56 - AD57 (0x2 bytes), align: 1
  Segment part 10.
           ENTRY                   ADDRESS         REF BY
           =====                   =======         ======
           readSystemParam         AD56            main (main)

    *************************************************************************

  FILE NAME : D:\GP224MHz_2Mhz\Debug\Obj\Flash.r43
  PROGRAM MODULE, NAME : Flash

  SEGMENTS IN THE MODULE
  ======================
DATA16_AN
  Relative segment, address: 0282 - 0283 (0x2 bytes), align: 0
  Segment part 1. ROOT        Intra module refs:   calibrateResonator (TDC-GP22)
                                                   calibrateResonatorTDCGP21 (TDC-GP22)
                                                   configureRegisterTDCGP21 (TDC-GP22)
                                                   initMeasureTDCGP21 (TDC-GP22)
                                                   initSPI (TDC-GP22)
                                                   powerOnResetTDCGP21 (TDC-GP22)
                                                   readIDbytesTDCGP21 (TDC-GP22)
                                                   readPW1STRegisterTDCGP22 (TDC-GP22)
                                                   readRegisterTDCGP21 (TDC-GP22)
                                                   readStatusRegisterTDCGP21 (TDC-GP22)
                                                   resetTDCGP21 (TDC-GP22)
                                                   timeFlightStartTDCGP21 (TDC-GP22)
           ENTRY                   ADDRESS         REF BY
           =====                   =======         ======
           _A_PEOUT_L              0282 
           LOCAL                   ADDRESS         
           =====                   =======         
           PEOUT                   0282 
           PEOUT_H                 0283 
           PEOUT_L                 0282 
    -------------------------------------------------------------------------
DATA16_AN
  Relative segment, address: 0284 - 0285 (0x2 bytes), align: 0
  Segment part 2. ROOT        Intra module refs:   initRS485 (RS485)
                                                   initSPI (TDC-GP22)
           ENTRY                   ADDRESS         REF BY
           =====                   =======         ======
           _A_PEDIR_L              0284 
           LOCAL                   ADDRESS         
           =====                   =======         
           PEDIR                   0284 
           PEDIR_H                 0285 
           PEDIR_L                 0284 
    -------------------------------------------------------------------------
DATA16_AN
  Relative segment, address: 028A - 028B (0x2 bytes), align: 0
  Segment part 3. ROOT        Intra module refs:   initRS485 (RS485)
                                                   initSPI (TDC-GP22)
           ENTRY                   ADDRESS         REF BY
           =====                   =======         ======
           _A_PESEL_L              028A 
           LOCAL                   ADDRESS         
           =====                   =======         
           PESEL                   028A 
           PESEL_H                 028B 
           PESEL_L                 028A 
    -------------------------------------------------------------------------
DATA16_AN
  Relative segment, address: 02A2 - 02A3 (0x2 bytes), align: 0
  Segment part 4. ROOT 
           ENTRY                   ADDRESS         REF BY
           =====                   =======         ======
           _A_PFOUT_L              02A2 
           LOCAL                   ADDRESS         
           =====                   =======         
           PFOUT                   02A2 
           PFOUT_H                 02A3 
           PFOUT_L                 02A2 
    -------------------------------------------------------------------------
DATA16_AN
  Relative segment, address: 02A4 - 02A5 (0x2 bytes), align: 0
  Segment part 5. ROOT 
           ENTRY                   ADDRESS         REF BY
           =====                   =======         ======
           _A_PFDIR_L              02A4 
           LOCAL                   ADDRESS         
           =====                   =======         
           PFDIR                   02A4 
           PFDIR_H                 02A5 
           PFDIR_L                 02A4 
    -------------------------------------------------------------------------
DATA16_AN
  Relative segment, address: 06A0 - 06A1 (0x2 bytes), align: 0
  Segment part 6. ROOT 
           ENTRY                   ADDRESS         REF BY
           =====                   =======         ======
           _A_UCB3CTLW0_L          06A0 
           LOCAL                   ADDRESS         
           =====                   =======         
           UCB3CTLW0               06A0 
           UCB3CTLW0_H             06A1 
           UCB3CTLW0_L             06A0 
    -------------------------------------------------------------------------
DATA16_AN
  Relative segment, address: 06A6 - 06A7 (0x2 bytes), align: 0
  Segment part 7. ROOT 
           ENTRY                   ADDRESS         REF BY
           =====                   =======         ======
           _A_UCB3BRW_L            06A6 
           LOCAL                   ADDRESS         
           =====                   =======         
           UCB3BRW                 06A6 
           UCB3BRW_H               06A7 
           UCB3BRW_L               06A6 
    -------------------------------------------------------------------------
DATA16_AN
  Relative segment, address: 06AC - 06AC (0x1 bytes), align: 0
  Segment part 8. ROOT 
           ENTRY                   ADDRESS         REF BY
           =====                   =======         ======
           UCB3RXBUF               06AC 
    -------------------------------------------------------------------------
DATA16_AN
  Relative segment, address: 06AE - 06AE (0x1 bytes), align: 0
  Segment part 9. ROOT 
           ENTRY                   ADDRESS         REF BY
           =====                   =======         ======
           UCB3TXBUF               06AE 
    -------------------------------------------------------------------------
DATA16_AN
  Relative segment, address: 06BC - 06BD (0x2 bytes), align: 0
  Segment part 10. ROOT 
           ENTRY                   ADDRESS         REF BY
           =====                   =======         ======
           _A_UCB3ICTL_L           06BC 
           LOCAL                   ADDRESS         
           =====                   =======         
           UCB3ICTL                06BC 
           UCB3ICTL_H              06BD 
           UCB3ICTL_L              06BC 

    *************************************************************************

  FILE NAME : D:\GP224MHz_2Mhz\Debug\Obj\functions.r43
  PROGRAM MODULE, NAME : functions

  SEGMENTS IN THE MODULE
  ======================
<CODE> 1 (was CODE)
  Relative segment, address: AABC - AAD3 (0x18 bytes), align: 1
  Segment part 4.
           ENTRY                   ADDRESS         REF BY
           =====                   =======         ======
           BCDtoDec                AABC            Display_Date_Icon (lcd)
    -------------------------------------------------------------------------
<CODE> 1 (was CODE)
  Relative segment, address: 9344 - 9469 (0x126 bytes), align: 1
  Segment part 5.
           ENTRY                   ADDRESS         REF BY
           =====                   =======         ======
           dotHextoDotDec          9344            calibrateResonator (TDC-GP22)
                                                   ultrasonicTimeOfFlightMeasure (TDC-GP22)
               calls direct
    -------------------------------------------------------------------------
<CODE> 1 (was CODE)
  Relative segment, address: A2B4 - A30F (0x5c bytes), align: 1
  Segment part 7.
           ENTRY                   ADDRESS         REF BY
           =====                   =======         ======
           reverseHighLowBit       A2B4            Timer0_B0 (timerB0)

    *************************************************************************

  FILE NAME : D:\GP224MHz_2Mhz\Debug\Obj\IR.r43
    *************************************************************************

  FILE NAME : D:\GP224MHz_2Mhz\Debug\Obj\Keybord.r43
  PROGRAM MODULE, NAME : Keybord

  SEGMENTS IN THE MODULE
  ======================
DATA16_AN
  Relative segment, address: 0200 - 0201 (0x2 bytes), align: 0
  Segment part 1. ROOT        Intra module refs:   PORT1
                                                   Timer0_B0 (timerB0)
                                                   TimerA1ISR (timerA1)
           ENTRY                   ADDRESS         REF BY
           =====                   =======         ======
           _A_PAIN_L               0200 
           LOCAL                   ADDRESS         
           =====                   =======         
           PAIN                    0200 
           PAIN_H                  0201 
           PAIN_L                  0200 
    -------------------------------------------------------------------------
DATA16_AN
  Relative segment, address: 0204 - 0205 (0x2 bytes), align: 0
  Segment part 2. ROOT        Intra module refs:   Init_Keybord
                                                   initRS485 (RS485)
                                                   initSPI (TDC-GP22)
           ENTRY                   ADDRESS         REF BY
           =====                   =======         ======
           _A_PADIR_L              0204 
           LOCAL                   ADDRESS         
           =====                   =======         
           PADIR                   0204 
           PADIR_H                 0205 
           PADIR_L                 0204 
    -------------------------------------------------------------------------
DATA16_AN
  Relative segment, address: 0218 - 0219 (0x2 bytes), align: 0
  Segment part 3. ROOT        Intra module refs:   Init_Keybord
                                                   initSPI (TDC-GP22)
           ENTRY                   ADDRESS         REF BY
           =====                   =======         ======
           _A_PAIES_L              0218 
           LOCAL                   ADDRESS         
           =====                   =======         
           PAIES                   0218 
           PAIES_H                 0219 
           PAIES_L                 0218 
    -------------------------------------------------------------------------
DATA16_AN
  Relative segment, address: 021A - 021B (0x2 bytes), align: 0
  Segment part 4. ROOT        Intra module refs:   Disable_Keybord
                                                   Enable_Keybord
                                                   Init_Keybord
                                                   initSPI (TDC-GP22)
           ENTRY                   ADDRESS         REF BY
           =====                   =======         ======
           _A_PAIE_L               021A 
           LOCAL                   ADDRESS         
           =====                   =======         
           PAIE                    021A 
           PAIE_H                  021B 
           PAIE_L                  021A 
    -------------------------------------------------------------------------
DATA16_AN
  Relative segment, address: 021C - 021D (0x2 bytes), align: 0
  Segment part 5. ROOT        Intra module refs:   PORT1
                                                   PORT2 (TDC-GP22)
           ENTRY                   ADDRESS         REF BY
           =====                   =======         ======
           _A_PAIFG_L              021C 
           LOCAL                   ADDRESS         
           =====                   =======         
           PAIFG                   021C 
           PAIFG_H                 021D 
           PAIFG_L                 021C 
    -------------------------------------------------------------------------
<CODE> 1 (was CODE)
  Relative segment, address: ACC8 - ACD5 (0xe bytes), align: 1
  Segment part 8.
           ENTRY                   ADDRESS         REF BY
           =====                   =======         ======
           Init_Keybord            ACC8            main (main)
    -------------------------------------------------------------------------
<CODE> 1 (was CODE)
  Relative segment, address: AD3C - AD41 (0x6 bytes), align: 1
  Segment part 9.
           ENTRY                   ADDRESS         REF BY
           =====                   =======         ======
           Enable_Keybord          AD3C            TimerA1ISR (timerA1)
    -------------------------------------------------------------------------
<CODE> 1 (was CODE)
  Relative segment, address: AD42 - AD47 (0x6 bytes), align: 1
  Segment part 10.            Intra module refs:   PORT1
           ENTRY                   ADDRESS         REF BY
           =====                   =======         ======
           Disable_Keybord         AD42 
    -------------------------------------------------------------------------
<CODE> 1 (was CODE)
  Relative segment, address: AC46 - AC57 (0x12 bytes), align: 1
  Segment part 11.
           ENTRY                   ADDRESS         REF BY
           =====                   =======         ======
           doKeyPressL             AC46            MeterLoop (main)
    -------------------------------------------------------------------------
ISR_CODE
  Relative segment, address: 5C30 - 5C8B (0x5c bytes), align: 1
  Segment part 12.            Intra module refs:   PORT1::??INTVEC 94
           ENTRY                   ADDRESS         REF BY
           =====                   =======         ======
           PORT1                   5C30 
               interrupt function
               calls direct
    -------------------------------------------------------------------------
INTVEC
  Common segment, address: FF80 - FFDF (0x60 bytes), align: 1
  Segment part 6. ROOT 
           ENTRY                   ADDRESS         REF BY
           =====                   =======         ======
           PORT1::??INTVEC 94      FFDE 

    *************************************************************************

  FILE NAME : D:\GP224MHz_2Mhz\Debug\Obj\lcd.r43
  PROGRAM MODULE, NAME : lcd

  SEGMENTS IN THE MODULE
  ======================
DATA16_AN
  Relative segment, address: 0222 - 0223 (0x2 bytes), align: 0
  Segment part 1. ROOT        Intra module refs:   InitLCD
                                                   ht1621_write_com
                                                   ht1621_write_data
           ENTRY                   ADDRESS         REF BY
           =====                   =======         ======
           _A_PBOUT_L              0222 
           LOCAL                   ADDRESS         
           =====                   =======         
           PBOUT                   0222 
           PBOUT_H                 0223 
           PBOUT_L                 0222 
    -------------------------------------------------------------------------
DATA16_AN
  Relative segment, address: 0224 - 0225 (0x2 bytes), align: 0
  Segment part 2. ROOT        Intra module refs:   InitLCD
                                                   Init_TimerB0_IRRecive (timerB0)
           ENTRY                   ADDRESS         REF BY
           =====                   =======         ======
           _A_PBDIR_L              0224 
           LOCAL                   ADDRESS         
           =====                   =======         
           PBDIR                   0224 
           PBDIR_H                 0225 
           PBDIR_L                 0224 
    -------------------------------------------------------------------------
DATA20_C
  Relative segment, address: AD5A - AD65 (0xc bytes), align: 0
  Segment part 4.             Intra module refs:   Display_Cum_Icon
                                                   Display_Date_Icon
                                                   Display_IR_Icon
                                                   Display_Temp_Icon
                                                   Display_TimeOfFlight_Icon
           ENTRY                   ADDRESS         REF BY
           =====                   =======         ======
           digit                   AD5A 
    -------------------------------------------------------------------------
DATA20_Z
  Relative segment, address: 2346 - 235D (0x18 bytes), align: 0
  Segment part 5.             Intra module refs:   ClearLCD
                                                   Display_Cum_Icon
                                                   Display_Date_Icon
                                                   Display_IR_Icon
                                                   Display_Temp_Icon
                                                   Display_TimeOfFlight_Icon
                                                   Icon_danwei_Off_ht1621b
                                                   Icon_danwei_On_ht1621b
                                                   Icon_jiantou1_Off_ht1621b
                                                   Icon_jiantou1_On_ht1621b
                                                   Icon_xiaoshudian4_On_ht1621b
                                                   Icon_xiaoshudian6_On_ht1621b
           ENTRY                   ADDRESS         REF BY
           =====                   =======         ======
           seg                     2346 
    -------------------------------------------------------------------------
DATA20_I
  Relative segment, address: 1C00 - 1C01 (0x2 bytes), align: 1
  Segment part 6.             Intra module refs:   Display_Cum_Icon
                                                   Display_TimeOfFlight_Icon
           ENTRY                   ADDRESS         REF BY
           =====                   =======         ======
           positiveFlag            1C00            ultrasonicTimeOfFlightMeasure (TDC-GP22)
    -------------------------------------------------------------------------
<CODE> 1 (was CODE)
  Relative segment, address: 99B0 - 9A53 (0xa4 bytes), align: 1
  Segment part 8.             Intra module refs:   InitLCD
           ENTRY                   ADDRESS         REF BY
           =====                   =======         ======
           ht1621_write_com        99B0 
    -------------------------------------------------------------------------
<CODE> 1 (was CODE)
  Relative segment, address: 98EC - 99AF (0xc4 bytes), align: 1
  Segment part 9.             Intra module refs:   AllLCDDisplay
                                                   ClearLCD
                                                   Display_Cum_Icon
                                                   Display_Date_Icon
                                                   Display_IR_Icon
                                                   Display_Temp_Icon
                                                   Display_TimeOfFlight_Icon
                                                   Icon_danwei_Off_ht1621b
                                                   Icon_danwei_On_ht1621b
                                                   Icon_jiantou1_Off_ht1621b
                                                   Icon_jiantou1_On_ht1621b
                                                   Icon_xiaoshudian4_On_ht1621b
                                                   Icon_xiaoshudian6_On_ht1621b
           ENTRY                   ADDRESS         REF BY
           =====                   =======         ======
           ht1621_write_data       98EC 
    -------------------------------------------------------------------------
<CODE> 1 (was CODE)
  Relative segment, address: A8E4 - A905 (0x22 bytes), align: 1
  Segment part 10.            Intra module refs:   Display_Cum_Icon
                                                   Display_Date_Icon
                                                   Display_IR_Icon
                                                   Display_Temp_Icon
                                                   Display_TimeOfFlight_Icon
                                                   InitLCD
           ENTRY                   ADDRESS         REF BY
           =====                   =======         ======
           ClearLCD                A8E4 
               calls direct
    -------------------------------------------------------------------------
<CODE> 1 (was CODE)
  Relative segment, address: AA38 - AA53 (0x1c bytes), align: 1
  Segment part 11.            Intra module refs:   InitLCD
           ENTRY                   ADDRESS         REF BY
           =====                   =======         ======
           AllLCDDisplay           AA38 
               calls direct
    -------------------------------------------------------------------------
<CODE> 1 (was CODE)
  Relative segment, address: A1F6 - A257 (0x62 bytes), align: 1
  Segment part 12.
           ENTRY                   ADDRESS         REF BY
           =====                   =======         ======
           InitLCD                 A1F6            main (main)
               calls direct
    -------------------------------------------------------------------------
<CODE> 1 (was CODE)
  Relative segment, address: AB6A - AB7D (0x14 bytes), align: 1
  Segment part 13.            Intra module refs:   Display_Alarm_Icon
           ENTRY                   ADDRESS         REF BY
           =====                   =======         ======
           Icon_jiantou1_On_ht1621b
                                   AB6A 
               calls direct
    -------------------------------------------------------------------------
<CODE> 1 (was CODE)
  Relative segment, address: ABE2 - ABF5 (0x14 bytes), align: 1
  Segment part 14.            Intra module refs:   Display_Alarm_Icon
           ENTRY                   ADDRESS         REF BY
           =====                   =======         ======
           Icon_jiantou1_Off_ht1621b
                                   ABE2 
               calls direct
    -------------------------------------------------------------------------
<CODE> 1 (was CODE)
  Relative segment, address: ABCE - ABE1 (0x14 bytes), align: 1
  Segment part 25.            Intra module refs:   Display_Temp_Icon
           ENTRY                   ADDRESS         REF BY
           =====                   =======         ======
           Icon_xiaoshudian4_On_ht1621b
                                   ABCE 
               calls direct
    -------------------------------------------------------------------------
<CODE> 1 (was CODE)
  Relative segment, address: ABBA - ABCD (0x14 bytes), align: 1
  Segment part 29.            Intra module refs:   Display_Date_Icon
           ENTRY                   ADDRESS         REF BY
           =====                   =======         ======
           Icon_xiaoshudian6_On_ht1621b
                                   ABBA 
               calls direct
    -------------------------------------------------------------------------
<CODE> 1 (was CODE)
  Relative segment, address: AB92 - ABA5 (0x14 bytes), align: 1
  Segment part 33.            Intra module refs:   Display_unit_Icon
           ENTRY                   ADDRESS         REF BY
           =====                   =======         ======
           Icon_danwei_On_ht1621b
                                   AB92 
               calls direct
    -------------------------------------------------------------------------
<CODE> 1 (was CODE)
  Relative segment, address: AB7E - AB91 (0x14 bytes), align: 1
  Segment part 34.            Intra module refs:   Display_unit_Icon
           ENTRY                   ADDRESS         REF BY
           =====                   =======         ======
           Icon_danwei_Off_ht1621b
                                   AB7E 
               calls direct
    -------------------------------------------------------------------------
<CODE> 1 (was CODE)
  Relative segment, address: AAEA - AAFF (0x16 bytes), align: 1
  Segment part 35.
           ENTRY                   ADDRESS         REF BY
           =====                   =======         ======
           Display_Alarm_Icon      AAEA            ultrasonicTimeOfFlightMeasure (TDC-GP22)
               calls direct
    -------------------------------------------------------------------------
<CODE> 1 (was CODE)
  Relative segment, address: AB16 - AB2B (0x16 bytes), align: 1
  Segment part 37.            Intra module refs:   Display_Cum_Icon
                                                   Display_TimeOfFlight_Icon
           ENTRY                   ADDRESS         REF BY
           =====                   =======         ======
           Display_unit_Icon       AB16            ultrasonicTimeOfFlightMeasure (TDC-GP22)
               calls direct
    -------------------------------------------------------------------------
<CODE> 1 (was CODE)
  Relative segment, address: 7BE4 - 82D7 (0x6f4 bytes), align: 1
  Segment part 38.            Intra module refs:   Display_Else_Icon
                                                   LCD_ReFlash
           ENTRY                   ADDRESS         REF BY
           =====                   =======         ======
           Display_Cum_Icon        7BE4 
               calls direct
    -------------------------------------------------------------------------
<CODE> 1 (was CODE)
  Relative segment, address: 8794 - 8B8B (0x3f8 bytes), align: 1
  Segment part 39.            Intra module refs:   Display_Else_Icon
           ENTRY                   ADDRESS         REF BY
           =====                   =======         ======
           Display_Date_Icon       8794            rtc (rtc)
               calls direct
    -------------------------------------------------------------------------
<CODE> 1 (was CODE)
  Relative segment, address: 8DDC - 8F5B (0x180 bytes), align: 1
  Segment part 40.            Intra module refs:   Display_Else_Icon
           ENTRY                   ADDRESS         REF BY
           =====                   =======         ======
           Display_Temp_Icon       8DDC 
               calls direct
    -------------------------------------------------------------------------
<CODE> 1 (was CODE)
  Relative segment, address: 5ED8 - 68DB (0xa04 bytes), align: 1
  Segment part 41.            Intra module refs:   Display_Else_Icon
           ENTRY                   ADDRESS         REF BY
           =====                   =======         ======
           Display_TimeOfFlight_Icon
                                   5ED8 
               calls direct
    -------------------------------------------------------------------------
<CODE> 1 (was CODE)
  Relative segment, address: 8B8C - 8DDB (0x250 bytes), align: 1
  Segment part 42.            Intra module refs:   Display_Else_Icon
           ENTRY                   ADDRESS         REF BY
           =====                   =======         ======
           Display_IR_Icon         8B8C 
               calls direct
    -------------------------------------------------------------------------
<CODE> 1 (was CODE)
  Relative segment, address: 9B96 - 9C35 (0xa0 bytes), align: 1
  Segment part 43.
           ENTRY                   ADDRESS         REF BY
           =====                   =======         ======
           Display_Else_Icon       9B96            ultrasonicTimeOfFlightMeasure (TDC-GP22)
               calls direct
    -------------------------------------------------------------------------
<CODE> 1 (was CODE)
  Relative segment, address: A808 - A831 (0x2a bytes), align: 1
  Segment part 44.
           ENTRY                   ADDRESS         REF BY
           =====                   =======         ======
           LCD_ReFlash             A808            main (main)
               calls direct
    -------------------------------------------------------------------------
DATA20_ID
  Relative segment, address: ADBC - ADBD (0x2 bytes), align: 1
  Segment part 7.             Intra module refs:   positiveFlag

    *************************************************************************

  FILE NAME : D:\GP224MHz_2Mhz\Debug\Obj\main.r43
  PROGRAM MODULE, NAME : main

  SEGMENTS IN THE MODULE
  ======================
DATA16_AN
  Relative segment, address: 015C - 015D (0x2 bytes), align: 0
  Segment part 1. ROOT        Intra module refs:   main
           ENTRY                   ADDRESS         REF BY
           =====                   =======         ======
           _A_WDTCTL_L             015C 
           LOCAL                   ADDRESS         
           =====                   =======         
           WDTCTL                  015C 
           WDTCTL_H                015D 
           WDTCTL_L                015C 
    -------------------------------------------------------------------------
<CODE> 1 (was CODE)
  Relative segment, address: A660 - A693 (0x34 bytes), align: 1
  Segment part 3.             Intra module refs:   main
           ENTRY                   ADDRESS         REF BY
           =====                   =======         ======
           MeterLoop               A660 
               calls direct
    -------------------------------------------------------------------------
<CODE> 1 (was CODE)
  Relative segment, address: A5EE - A627 (0x3a bytes), align: 1
  Segment part 4.
           ENTRY                   ADDRESS         REF BY
           =====                   =======         ======
           main                    A5EE            Segment part 26 (?cstart)
               calls direct

    *************************************************************************

  FILE NAME : D:\GP224MHz_2Mhz\Debug\Obj\mbus.r43
  PROGRAM MODULE, NAME : mbus

  SEGMENTS IN THE MODULE
  ======================
DATA16_AN
  Relative segment, address: 05C0 - 05C1 (0x2 bytes), align: 0
  Segment part 1. ROOT        Intra module refs:   initMBUS
           ENTRY                   ADDRESS         REF BY
           =====                   =======         ======
           _A_UCA0CTLW0_L          05C0 
           LOCAL                   ADDRESS         
           =====                   =======         
           UCA0CTLW0               05C0 
           UCA0CTLW0_H             05C1 
           UCA0CTLW0_L             05C0 
    -------------------------------------------------------------------------
DATA16_AN
  Relative segment, address: 05C6 - 05C7 (0x2 bytes), align: 0
  Segment part 2. ROOT        Intra module refs:   initMBUS
           ENTRY                   ADDRESS         REF BY
           =====                   =======         ======
           _A_UCA0BRW_L            05C6 
           LOCAL                   ADDRESS         
           =====                   =======         
           UCA0BRW                 05C6 
           UCA0BRW_H               05C7 
           UCA0BRW_L               05C6 
    -------------------------------------------------------------------------
DATA16_AN
  Relative segment, address: 05C8 - 05C8 (0x1 bytes), align: 0
  Segment part 3. ROOT        Intra module refs:   initMBUS
                                                   initSPI (TDC-GP22)
           ENTRY                   ADDRESS         REF BY
           =====                   =======         ======
           UCA0MCTL                05C8 
    -------------------------------------------------------------------------
DATA16_AN
  Relative segment, address: 05CC - 05CC (0x1 bytes), align: 0
  Segment part 4. ROOT        Intra module refs:   USCI_A0_ISR
           ENTRY                   ADDRESS         REF BY
           =====                   =======         ======
           UCA0RXBUF               05CC 
    -------------------------------------------------------------------------
DATA16_AN
  Relative segment, address: 05DC - 05DD (0x2 bytes), align: 0
  Segment part 5. ROOT        Intra module refs:   USCI_A0_ISR
                                                   initMBUS
           ENTRY                   ADDRESS         REF BY
           =====                   =======         ======
           _A_UCA0ICTL_L           05DC 
           LOCAL                   ADDRESS         
           =====                   =======         
           UCA0ICTL                05DC 
           UCA0ICTL_H              05DD 
           UCA0ICTL_L              05DC 
    -------------------------------------------------------------------------
<CODE> 1 (was CODE)
  Relative segment, address: A18C - A1F5 (0x6a bytes), align: 1
  Segment part 8.
           ENTRY                   ADDRESS         REF BY
           =====                   =======         ======
           initMBUS                A18C            main (main)
    -------------------------------------------------------------------------
ISR_CODE
  Relative segment, address: 5C8C - 5CA3 (0x18 bytes), align: 1
  Segment part 9.             Intra module refs:   USCI_A0_ISR::??INTVEC 114
           ENTRY                   ADDRESS         REF BY
           =====                   =======         ======
           USCI_A0_ISR             5C8C 
               interrupt function
               calls direct
    -------------------------------------------------------------------------
INTVEC
  Common segment, address: FF80 - FFF3 (0x74 bytes), align: 1
  Segment part 6. ROOT 
           ENTRY                   ADDRESS         REF BY
           =====                   =======         ======
           USCI_A0_ISR::??INTVEC 114
                                   FFF2 

    *************************************************************************

  FILE NAME : D:\GP224MHz_2Mhz\Debug\Obj\params.r43
  PROGRAM MODULE, NAME : params

  SEGMENTS IN THE MODULE
  ======================
DATA20_Z
  Relative segment, address: 1C20 - 1D2F (0x110 bytes), align: 1
  Segment part 4.
           ENTRY                   ADDRESS         REF BY
           =====                   =======         ======
           WfmInfo                 1C20            LCD_ReFlash (lcd)
                                                   Print_Information (RS485)
    -------------------------------------------------------------------------
DATA20_Z
  Relative segment, address: 1D30 - 1D31 (0x2 bytes), align: 1
  Segment part 10.
           ENTRY                   ADDRESS         REF BY
           =====                   =======         ======
           g_externalTriggerEvent
                                   1D30            MeterLoop (main)
                                                   Timer0_B0 (timerB0)
                                                   TimerA1ISR (timerA1)
                                                   rtc (rtc)
    -------------------------------------------------------------------------
DATA20_Z
  Relative segment, address: 235E - 2364 (0x7 bytes), align: 0
  Segment part 11.
           ENTRY                   ADDRESS         REF BY
           =====                   =======         ======
           g_tagRTC                235E            Display_Else_Icon (lcd)
                                                   rtc (rtc)
    -------------------------------------------------------------------------
DATA20_Z
  Relative segment, address: 2365 - 2396 (0x32 bytes), align: 0
  Segment part 15.
           ENTRY                   ADDRESS         REF BY
           =====                   =======         ======
           g_irReceiveBuffer       2365            Reset_IR_Param (timerB0)
    -------------------------------------------------------------------------
DATA20_Z
  Relative segment, address: 2397 - 23E6 (0x50 bytes), align: 0
  Segment part 16.
           ENTRY                   ADDRESS         REF BY
           =====                   =======         ======
           g_irSendBuffer          2397            Reset_IR_Param (timerB0)
                                                   Stop_IRSend_PWM (timerB0)
                                                   Timer0_B0 (timerB0)
    -------------------------------------------------------------------------
DATA20_Z
  Relative segment, address: 23E7 - 23E7 (0x1 bytes), align: 0
  Segment part 17.
           ENTRY                   ADDRESS         REF BY
           =====                   =======         ======
           g_irSendByteNumberCount
                                   23E7            Reset_IR_Param (timerB0)
                                                   Stop_IRSend_PWM (timerB0)
                                                   Timer0_B0 (timerB0)
    -------------------------------------------------------------------------
DATA20_Z
  Relative segment, address: 23E8 - 23E8 (0x1 bytes), align: 0
  Segment part 18.
           ENTRY                   ADDRESS         REF BY
           =====                   =======         ======
           g_irReceiveByteNumberCount
                                   23E8            Reset_IR_Param (timerB0)
    -------------------------------------------------------------------------
DATA20_Z
  Relative segment, address: 23E9 - 23E9 (0x1 bytes), align: 0
  Segment part 19.
           ENTRY                   ADDRESS         REF BY
           =====                   =======         ======
           g_irReceiveCode         23E9            Timer0_B0 (timerB0)
    -------------------------------------------------------------------------
DATA20_I
  Relative segment, address: 1C1E - 1C1E (0x1 bytes), align: 0
  Segment part 20.
           ENTRY                   ADDRESS         REF BY
           =====                   =======         ======
           g_irReceiveByteOkFlag   1C1E            PORT1 (Keybord)
                                                   Reset_IR_Param (timerB0)
                                                   Timer0_B0 (timerB0)
    -------------------------------------------------------------------------
DATA20_Z
  Relative segment, address: 23EA - 23EA (0x1 bytes), align: 0
  Segment part 22.
           ENTRY                   ADDRESS         REF BY
           =====                   =======         ======
           g_irReceiveOrSendFlag   23EA            PORT1 (Keybord)
                                                   Reset_IR_Param (timerB0)
                                                   Stop_IRSend_PWM (timerB0)
                                                   Timer0_B0 (timerB0)
    -------------------------------------------------------------------------
DATA20_Z
  Relative segment, address: 23EB - 23EB (0x1 bytes), align: 0
  Segment part 28.
           ENTRY                   ADDRESS         REF BY
           =====                   =======         ======
           g_uartReceiveCode       23EB            USCI_A0_ISR (mbus)
                                                   USCI_A3_ISR (RS485)
    -------------------------------------------------------------------------
DATA20_I
  Relative segment, address: 1C1F - 1C1F (0x1 bytes), align: 0
  Segment part 35.
           ENTRY                   ADDRESS         REF BY
           =====                   =======         ======
           g_displayState          1C1F            LCD_ReFlash (lcd)
                                                   TimerA1ISR (timerA1)
                                                   rtc (rtc)
    -------------------------------------------------------------------------
DATA20_Z
  Relative segment, address: 23EC - 23EC (0x1 bytes), align: 0
  Segment part 42.
           ENTRY                   ADDRESS         REF BY
           =====                   =======         ======
           g_KeyInteruptDown_Flag
                                   23EC            PORT1 (Keybord)
                                                   TimerA1ISR (timerA1)
    -------------------------------------------------------------------------
DATA20_Z
  Relative segment, address: 23ED - 23ED (0x1 bytes), align: 0
  Segment part 43.
           ENTRY                   ADDRESS         REF BY
           =====                   =======         ======
           g_tdcInterruptFlag      23ED            PORT2 (TDC-GP22)
                                                   calibrateResonator (TDC-GP22)
                                                   ultrasonicTimeOfFlightMeasure (TDC-GP22)
    -------------------------------------------------------------------------
DATA20_Z
  Relative segment, address: 1D32 - 1D33 (0x2 bytes), align: 1
  Segment part 44.
           ENTRY                   ADDRESS         REF BY
           =====                   =======         ======
           g_tdcStatusRegister     1D32            calibrateResonator (TDC-GP22)
                                                   ultrasonicTimeOfFlightMeasure (TDC-GP22)
    -------------------------------------------------------------------------
DATA20_Z
  Relative segment, address: 1D34 - 1D37 (0x4 bytes), align: 1
  Segment part 46.
           ENTRY                   ADDRESS         REF BY
           =====                   =======         ======
           g_calibrateResult       1D34            calibrateResonator (TDC-GP22)
    -------------------------------------------------------------------------
DATA20_Z
  Relative segment, address: 1D38 - 1D3B (0x4 bytes), align: 1
  Segment part 47.
           ENTRY                   ADDRESS         REF BY
           =====                   =======         ======
           g_calibrateCorrectionFactor
                                   1D38            calibrateResonator (TDC-GP22)
                                                   ultrasonicTimeOfFlightMeasure (TDC-GP22)
    -------------------------------------------------------------------------
DATA20_Z
  Relative segment, address: 1D3C - 1D3F (0x4 bytes), align: 1
  Segment part 60.
           ENTRY                   ADDRESS         REF BY
           =====                   =======         ======
           g_timeResultup0         1D3C            ultrasonicTimeOfFlightMeasure (TDC-GP22)
    -------------------------------------------------------------------------
DATA20_Z
  Relative segment, address: 1D40 - 1D43 (0x4 bytes), align: 1
  Segment part 61.
           ENTRY                   ADDRESS         REF BY
           =====                   =======         ======
           g_timeResultup1         1D40            ultrasonicTimeOfFlightMeasure (TDC-GP22)
    -------------------------------------------------------------------------
DATA20_Z
  Relative segment, address: 1D44 - 1D47 (0x4 bytes), align: 1
  Segment part 62.
           ENTRY                   ADDRESS         REF BY
           =====                   =======         ======
           g_timeResultup2         1D44            ultrasonicTimeOfFlightMeasure (TDC-GP22)
    -------------------------------------------------------------------------
DATA20_Z
  Relative segment, address: 1D48 - 1D4B (0x4 bytes), align: 1
  Segment part 64.
           ENTRY                   ADDRESS         REF BY
           =====                   =======         ======
           g_timeResultdown0       1D48            ultrasonicTimeOfFlightMeasure (TDC-GP22)
    -------------------------------------------------------------------------
DATA20_Z
  Relative segment, address: 1D4C - 1D4F (0x4 bytes), align: 1
  Segment part 65.
           ENTRY                   ADDRESS         REF BY
           =====                   =======         ======
           g_timeResultdown1       1D4C            ultrasonicTimeOfFlightMeasure (TDC-GP22)
    -------------------------------------------------------------------------
DATA20_Z
  Relative segment, address: 1D50 - 1D53 (0x4 bytes), align: 1
  Segment part 66.
           ENTRY                   ADDRESS         REF BY
           =====                   =======         ======
           g_timeResultdown2       1D50            ultrasonicTimeOfFlightMeasure (TDC-GP22)
    -------------------------------------------------------------------------
DATA20_Z
  Relative segment, address: 1D54 - 1D57 (0x4 bytes), align: 1
  Segment part 71.
           ENTRY                   ADDRESS         REF BY
           =====                   =======         ======
           g_timeResult3           1D54            ultrasonicTimeOfFlightMeasure (TDC-GP22)
    -------------------------------------------------------------------------
DATA20_Z
  Relative segment, address: 1D58 - 1D5B (0x4 bytes), align: 1
  Segment part 72.
           ENTRY                   ADDRESS         REF BY
           =====                   =======         ======
           g_averageTimeResultUp   1D58            Print_Information (RS485)
                                                   ultrasonicTimeOfFlightMeasure (TDC-GP22)
    -------------------------------------------------------------------------
DATA20_Z
  Relative segment, address: 1D5C - 1E4B (0xf0 bytes), align: 1
  Segment part 73.
           ENTRY                   ADDRESS         REF BY
           =====                   =======         ======
           g_timeOfFlightUpBuffer
                                   1D5C            ultrasonicTimeOfFlightMeasure (TDC-GP22)
    -------------------------------------------------------------------------
DATA20_Z
  Relative segment, address: 1E4C - 1E4F (0x4 bytes), align: 1
  Segment part 74.
           ENTRY                   ADDRESS         REF BY
           =====                   =======         ======
           g_averageTimeResultDown
                                   1E4C            Print_Information (RS485)
                                                   ultrasonicTimeOfFlightMeasure (TDC-GP22)
    -------------------------------------------------------------------------
DATA20_Z
  Relative segment, address: 1E50 - 1F3F (0xf0 bytes), align: 1
  Segment part 75.
           ENTRY                   ADDRESS         REF BY
           =====                   =======         ======
           g_timeOfFlightDownBuffer
                                   1E50            ultrasonicTimeOfFlightMeasure (TDC-GP22)
    -------------------------------------------------------------------------
DATA20_Z
  Relative segment, address: 1F40 - 1F43 (0x4 bytes), align: 1
  Segment part 76.
           ENTRY                   ADDRESS         REF BY
           =====                   =======         ======
           g_PW1STValue            1F40            ultrasonicTimeOfFlightMeasure (TDC-GP22)
    -------------------------------------------------------------------------
DATA20_Z
  Relative segment, address: 1F44 - 1F47 (0x4 bytes), align: 1
  Segment part 77.
           ENTRY                   ADDRESS         REF BY
           =====                   =======         ======
           g_timeOfFlight          1F44            ultrasonicTimeOfFlightMeasure (TDC-GP22)
    -------------------------------------------------------------------------
DATA20_Z
  Relative segment, address: 1F48 - 1F4B (0x4 bytes), align: 1
  Segment part 78.
           ENTRY                   ADDRESS         REF BY
           =====                   =======         ======
           g_timeOfFlight_ave      1F48            Print_Information (RS485)
                                                   ultrasonicTimeOfFlightMeasure (TDC-GP22)
    -------------------------------------------------------------------------
DATA20_Z
  Relative segment, address: 1F4C - 1F4F (0x4 bytes), align: 1
  Segment part 79.
           ENTRY                   ADDRESS         REF BY
           =====                   =======         ======
           g_timeOfFlight_ave_offset
                                   1F4C            doKeyPressL (Keybord)
                                                   ultrasonicTimeOfFlightMeasure (TDC-GP22)
    -------------------------------------------------------------------------
DATA20_Z
  Relative segment, address: 1F50 - 203F (0xf0 bytes), align: 1
  Segment part 80.
           ENTRY                   ADDRESS         REF BY
           =====                   =======         ======
           g_timeOfFlightBuffer    1F50            ultrasonicTimeOfFlightMeasure (TDC-GP22)
    -------------------------------------------------------------------------
DATA20_Z
  Relative segment, address: 2040 - 212F (0xf0 bytes), align: 1
  Segment part 81.
           ENTRY                   ADDRESS         REF BY
           =====                   =======         ======
           tempValueBuffer         2040            ultrasonicTimeOfFlightMeasure (TDC-GP22)
    -------------------------------------------------------------------------
DATA20_Z
  Relative segment, address: 2130 - 221F (0xf0 bytes), align: 1
  Segment part 82.
           ENTRY                   ADDRESS         REF BY
           =====                   =======         ======
           tempValueUpBuffer       2130            ultrasonicTimeOfFlightMeasure (TDC-GP22)
    -------------------------------------------------------------------------
DATA20_Z
  Relative segment, address: 2220 - 230F (0xf0 bytes), align: 1
  Segment part 83.
           ENTRY                   ADDRESS         REF BY
           =====                   =======         ======
           tempValueDownBuffer     2220            ultrasonicTimeOfFlightMeasure (TDC-GP22)
    -------------------------------------------------------------------------
DATA20_Z
  Relative segment, address: 2310 - 2313 (0x4 bytes), align: 1
  Segment part 84.
           ENTRY                   ADDRESS         REF BY
           =====                   =======         ======
           g_tofDisplay            2310            ultrasonicTimeOfFlightMeasure (TDC-GP22)
    -------------------------------------------------------------------------
DATA20_Z
  Relative segment, address: 2314 - 2317 (0x4 bytes), align: 1
  Segment part 86.
           ENTRY                   ADDRESS         REF BY
           =====                   =======         ======
           g_waterSurfaceSpeed     2314            ultrasonicTimeOfFlightMeasure (TDC-GP22)
    -------------------------------------------------------------------------
DATA20_Z
  Relative segment, address: 2318 - 231B (0x4 bytes), align: 1
  Segment part 87.
           ENTRY                   ADDRESS         REF BY
           =====                   =======         ======
           g_waterSurfaceSpeedDisp
                                   2318            LCD_ReFlash (lcd)
                                                   Print_Information (RS485)
    -------------------------------------------------------------------------
DATA20_Z
  Relative segment, address: 23EE - 23EE (0x1 bytes), align: 0
  Segment part 95.
           ENTRY                   ADDRESS         REF BY
           =====                   =======         ======
           g_upTimeOutFlag         23EE            ultrasonicTimeOfFlightMeasure (TDC-GP22)
    -------------------------------------------------------------------------
DATA20_Z
  Relative segment, address: 23EF - 23EF (0x1 bytes), align: 0
  Segment part 96.
           ENTRY                   ADDRESS         REF BY
           =====                   =======         ======
           g_downTimeOutFlag       23EF            ultrasonicTimeOfFlightMeasure (TDC-GP22)
    -------------------------------------------------------------------------
DATA20_Z
  Relative segment, address: 23F0 - 23F0 (0x1 bytes), align: 0
  Segment part 101.
           ENTRY                   ADDRESS         REF BY
           =====                   =======         ======
           g_valueOpenFlag         23F0            ultrasonicTimeOfFlightMeasure (TDC-GP22)
    -------------------------------------------------------------------------
DATA20_ID
  Relative segment, address: ADDA - ADDA (0x1 bytes), align: 0
  Segment part 21.            Intra module refs:   g_irReceiveByteOkFlag
    -------------------------------------------------------------------------
DATA20_ID
  Relative segment, address: ADDB - ADDB (0x1 bytes), align: 0
  Segment part 36.            Intra module refs:   g_displayState

    *************************************************************************

  FILE NAME : D:\GP224MHz_2Mhz\Debug\Obj\RS485.r43
  PROGRAM MODULE, NAME : RS485

  SEGMENTS IN THE MODULE
  ======================
DATA16_AN
  Relative segment, address: 0202 - 0203 (0x2 bytes), align: 0
  Segment part 1. ROOT        Intra module refs:   initRS485
           ENTRY                   ADDRESS         REF BY
           =====                   =======         ======
           _A_PAOUT_L              0202 
           LOCAL                   ADDRESS         
           =====                   =======         
           PAOUT                   0202 
           PAOUT_H                 0203 
           PAOUT_L                 0202 
    -------------------------------------------------------------------------
DATA16_AN
  Relative segment, address: 0680 - 0681 (0x2 bytes), align: 0
  Segment part 5. ROOT        Intra module refs:   initRS485
           ENTRY                   ADDRESS         REF BY
           =====                   =======         ======
           _A_UCA3CTLW0_L          0680 
           LOCAL                   ADDRESS         
           =====                   =======         
           UCA3CTLW0               0680 
           UCA3CTLW0_H             0681 
           UCA3CTLW0_L             0680 
    -------------------------------------------------------------------------
DATA16_AN
  Relative segment, address: 0686 - 0687 (0x2 bytes), align: 0
  Segment part 6. ROOT        Intra module refs:   initRS485
           ENTRY                   ADDRESS         REF BY
           =====                   =======         ======
           _A_UCA3BRW_L            0686 
           LOCAL                   ADDRESS         
           =====                   =======         
           UCA3BRW                 0686 
           UCA3BRW_H               0687 
           UCA3BRW_L               0686 
    -------------------------------------------------------------------------
DATA16_AN
  Relative segment, address: 0688 - 0688 (0x1 bytes), align: 0
  Segment part 7. ROOT        Intra module refs:   initRS485
           ENTRY                   ADDRESS         REF BY
           =====                   =======         ======
           UCA3MCTL                0688 
    -------------------------------------------------------------------------
DATA16_AN
  Relative segment, address: 068C - 068C (0x1 bytes), align: 0
  Segment part 8. ROOT        Intra module refs:   USCI_A3_ISR
           ENTRY                   ADDRESS         REF BY
           =====                   =======         ======
           UCA3RXBUF               068C 
    -------------------------------------------------------------------------
DATA16_AN
  Relative segment, address: 068E - 068E (0x1 bytes), align: 0
  Segment part 9. ROOT        Intra module refs:   Print_Byte
           ENTRY                   ADDRESS         REF BY
           =====                   =======         ======
           UCA3TXBUF               068E 
    -------------------------------------------------------------------------
DATA16_AN
  Relative segment, address: 069C - 069D (0x2 bytes), align: 0
  Segment part 10. ROOT       Intra module refs:   Print_Byte
                                                   USCI_A3_ISR
                                                   initRS485
           ENTRY                   ADDRESS         REF BY
           =====                   =======         ======
           _A_UCA3ICTL_L           069C 
           LOCAL                   ADDRESS         
           =====                   =======         
           UCA3ICTL                069C 
           UCA3ICTL_H              069D 
           UCA3ICTL_L              069C 
    -------------------------------------------------------------------------
<CODE> 1 (was CODE)
  Relative segment, address: A020 - A09B (0x7c bytes), align: 1
  Segment part 22.
           ENTRY                   ADDRESS         REF BY
           =====                   =======         ======
           initRS485               A020            main (main)
    -------------------------------------------------------------------------
<CODE> 1 (was CODE)
  Relative segment, address: AC9C - ACAB (0x10 bytes), align: 1
  Segment part 23.            Intra module refs:   Print_Information
                                                   Print_String
           ENTRY                   ADDRESS         REF BY
           =====                   =======         ======
           Print_Byte              AC9C 
    -------------------------------------------------------------------------
<CODE> 1 (was CODE)
  Relative segment, address: AB00 - AB15 (0x16 bytes), align: 1
  Segment part 24.            Intra module refs:   Print_Information
                                                   Print_Text1
           ENTRY                   ADDRESS         REF BY
           =====                   =======         ======
           Print_String            AB00 
               calls direct
    -------------------------------------------------------------------------
<CODE> 1 (was CODE)
  Relative segment, address: A784 - A7B1 (0x2e bytes), align: 1
  Segment part 25.            Intra module refs:   Print_Information
           ENTRY                   ADDRESS         REF BY
           =====                   =======         ======
           Print_Text1             A784 
               calls direct
    -------------------------------------------------------------------------
<CODE> 1 (was CODE)
  Relative segment, address: 90C0 - 9213 (0x154 bytes), align: 1
  Segment part 27.
           ENTRY                   ADDRESS         REF BY
           =====                   =======         ======
           Print_Information       90C0            ultrasonicTimeOfFlightMeasure (TDC-GP22)
               calls direct
    -------------------------------------------------------------------------
<CODE> 1 (was CODE)
  Relative segment, address: AD54 - AD55 (0x2 bytes), align: 1
  Segment part 30.            Intra module refs:   USCI_A3_ISR
           ENTRY                   ADDRESS         REF BY
           =====                   =======         ======
           doCj188Decode           AD54            USCI_A0_ISR (mbus)
    -------------------------------------------------------------------------
ISR_CODE
  Relative segment, address: 5CA4 - 5CB7 (0x14 bytes), align: 1
  Segment part 31.            Intra module refs:   USCI_A3_ISR::??INTVEC 88
           ENTRY                   ADDRESS         REF BY
           =====                   =======         ======
           USCI_A3_ISR             5CA4 
               interrupt function
               calls direct
    -------------------------------------------------------------------------
INTVEC
  Common segment, address: FF80 - FFD9 (0x5a bytes), align: 1
  Segment part 11. ROOT 
           ENTRY                   ADDRESS         REF BY
           =====                   =======         ======
           USCI_A3_ISR::??INTVEC 88
                                   FFD8 
    -------------------------------------------------------------------------
DATA20_C
  Relative segment, address: AD66 - AD6A (0x5 bytes), align: 0
  Segment part 13.            Intra module refs:   Print_Text1
    -------------------------------------------------------------------------
DATA20_C
  Relative segment, address: AD6B - AD76 (0xc bytes), align: 0
  Segment part 15.            Intra module refs:   Print_Information
    -------------------------------------------------------------------------
DATA20_C
  Relative segment, address: AD77 - AD78 (0x2 bytes), align: 0
  Segment part 16.            Intra module refs:   Print_Information
    -------------------------------------------------------------------------
DATA20_C
  Relative segment, address: AD79 - AD87 (0xf bytes), align: 0
  Segment part 17.            Intra module refs:   Print_Information
    -------------------------------------------------------------------------
DATA20_C
  Relative segment, address: AD88 - AD8B (0x4 bytes), align: 0
  Segment part 18.            Intra module refs:   Print_Information
    -------------------------------------------------------------------------
DATA20_C
  Relative segment, address: AD8C - AD95 (0xa bytes), align: 0
  Segment part 19.            Intra module refs:   Print_Information
    -------------------------------------------------------------------------
DATA20_C
  Relative segment, address: AD96 - AD98 (0x3 bytes), align: 0
  Segment part 20.            Intra module refs:   Print_Information
    -------------------------------------------------------------------------
DATA20_C
  Relative segment, address: AD99 - ADA1 (0x9 bytes), align: 0
  Segment part 21.            Intra module refs:   Print_Information

    *************************************************************************

  FILE NAME : D:\GP224MHz_2Mhz\Debug\Obj\rtc.r43
  PROGRAM MODULE, NAME : rtc

  SEGMENTS IN THE MODULE
  ======================
DATA16_AN
  Relative segment, address: 04A0 - 04A1 (0x2 bytes), align: 0
  Segment part 1. ROOT        Intra module refs:   rtcGetDateTimeBCD
           ENTRY                   ADDRESS         REF BY
           =====                   =======         ======
           _A_RTCCTL01_L           04A0 
           LOCAL                   ADDRESS         
           =====                   =======         
           RTCCTL01                04A0 
           RTCCTL01_H              04A1 
           RTCCTL01_L              04A0 
    -------------------------------------------------------------------------
DATA16_AN
  Relative segment, address: 04A8 - 04A9 (0x2 bytes), align: 0
  Segment part 2. ROOT 
           ENTRY                   ADDRESS         REF BY
           =====                   =======         ======
           _A_RTCPS0CTL_L          04A8 
           LOCAL                   ADDRESS         
           =====                   =======         
           RTCPS0CTL               04A8 
           RTCPS0CTL_H             04A9 
           RTCPS0CTL_L             04A8 
    -------------------------------------------------------------------------
DATA16_AN
  Relative segment, address: 04AA - 04AB (0x2 bytes), align: 0
  Segment part 3. ROOT 
           ENTRY                   ADDRESS         REF BY
           =====                   =======         ======
           _A_RTCPS1CTL_L          04AA 
           LOCAL                   ADDRESS         
           =====                   =======         
           RTCPS1CTL               04AA 
           RTCPS1CTL_H             04AB 
           RTCPS1CTL_L             04AA 
    -------------------------------------------------------------------------
DATA16_AN
  Relative segment, address: 04AE - 04AF (0x2 bytes), align: 0
  Segment part 4. ROOT        Intra module refs:   rtc
           ENTRY                   ADDRESS         REF BY
           =====                   =======         ======
           RTCIV                   04AE 
    -------------------------------------------------------------------------
DATA16_AN
  Relative segment, address: 04B0 - 04B1 (0x2 bytes), align: 0
  Segment part 5. ROOT        Intra module refs:   rtcGetDateTimeBCD
           ENTRY                   ADDRESS         REF BY
           =====                   =======         ======
           _A_RTCTIM0_L            04B0 
           LOCAL                   ADDRESS         
           =====                   =======         
           RTCTIM0                 04B0 
           RTCTIM0_H               04B1 
           RTCTIM0_L               04B0 
    -------------------------------------------------------------------------
DATA16_AN
  Relative segment, address: 04B2 - 04B3 (0x2 bytes), align: 0
  Segment part 6. ROOT        Intra module refs:   rtcGetDateTimeBCD
           ENTRY                   ADDRESS         REF BY
           =====                   =======         ======
           _A_RTCTIM1_L            04B2 
           LOCAL                   ADDRESS         
           =====                   =======         
           RTCTIM1                 04B2 
           RTCTIM1_H               04B3 
           RTCTIM1_L               04B2 
    -------------------------------------------------------------------------
DATA16_AN
  Relative segment, address: 04B4 - 04B5 (0x2 bytes), align: 0
  Segment part 7. ROOT        Intra module refs:   rtcGetDateTimeBCD
           ENTRY                   ADDRESS         REF BY
           =====                   =======         ======
           _A_RTCDATE_L            04B4 
           LOCAL                   ADDRESS         
           =====                   =======         
           RTCDATE                 04B4 
           RTCDATE_H               04B5 
           RTCDATE_L               04B4 
    -------------------------------------------------------------------------
DATA16_AN
  Relative segment, address: 04B6 - 04B7 (0x2 bytes), align: 0
  Segment part 8. ROOT        Intra module refs:   rtcGetDateTimeBCD
           ENTRY                   ADDRESS         REF BY
           =====                   =======         ======
           _A_RTCYEAR_L            04B6 
           LOCAL                   ADDRESS         
           =====                   =======         
           RTCYEAR                 04B6 
           RTCYEAR_H               04B7 
           RTCYEAR_L               04B6 
    -------------------------------------------------------------------------
DATA16_AN
  Relative segment, address: 04B8 - 04B9 (0x2 bytes), align: 0
  Segment part 9. ROOT 
           ENTRY                   ADDRESS         REF BY
           =====                   =======         ======
           _A_RTCAMINHR_L          04B8 
           LOCAL                   ADDRESS         
           =====                   =======         
           RTCAMINHR               04B8 
           RTCAMINHR_H             04B9 
           RTCAMINHR_L             04B8 
    -------------------------------------------------------------------------
DATA16_AN
  Relative segment, address: 04BA - 04BB (0x2 bytes), align: 0
  Segment part 10. ROOT 
           ENTRY                   ADDRESS         REF BY
           =====                   =======         ======
           _A_RTCADOWDAY_L         04BA 
           LOCAL                   ADDRESS         
           =====                   =======         
           RTCADOWDAY              04BA 
           RTCADOWDAY_H            04BB 
           RTCADOWDAY_L            04BA 
    -------------------------------------------------------------------------
<CODE> 1 (was CODE)
  Relative segment, address: A310 - A367 (0x58 bytes), align: 1
  Segment part 19.            Intra module refs:   rtc
           ENTRY                   ADDRESS         REF BY
           =====                   =======         ======
           rtcGetDateTimeBCD       A310 
    -------------------------------------------------------------------------
ISR_CODE
  Relative segment, address: 5CB8 - 5D2D (0x76 bytes), align: 1
  Segment part 22.            Intra module refs:   rtc::??INTVEC 82
           ENTRY                   ADDRESS         REF BY
           =====                   =======         ======
           rtc                     5CB8 
               interrupt function
               calls direct
    -------------------------------------------------------------------------
INTVEC
  Common segment, address: FF80 - FFD3 (0x54 bytes), align: 1
  Segment part 11. ROOT 
           ENTRY                   ADDRESS         REF BY
           =====                   =======         ======
           rtc::??INTVEC 82        FFD2 

    *************************************************************************

  FILE NAME : D:\GP224MHz_2Mhz\Debug\Obj\TDC-GP22.r43
  PROGRAM MODULE, NAME : TDC-GP22

  SEGMENTS IN THE MODULE
  ======================
DATA16_AN
  Relative segment, address: 0262 - 0263 (0x2 bytes), align: 0
  Segment part 5. ROOT        Intra module refs:   initSPI
           ENTRY                   ADDRESS         REF BY
           =====                   =======         ======
           _A_PDOUT_L              0262 
           LOCAL                   ADDRESS         
           =====                   =======         
           PDOUT                   0262 
           PDOUT_H                 0263 
           PDOUT_L                 0262 
    -------------------------------------------------------------------------
DATA16_AN
  Relative segment, address: 0264 - 0265 (0x2 bytes), align: 0
  Segment part 6. ROOT        Intra module refs:   initSPI
           ENTRY                   ADDRESS         REF BY
           =====                   =======         ======
           _A_PDDIR_L              0264 
           LOCAL                   ADDRESS         
           =====                   =======         
           PDDIR                   0264 
           PDDIR_H                 0265 
           PDDIR_L                 0264 
    -------------------------------------------------------------------------
DATA16_AN
  Relative segment, address: 0660 - 0661 (0x2 bytes), align: 0
[...]
           =====                   =======         ======
           ?Mul8Hw                 A94A            _LitobFull (?xprintffull)
    -------------------------------------------------------------------------
<CODE> 1 (was CODE)
  Relative segment, address: A94E - A969 (0x1c bytes), align: 1
  Segment part 1.             Intra module refs:   ?Mul8Hw
           ENTRY                   ADDRESS         REF BY
           =====                   =======         ======
           ?Mul16Hw                A94E 
           ?Mul16to32uHw           A94E 

    -------------------------------------------------------------------------
  LIBRARY MODULE, NAME : ?Mul16to32sHw

  SEGMENTS IN THE MODULE
  ======================
<CODE> 1 (was CODE)
  Relative segment, address: AA00 - AA1B (0x1c bytes), align: 1
  Segment part 0.
           ENTRY                   ADDRESS         REF BY
           =====                   =======         ======
           ?Mul16to32sHw           AA00            _LdtobFull (?xprintffull)

    -------------------------------------------------------------------------
  LIBRARY MODULE, NAME : ?round

  SEGMENTS IN THE MODULE
  ======================
<CODE> 1 (was CODE)
  Relative segment, address: A410 - A45D (0x4e bytes), align: 1
  Segment part 2.
           ENTRY                   ADDRESS         REF BY
           =====                   =======         ======
           round                   A410            ultrasonicTimeOfFlightMeasure (TDC-GP22)
               calls direct

    -------------------------------------------------------------------------
  LIBRARY MODULE, NAME : ?sprintf

  SEGMENTS IN THE MODULE
  ======================
<CODE> 1 (was CODE)
  Relative segment, address: A5B2 - A5ED (0x3c bytes), align: 1
  Segment part 2.
           ENTRY                   ADDRESS         REF BY
           =====                   =======         ======
           sprintf                 A5B2            Print_Text1 (RS485)
               calls direct

    -------------------------------------------------------------------------
  LIBRARY MODULE, NAME : ?strchr

  SEGMENTS IN THE MODULE
  ======================
<CODE> 1 (was CODE)
  Relative segment, address: ACBA - ACC7 (0xe bytes), align: 1
  Segment part 2.
           ENTRY                   ADDRESS         REF BY
           =====                   =======         ======
           __iar_Strchr            ACBA            _PrintfFull (?xprintffull)

    -------------------------------------------------------------------------
  LIBRARY MODULE, NAME : ?strlen

  SEGMENTS IN THE MODULE
  ======================
<CODE> 1 (was CODE)
  Relative segment, address: A98A - A9A9 (0x20 bytes), align: 1
  Segment part 2.
           ENTRY                   ADDRESS         REF BY
           =====                   =======         ======
           strlen                  A98A            _PrintfFull (?xprintffull)

    -------------------------------------------------------------------------
  LIBRARY MODULE, NAME : ?xdint

  SEGMENTS IN THE MODULE
  ======================
<CODE> 1 (was CODE)
  Relative segment, address: 9E86 - 9F0F (0x8a bytes), align: 1
  Segment part 2.
           ENTRY                   ADDRESS         REF BY
           =====                   =======         ======
           __iar_Dint              9E86            round (?round)

    -------------------------------------------------------------------------
  LIBRARY MODULE, NAME : ?xdscale

  SEGMENTS IN THE MODULE
  ======================
<CODE> 1 (was CODE)
  Relative segment, address: 9D66 - 9DF5 (0x90 bytes), align: 1
  Segment part 2.
           ENTRY                   ADDRESS         REF BY
           =====                   =======         ======
           __iar_Dscale            9D66            _LdtobFull (?xprintffull)

    -------------------------------------------------------------------------
  LIBRARY MODULE, NAME : ?xdunscal

  SEGMENTS IN THE MODULE
  ======================
<CODE> 1 (was CODE)
  Relative segment, address: A4AA - A4F1 (0x48 bytes), align: 1
  Segment part 2.
           ENTRY                   ADDRESS         REF BY
           =====                   =======         ======
           __iar_Dunscale          A4AA            _LdtobFull (?xprintffull)

    -------------------------------------------------------------------------
  LIBRARY MODULE, NAME : ?xprintffull

  SEGMENTS IN THE MODULE
  ======================
<CODE> 1 (was CODE)
  Relative segment, address: 82D8 - 8793 (0x4bc bytes), align: 1
  Segment part 26.
           ENTRY                   ADDRESS         REF BY
           =====                   =======         ======
           _PrintfFull             82D8            sprintf (?sprintf)
               calls direct
    -------------------------------------------------------------------------
<CODE> 1 (was CODE)
  Relative segment, address: ACAC - ACB9 (0xe bytes), align: 1
  Segment part 31.            Intra module refs:   _PrintfFull
    -------------------------------------------------------------------------
<CODE> 1 (was CODE)
  Relative segment, address: AC1E - AC23 (0x6 bytes), align: 1
  Segment part 32.            Intra module refs:   _PrintfFull
    -------------------------------------------------------------------------
<CODE> 1 (was CODE)
  Relative segment, address: AC24 - AC31 (0xe bytes), align: 1
  Segment part 33.            Intra module refs:   Segment part 32
                                                   _PrintfFull
    -------------------------------------------------------------------------
<CODE> 1 (was CODE)
  Relative segment, address: 68DC - 695B (0x80 bytes), align: 1
  Segment part 8.             Intra module refs:   _PrintfFull
           LOCAL                   ADDRESS         
           =====                   =======         
           LoadInt                 68DC 
    -------------------------------------------------------------------------
<CODE> 1 (was CODE)
  Relative segment, address: 695C - 696D (0x12 bytes), align: 1
  Segment part 9.             Intra module refs:   LoadInt
    -------------------------------------------------------------------------
<CODE> 1 (was CODE)
  Relative segment, address: 696E - 6BF3 (0x286 bytes), align: 1
  Segment part 10.            Intra module refs:   _LdtobFull
           LOCAL                   ADDRESS         
           =====                   =======         
           _GenldFull              696E 
               calls direct
    -------------------------------------------------------------------------
<CODE> 1 (was CODE)
  Relative segment, address: 6BF4 - 6C03 (0x10 bytes), align: 1
  Segment part 11.            Intra module refs:   _GenldFull
    -------------------------------------------------------------------------
<CODE> 1 (was CODE)
  Relative segment, address: 6C04 - 6C13 (0x10 bytes), align: 1
  Segment part 12.            Intra module refs:   _GenldFull
    -------------------------------------------------------------------------
<CODE> 1 (was CODE)
  Relative segment, address: 6C14 - 6C1F (0xc bytes), align: 1
  Segment part 13.            Intra module refs:   _GenldFull
    -------------------------------------------------------------------------
<CODE> 1 (was CODE)
  Relative segment, address: 6C20 - 6C33 (0x14 bytes), align: 1
  Segment part 14.            Intra module refs:   _GenldFull
    -------------------------------------------------------------------------
<CODE> 1 (was CODE)
  Relative segment, address: 6C34 - 6C45 (0x12 bytes), align: 1
  Segment part 15.            Intra module refs:   _GenldFull
    -------------------------------------------------------------------------
<CODE> 1 (was CODE)
  Relative segment, address: 6C46 - 6C69 (0x24 bytes), align: 1
  Segment part 16.            Intra module refs:   _GenldFull
    -------------------------------------------------------------------------
<CODE> 1 (was CODE)
  Relative segment, address: 6C6A - 6CAB (0x42 bytes), align: 1
  Segment part 17.            Intra module refs:   _LdtobFull
           LOCAL                   ADDRESS         
           =====                   =======         
           scale                   6C6A 
               calls direct
    -------------------------------------------------------------------------
<CODE> 1 (was CODE)
  Relative segment, address: 6CAC - 70BF (0x414 bytes), align: 1
  Segment part 18.            Intra module refs:   _PrintfFull
           LOCAL                   ADDRESS         
           =====                   =======         
           _LdtobFull              6CAC 
               calls direct
    -------------------------------------------------------------------------
<CODE> 1 (was CODE)
  Relative segment, address: 70C0 - 70C9 (0xa bytes), align: 1
  Segment part 19.            Intra module refs:   _LdtobFull
    -------------------------------------------------------------------------
<CODE> 1 (was CODE)
  Relative segment, address: 70CA - 70D7 (0xe bytes), align: 1
  Segment part 20.            Intra module refs:   _LdtobFull
    -------------------------------------------------------------------------
<CODE> 1 (was CODE)
  Relative segment, address: 70D8 - 70E1 (0xa bytes), align: 1
  Segment part 21.            Intra module refs:   _LdtobFull
    -------------------------------------------------------------------------
<CODE> 1 (was CODE)
  Relative segment, address: 70E2 - 70F1 (0x10 bytes), align: 1
  Segment part 22.            Intra module refs:   _LdtobFull
    -------------------------------------------------------------------------
<CODE> 1 (was CODE)
  Relative segment, address: 70F2 - 72C1 (0x1d0 bytes), align: 1
  Segment part 23.            Intra module refs:   _PrintfFull
           LOCAL                   ADDRESS         
           =====                   =======         
           _LitobFull              70F2 
               calls direct
    -------------------------------------------------------------------------
<CODE> 1 (was CODE)
  Relative segment, address: 72C2 - 72D3 (0x12 bytes), align: 1
  Segment part 24.            Intra module refs:   _LitobFull
    -------------------------------------------------------------------------
<CODE> 1 (was CODE)
  Relative segment, address: 72D4 - 72DD (0xa bytes), align: 1
  Segment part 25.            Intra module refs:   LoadInt
                                                   _LitobFull
                                                   _PrintfFull
    -------------------------------------------------------------------------
<CODE> 1 (was CODE)
  Relative segment, address: A726 - A755 (0x30 bytes), align: 1
  Segment part 36.            Intra module refs:   Segment part 33
           LOCAL                   ADDRESS         
           =====                   =======         
           pad                     A726 
               calls direct
    -------------------------------------------------------------------------
<CODE> 1 (was CODE)
  Relative segment, address: ACF2 - ACF5 (0x4 bytes), align: 1
  Segment part 27.            Intra module refs:   Segment part 35
    -------------------------------------------------------------------------
<CODE> 1 (was CODE)
  Relative segment, address: ACF6 - ACFD (0x8 bytes), align: 1
  Segment part 28.            Intra module refs:   Segment part 27
                                                   _LdtobFull
                                                   _PrintfFull
    -------------------------------------------------------------------------
<CODE> 1 (was CODE)
  Relative segment, address: A858 - A87B (0x24 bytes), align: 1
  Segment part 37.            Intra module refs:   _PrintfFull
                                                   _PutcharsFull
           LOCAL                   ADDRESS         
           =====                   =======         
           _PutcharFull            A858 
               calls indirect
    -------------------------------------------------------------------------
<CODE> 1 (was CODE)
  Relative segment, address: A832 - A857 (0x26 bytes), align: 1
  Segment part 38.            Intra module refs:   Segment part 31
                                                   pad
           LOCAL                   ADDRESS         
           =====                   =======         
           _PutcharsFull           A832 
               calls direct
    -------------------------------------------------------------------------
<CODE> 1 (was CODE)
  Relative segment, address: ACD6 - ACE3 (0xe bytes), align: 1
  Segment part 29.            Intra module refs:   _PrintfFull
    -------------------------------------------------------------------------
<CODE> 1 (was CODE)
  Relative segment, address: AC58 - AC69 (0x12 bytes), align: 1
  Segment part 30.            Intra module refs:   _PrintfFull
    -------------------------------------------------------------------------
<CODE> 1 (was CODE)
  Relative segment, address: ABF6 - AC09 (0x14 bytes), align: 1
  Segment part 34.            Intra module refs:   _PrintfFull
    -------------------------------------------------------------------------
<CODE> 1 (was CODE)
  Relative segment, address: A628 - A65F (0x38 bytes), align: 1
  Segment part 35.            Intra module refs:   _PrintfFull
    -------------------------------------------------------------------------
DATA20_C
  Relative segment, address: ADA2 - ADA8 (0x7 bytes), align: 0
  Segment part 2.             Intra module refs:   _PrintfFull
    -------------------------------------------------------------------------
DATA20_C
  Relative segment, address: ADA9 - ADAC (0x4 bytes), align: 0
  Segment part 3.             Intra module refs:   _LdtobFull
    -------------------------------------------------------------------------
DATA20_C
  Relative segment, address: ADAD - ADB0 (0x4 bytes), align: 0
  Segment part 4.             Intra module refs:   _LdtobFull
    -------------------------------------------------------------------------
DATA20_C
  Relative segment, address: ADB1 - ADB4 (0x4 bytes), align: 0
  Segment part 5.             Intra module refs:   _LdtobFull
    -------------------------------------------------------------------------
DATA20_C
  Relative segment, address: ADB5 - ADB8 (0x4 bytes), align: 0
  Segment part 6.             Intra module refs:   _LdtobFull
    -------------------------------------------------------------------------
DATA20_C
  Relative segment, address: ADB9 - ADBA (0x2 bytes), align: 0
  Segment part 7.             Intra module refs:   _GenldFull

    -------------------------------------------------------------------------
  LIBRARY MODULE, NAME : ?xsprout

  SEGMENTS IN THE MODULE
  ======================
<CODE> 1 (was CODE)
  Relative segment, address: ACE4 - ACF1 (0xe bytes), align: 1
  Segment part 2.
           ENTRY                   ADDRESS         REF BY
           =====                   =======         ======
           _SProut                 ACE4            sprintf (?sprintf)

    *************************************************************************

  FILE NAME : D:\Program Files (x86)\IAR Systems\Embedded Workbench 8.0\430\lib\MathLib\MSPMATHLIB_IAR_msp430_CPUX_large_code_large_data.lib



                ****************************************
                *                                      *
                *      SEGMENTS IN ADDRESS ORDER       *
                *                                      *
                ****************************************


SEGMENT              SPACE    START ADDRESS   END ADDRESS     SIZE  TYPE  ALIGN
=======              =====    =============   ===========     ====  ====  =====
DATA16_AN                              0102 - 0103               2   rel    0
                                       015C - 015D               2 
                                       0162 - 0165               4 
                                       0168 - 0169               2 
                                       016C - 016F               4 
                                       0200 - 0205               6 
                                       0218 - 021D               6 
                                       0222 - 0225               4 
                                       022A - 022B               2 
                                       0262 - 0265               4 
                                       026A - 026B               2 
                                       0282 - 0285               4 
                                       028A - 028B               2 
                                       02A2 - 02A5               4 
                                       0340 - 0343               4 
                                       0352 - 0353               2 
                                       0380 - 0383               4 
                                       0392 - 0393               2 
                                       03C0 - 03C5               6 
                                       03D2 - 03D5               4 
                                       04A0 - 04A1               2 
                                       04A8 - 04AB               4 
                                       04AE - 04BB               E 
                                       05C0 - 05C1               2 
                                       05C6 - 05C8               3 
                                       05CC - 05CC               1 
                                       05DC - 05DD               2 
                                       0660 - 0661               2 
                                       0666 - 0667               2 
                                       066C - 066C               1 
                                       066E - 066E               1 
                                       067C - 067D               2 
                                       0680 - 0681               2 
                                       0686 - 0688               3 
                                       068C - 068C               1 
                                       068E - 068E               1 
                                       069C - 069D               2 
                                       06A0 - 06A1               2 
                                       06A6 - 06A7               2 
                                       06AC - 06AC               1 
                                       06AE - 06AE               1 
                                       06BC - 06BD               2 
CODE_I                                    1C00                       rel    1
DATA20_I                               1C00 - 1C1F              20   rel    1
DATA20_Z                               1C20 - 2403             7E4   rel    1
DATA20_N                                  2404                       rel    1
CSTACK                                 5B60 - 5BFF              A0   rel    1
CSTART                                 5C00 - 5C2F              30   rel    1
ISR_CODE                               5C30 - 5ED7             2A8   rel    1
<CODE> 1                               5ED8 - AD59            4E82   rel    1
DATA20_C                               AD5A - ADBA              61   rel    1
DATA20_ID                              ADBC - ADDB              20   rel    1
CODE_ID                                   ADDC                       rel    1
INTVEC                                 FF80 - FFF9              7A   com    1
RESET                                  FFFE - FFFF               2   rel    1

                ****************************************
                *                                      *
                *        END OF CROSS REFERENCE        *
                *                                      *
                ****************************************

 20 950 bytes of CODE  memory
  2 212 bytes of DATA  memory (+ 123 absolute )
    129 bytes of CONST memory

Errors: none
Warnings: 1

